Feb 19 06:25:49 debianWebServer tripwire[55591]: Integrity Check Complete: /var/lib/tripwire/debianWebServer.twd TWReport debianWebServer 20190219062522 V:315 S:100 A:203 R:0 C:112
Feb 19 06:25:49 debianWebServer sendmail[55648]: x1JCPnJX055648: from=root, size=16795, class=0, nrcpts=1, msgid=<201902191225.x1JCPnJX055648@debianWebServer.aud507.local>, bodytype=8BITMIME, relay=root@localhost
Feb 19 06:25:49 debianWebServer sm-mta[55649]: x1JCPnHa055649: from=<root@debianWebServer.aud507.local>, size=17111, class=0, nrcpts=1, msgid=<201902191225.x1JCPnJX055648@debianWebServer.aud507.local>, bodytype=7BIT, proto=ESMTP, daemon=MTA-v4, relay=localhost [127.0.0.1]
Feb 19 06:25:49 debianWebServer sendmail[55648]: x1JCPnJX055648: to=root, ctladdr=root (0/0), delay=00:00:00, xdelay=00:00:00, mailer=relay, pri=46795, relay=[127.0.0.1] [127.0.0.1], dsn=2.0.0, stat=Sent (x1JCPnHa055649 Message accepted for delivery)
Feb 19 06:25:49 debianWebServer sm-mta[55650]: x1JCPnHa055649: to=<root@debianWebServer.aud507.local>, ctladdr=<root@debianWebServer.aud507.local> (0/0), delay=00:00:00, xdelay=00:00:00, mailer=local, pri=47359, dsn=2.0.0, stat=Sent
Feb 19 06:40:01 debianWebServer CRON[55658]: (smmsp) CMD (test -x /etc/init.d/sendmail && test -x /usr/share/sendmail/sendmail && test -x /usr/lib/sm.bin/sendmail && /usr/share/sendmail/sendmail cron-msp)
Feb 19 07:00:01 debianWebServer CRON[55687]: (smmsp) CMD (test -x /etc/init.d/sendmail && test -x /usr/share/sendmail/sendmail && test -x /usr/lib/sm.bin/sendmail && /usr/share/sendmail/sendmail cron-msp)
Feb 19 07:00:01 debianWebServer CRON[55688]: (root) CMD (   test -x /usr/sbin/tigercron && { [ -r "$DEFAULT" ] && . "$DEFAULT" ; nice -n$NICETIGER /usr/sbin/tigercron -q ; })
Feb 19 07:17:01 debianWebServer CRON[55827]: (root) CMD (   cd / && run-parts --report /etc/cron.hourly)
Feb 19 07:20:01 debianWebServer CRON[55830]: (smmsp) CMD (test -x /etc/init.d/sendmail && test -x /usr/share/sendmail/sendmail && test -x /usr/lib/sm.bin/sendmail && /usr/share/sendmail/sendmail cron-msp)
Feb 19 07:40:01 debianWebServer CRON[55858]: (smmsp) CMD (test -x /etc/init.d/sendmail && test -x /usr/share/sendmail/sendmail && test -x /usr/lib/sm.bin/sendmail && /usr/share/sendmail/sendmail cron-msp)
Feb 19 08:00:01 debianWebServer CRON[55887]: (root) CMD (   test -x /usr/sbin/tigercron && { [ -r "$DEFAULT" ] && . "$DEFAULT" ; nice -n$NICETIGER /usr/sbin/tigercron -q ; })
Feb 19 08:00:01 debianWebServer CRON[55888]: (smmsp) CMD (test -x /etc/init.d/sendmail && test -x /usr/share/sendmail/sendmail && test -x /usr/lib/sm.bin/sendmail && /usr/share/sendmail/sendmail cron-msp)
Feb 19 08:00:02 debianWebServer crontab[57372]: (root) LIST (nobody)
Feb 19 08:00:11 debianWebServer sendmail[58114]: x1JE0A2i058114: from=root, size=1430, class=0, nrcpts=1, msgid=<201902191400.x1JE0A2i058114@debianWebServer.aud507.local>, bodytype=8BITMIME, relay=root@localhost
Feb 19 08:00:11 debianWebServer sm-mta[58115]: x1JE0BW7058115: from=<root@debianWebServer.aud507.local>, size=1746, class=0, nrcpts=1, msgid=<201902191400.x1JE0A2i058114@debianWebServer.aud507.local>, bodytype=7BIT, proto=ESMTP, daemon=MTA-v4, relay=localhost [127.0.0.1]
Feb 19 08:00:11 debianWebServer sendmail[58114]: x1JE0A2i058114: to=root, ctladdr=root (0/0), delay=00:00:01, xdelay=00:00:00, mailer=relay, pri=31430, relay=[127.0.0.1] [127.0.0.1], dsn=2.0.0, stat=Sent (x1JE0BW7058115 Message accepted for delivery)
Feb 19 08:00:11 debianWebServer sm-mta[58116]: x1JE0BW7058115: to=<root@debianWebServer.aud507.local>, ctladdr=<root@debianWebServer.aud507.local> (0/0), delay=00:00:00, xdelay=00:00:00, mailer=local, pri=31992, dsn=2.0.0, stat=Sent
Feb 19 08:09:18 debianWebServer systemd[1]: Stopped target Sound Card.
Feb 19 08:09:40 debianWebServer systemd[1]: Starting Flush Journal to Persistent Storage...
Feb 19 08:09:40 debianWebServer systemd[1]: Started udev Kernel Device Manager.
Feb 19 08:09:40 debianWebServer keyboard-setup.sh[209]: cannot open file /tmp/tmpkbd.0MtYBA
Feb 19 08:09:40 debianWebServer systemd[1]: Started udev Coldplug all Devices.
Feb 19 08:09:40 debianWebServer systemd-udevd[254]: Process '/bin/sh -c 'echo 180 >/sys$DEVPATH/device/timeout'' failed with exit code 2.
Feb 19 08:09:40 debianWebServer systemd[1]: Started Flush Journal to Persistent Storage.
Feb 19 08:09:40 debianWebServer systemd[1]: Reached target Bluetooth.
Feb 19 08:09:40 debianWebServer systemd[1]: Listening on Load/Save RF Kill Switch Status /dev/rfkill Watch.
Feb 19 08:09:40 debianWebServer systemd[1]: Starting Load/Save RF Kill Switch Status...
Feb 19 08:09:40 debianWebServer systemd[1]: Started Load/Save RF Kill Switch Status.
Feb 19 08:09:40 debianWebServer systemd-udevd[249]: Process '/bin/sh -c 'echo 180 >/sys$DEVPATH/device/timeout'' failed with exit code 2.
Feb 19 08:09:40 debianWebServer systemd-udevd[245]: Process '/bin/sh -c 'echo 180 >/sys$DEVPATH/device/timeout'' failed with exit code 2.
Feb 19 08:09:40 debianWebServer systemd[1]: Found device VMware_Virtual_S 5.
Feb 19 08:09:40 debianWebServer systemd[1]: Activating swap /dev/disk/by-uuid/cfde795e-f43a-4aa2-bcff-6aa5f1d0f794...
Feb 19 08:09:40 debianWebServer systemd[1]: Activated swap /dev/disk/by-uuid/cfde795e-f43a-4aa2-bcff-6aa5f1d0f794.
Feb 19 08:09:40 debianWebServer systemd[1]: Reached target Swap.
Feb 19 08:09:40 debianWebServer systemd-udevd[252]: Process '/bin/sh -c 'echo 180 >/sys$DEVPATH/device/timeout'' failed with exit code 2.
Feb 19 08:09:40 debianWebServer systemd[1]: Started Set the console keyboard layout.
Feb 19 08:09:40 debianWebServer systemd[1]: Reached target Local File Systems (Pre).
Feb 19 08:09:40 debianWebServer systemd[1]: Reached target Local File Systems.
Feb 19 08:09:40 debianWebServer systemd[1]: Starting Raise network interfaces...
Feb 19 08:09:40 debianWebServer systemd[1]: Starting Create Volatile Files and Directories...
Feb 19 08:09:40 debianWebServer systemd[1]: Starting Set console font and keymap...
Feb 19 08:09:40 debianWebServer systemd[1]: Started Set console font and keymap.
Feb 19 08:09:40 debianWebServer systemd[1]: Started Create Volatile Files and Directories.
Feb 19 08:09:40 debianWebServer systemd[1]: Starting Update UTMP about System Boot/Shutdown...
Feb 19 08:09:40 debianWebServer systemd[1]: Starting Network Time Synchronization...
Feb 19 08:09:40 debianWebServer systemd[1]: Started Update UTMP about System Boot/Shutdown.
Feb 19 08:09:40 debianWebServer systemd[1]: Started Network Time Synchronization.
Feb 19 08:09:40 debianWebServer systemd[1]: Reached target System Time Synchronized.
Feb 19 08:09:40 debianWebServer systemd[1]: Reached target System Initialization.
Feb 19 08:09:40 debianWebServer systemd[1]: Started Daily Cleanup of Temporary Directories.
Feb 19 08:09:40 debianWebServer systemd[1]: Starting Docker Socket for the API.
Feb 19 08:09:40 debianWebServer systemd[1]: Listening on D-Bus System Message Bus Socket.
Feb 19 08:09:40 debianWebServer systemd[1]: apt-daily.timer: Adding 7h 55min 6.384246s random time.
Feb 19 08:09:40 debianWebServer systemd[1]: Started Daily apt download activities.
Feb 19 08:09:40 debianWebServer systemd[1]: apt-daily-upgrade.timer: Adding 8min 38.126043s random time.
Feb 19 08:09:40 debianWebServer systemd[1]: Started Daily apt upgrade and clean activities.
Feb 19 08:09:40 debianWebServer systemd[1]: Reached target Timers.
Feb 19 08:09:40 debianWebServer systemd[1]: Listening on Docker Socket for the API.
Feb 19 08:09:40 debianWebServer systemd[1]: Reached target Sockets.
Feb 19 08:09:40 debianWebServer systemd[1]: Reached target Basic System.
Feb 19 08:09:40 debianWebServer systemd[1]: Started D-Bus System Message Bus.
Feb 19 08:09:40 debianWebServer systemd[1]: Starting System Logging Service...
Feb 19 08:09:40 debianWebServer systemd[1]: Started Regular background program processing daemon.
Feb 19 08:09:40 debianWebServer systemd[1]: Started Authentication service for virtual machines hosted on VMware.
Feb 19 08:09:40 debianWebServer systemd[1]: Starting Login Service...
Feb 19 08:09:40 debianWebServer kernel: [    0.000000] Linux version 4.9.0-8-amd64 (debian-kernel@lists.debian.org) (gcc version 6.3.0 20170516 (Debian 6.3.0-18+deb9u1) ) #1 SMP Debian 4.9.110-3+deb9u6 (2018-10-08)
Feb 19 08:09:40 debianWebServer kernel: [    0.000000] Command line: BOOT_IMAGE=/boot/vmlinuz-4.9.0-8-amd64 root=UUID=3146a4a1-b5ec-46c3-bc76-db412f6e809f ro quiet
Feb 19 08:09:40 debianWebServer kernel: [    0.000000] Disabled fast string operations
Feb 19 08:09:40 debianWebServer kernel: [    0.000000] x86/fpu: Supporting XSAVE feature 0x001: 'x87 floating point registers'
Feb 19 08:09:40 debianWebServer kernel: [    0.000000] x86/fpu: Supporting XSAVE feature 0x002: 'SSE registers'
Feb 19 08:09:40 debianWebServer kernel: [    0.000000] x86/fpu: Supporting XSAVE feature 0x004: 'AVX registers'
Feb 19 08:09:40 debianWebServer kernel: [    0.000000] x86/fpu: Supporting XSAVE feature 0x008: 'MPX bounds registers'
Feb 19 08:09:40 debianWebServer kernel: [    0.000000] x86/fpu: Supporting XSAVE feature 0x010: 'MPX CSR'
Feb 19 08:09:40 debianWebServer kernel: [    0.000000] x86/fpu: xstate_offset[2]:  576, xstate_sizes[2]:  256
Feb 19 08:09:40 debianWebServer kernel: [    0.000000] x86/fpu: xstate_offset[3]:  832, xstate_sizes[3]:   64
Feb 19 08:09:40 debianWebServer kernel: [    0.000000] x86/fpu: xstate_offset[4]:  896, xstate_sizes[4]:   64
Feb 19 08:09:40 debianWebServer kernel: [    0.000000] x86/fpu: Enabled xstate features 0x1f, context size is 960 bytes, using 'compacted' format.
Feb 19 08:09:40 debianWebServer kernel: [    0.000000] e820: BIOS-provided physical RAM map:
Feb 19 08:09:40 debianWebServer kernel: [    0.000000] BIOS-e820: [mem 0x0000000000000000-0x000000000009ebff] usable
Feb 19 08:09:40 debianWebServer kernel: [    0.000000] BIOS-e820: [mem 0x000000000009ec00-0x000000000009ffff] reserved
Feb 19 08:09:40 debianWebServer kernel: [    0.000000] BIOS-e820: [mem 0x00000000000dc000-0x00000000000fffff] reserved
Feb 19 08:09:40 debianWebServer kernel: [    0.000000] BIOS-e820: [mem 0x0000000000100000-0x000000003fedffff] usable
Feb 19 08:09:40 debianWebServer kernel: [    0.000000] BIOS-e820: [mem 0x000000003fee0000-0x000000003fefefff] ACPI data
Feb 19 08:09:40 debianWebServer kernel: [    0.000000] BIOS-e820: [mem 0x000000003feff000-0x000000003fefffff] ACPI NVS
Feb 19 08:09:40 debianWebServer kernel: [    0.000000] BIOS-e820: [mem 0x000000003ff00000-0x000000003fffffff] usable
Feb 19 08:09:40 debianWebServer kernel: [    0.000000] BIOS-e820: [mem 0x00000000f0000000-0x00000000f7ffffff] reserved
Feb 19 08:09:40 debianWebServer kernel: [    0.000000] BIOS-e820: [mem 0x00000000fec00000-0x00000000fec0ffff] reserved
Feb 19 08:09:40 debianWebServer kernel: [    0.000000] BIOS-e820: [mem 0x00000000fee00000-0x00000000fee00fff] reserved
Feb 19 08:09:40 debianWebServer kernel: [    0.000000] BIOS-e820: [mem 0x00000000fffe0000-0x00000000ffffffff] reserved
Feb 19 08:09:40 debianWebServer kernel: [    0.000000] NX (Execute Disable) protection: active
Feb 19 08:09:40 debianWebServer kernel: [    0.000000] SMBIOS 2.7 present.
Feb 19 08:09:40 debianWebServer kernel: [    0.000000] DMI: VMware, Inc. VMware Virtual Platform/440BX Desktop Reference Platform, BIOS 6.00 05/19/2017
Feb 19 08:09:40 debianWebServer kernel: [    0.000000] Hypervisor detected: VMware
Feb 19 08:09:40 debianWebServer kernel: [    0.000000] Host bus clock speed read from hypervisor : 66000000 Hz
Feb 19 08:09:40 debianWebServer kernel: [    0.000000] e820: update [mem 0x00000000-0x00000fff] usable ==> reserved
Feb 19 08:09:40 debianWebServer kernel: [    0.000000] e820: remove [mem 0x000a0000-0x000fffff] usable
Feb 19 08:09:40 debianWebServer kernel: [    0.000000] e820: last_pfn = 0x40000 max_arch_pfn = 0x400000000
Feb 19 08:09:40 debianWebServer kernel: [    0.000000] MTRR default type: uncachable
Feb 19 08:09:40 debianWebServer kernel: [    0.000000] MTRR fixed ranges enabled:
Feb 19 08:09:40 debianWebServer kernel: [    0.000000]   00000-9FFFF write-back
Feb 19 08:09:40 debianWebServer kernel: [    0.000000]   A0000-BFFFF uncachable
Feb 19 08:09:40 debianWebServer kernel: [    0.000000]   C0000-CBFFF write-protect
Feb 19 08:09:40 debianWebServer kernel: [    0.000000]   CC000-EFFFF uncachable
Feb 19 08:09:40 debianWebServer kernel: [    0.000000]   F0000-FFFFF write-protect
Feb 19 08:09:40 debianWebServer kernel: [    0.000000] MTRR variable ranges enabled:
Feb 19 08:09:40 debianWebServer kernel: [    0.000000]   0 base 00000000000 mask 7FFC0000000 write-back
Feb 19 08:09:40 debianWebServer kernel: [    0.000000]   1 disabled
Feb 19 08:09:40 debianWebServer kernel: [    0.000000]   2 disabled
Feb 19 08:09:40 debianWebServer kernel: [    0.000000]   3 disabled
Feb 19 08:09:40 debianWebServer kernel: [    0.000000]   4 disabled
Feb 19 08:09:40 debianWebServer kernel: [    0.000000]   5 disabled
Feb 19 08:09:40 debianWebServer kernel: [    0.000000]   6 disabled
Feb 19 08:09:40 debianWebServer kernel: [    0.000000]   7 disabled
Feb 19 08:09:40 debianWebServer kernel: [    0.000000] x86/PAT: Configuration [0-7]: WB  WC  UC- UC  WB  WC  UC- WT  
Feb 19 08:09:40 debianWebServer kernel: [    0.000000] found SMP MP-table at [mem 0x000f6a80-0x000f6a8f] mapped at [ffff8b65800f6a80]
Feb 19 08:09:40 debianWebServer kernel: [    0.000000] Base memory trampoline at [ffff8b6580098000] 98000 size 24576
Feb 19 08:09:40 debianWebServer kernel: [    0.000000] Using GB pages for direct mapping
Feb 19 08:09:40 debianWebServer kernel: [    0.000000] BRK [0x03f3b000, 0x03f3bfff] PGTABLE
Feb 19 08:09:40 debianWebServer kernel: [    0.000000] BRK [0x03f3c000, 0x03f3cfff] PGTABLE
Feb 19 08:09:40 debianWebServer kernel: [    0.000000] BRK [0x03f3d000, 0x03f3dfff] PGTABLE
Feb 19 08:09:40 debianWebServer kernel: [    0.000000] BRK [0x03f3e000, 0x03f3efff] PGTABLE
Feb 19 08:09:40 debianWebServer kernel: [    0.000000] BRK [0x03f3f000, 0x03f3ffff] PGTABLE
Feb 19 08:09:40 debianWebServer kernel: [    0.000000] RAMDISK: [mem 0x35d3d000-0x36e95fff]
Feb 19 08:09:40 debianWebServer kernel: [    0.000000] ACPI: Early table checksum verification disabled
Feb 19 08:09:40 debianWebServer kernel: [    0.000000] ACPI: RSDP 0x00000000000F6A10 000024 (v02 PTLTD )
Feb 19 08:09:40 debianWebServer kernel: [    0.000000] ACPI: XSDT 0x000000003FEEB683 00005C (v01 INTEL  440BX    06040000 VMW  01324272)
Feb 19 08:09:40 debianWebServer kernel: [    0.000000] ACPI: FACP 0x000000003FEFEE73 0000F4 (v04 INTEL  440BX    06040000 PTL  000F4240)
Feb 19 08:09:40 debianWebServer kernel: [    0.000000] ACPI: DSDT 0x000000003FEEC923 012550 (v01 PTLTD  Custom   06040000 MSFT 03000001)
Feb 19 08:09:40 debianWebServer kernel: [    0.000000] ACPI: FACS 0x000000003FEFFFC0 000040
Feb 19 08:09:40 debianWebServer kernel: [    0.000000] ACPI: FACS 0x000000003FEFFFC0 000040
Feb 19 08:09:40 debianWebServer kernel: [    0.000000] ACPI: BOOT 0x000000003FEEC8FB 000028 (v01 PTLTD  $SBFTBL$ 06040000  LTP 00000001)
Feb 19 08:09:40 debianWebServer kernel: [    0.000000] ACPI: APIC 0x000000003FEEC1B9 000742 (v01 PTLTD  ? APIC   06040000  LTP 00000000)
Feb 19 08:09:40 debianWebServer kernel: [    0.000000] ACPI: MCFG 0x000000003FEEC17D 00003C (v01 PTLTD  $PCITBL$ 06040000  LTP 00000001)
Feb 19 08:09:40 debianWebServer kernel: [    0.000000] ACPI: SRAT 0x000000003FEEB77F 000880 (v02 VMWARE MEMPLUG  06040000 VMW  00000001)
Feb 19 08:09:40 debianWebServer kernel: [    0.000000] ACPI: HPET 0x000000003FEEB747 000038 (v01 VMWARE VMW HPET 06040000 VMW  00000001)
Feb 19 08:09:40 debianWebServer kernel: [    0.000000] ACPI: WAET 0x000000003FEEB71F 000028 (v01 VMWARE VMW WAET 06040000 VMW  00000001)
Feb 19 08:09:40 debianWebServer kernel: [    0.000000] ACPI: Local APIC address 0xfee00000
Feb 19 08:09:40 debianWebServer kernel: [    0.000000] system APIC only can use physical flat
Feb 19 08:09:40 debianWebServer kernel: [    0.000000] Setting APIC routing to physical flat.
Feb 19 08:09:40 debianWebServer kernel: [    0.000000] SRAT: PXM 0 -> APIC 0x00 -> Node 0
Feb 19 08:09:40 debianWebServer kernel: [    0.000000] SRAT: PXM 0 -> APIC 0x02 -> Node 0
Feb 19 08:09:40 debianWebServer kernel: [    0.000000] SRAT: PXM 0 -> APIC 0x04 -> Node 0
Feb 19 08:09:40 debianWebServer kernel: [    0.000000] SRAT: PXM 0 -> APIC 0x06 -> Node 0
Feb 19 08:09:40 debianWebServer kernel: [    0.000000] SRAT: PXM 0 -> APIC 0x08 -> Node 0
Feb 19 08:09:40 debianWebServer kernel: [    0.000000] SRAT: PXM 0 -> APIC 0x0a -> Node 0
Feb 19 08:09:40 debianWebServer kernel: [    0.000000] SRAT: PXM 0 -> APIC 0x0c -> Node 0
Feb 19 08:09:40 debianWebServer kernel: [    0.000000] SRAT: PXM 0 -> APIC 0x0e -> Node 0
Feb 19 08:09:40 debianWebServer kernel: [    0.000000] SRAT: PXM 0 -> APIC 0x10 -> Node 0
Feb 19 08:09:40 debianWebServer kernel: [    0.000000] SRAT: PXM 0 -> APIC 0x12 -> Node 0
Feb 19 08:09:40 debianWebServer kernel: [    0.000000] SRAT: PXM 0 -> APIC 0x14 -> Node 0
Feb 19 08:09:40 debianWebServer kernel: [    0.000000] SRAT: PXM 0 -> APIC 0x16 -> Node 0
Feb 19 08:09:40 debianWebServer kernel: [    0.000000] SRAT: PXM 0 -> APIC 0x18 -> Node 0
Feb 19 08:09:40 debianWebServer kernel: [    0.000000] SRAT: PXM 0 -> APIC 0x1a -> Node 0
Feb 19 08:09:40 debianWebServer kernel: [    0.000000] SRAT: PXM 0 -> APIC 0x1c -> Node 0
Feb 19 08:09:40 debianWebServer kernel: [    0.000000] SRAT: PXM 0 -> APIC 0x1e -> Node 0
Feb 19 08:09:40 debianWebServer kernel: [    0.000000] SRAT: PXM 0 -> APIC 0x20 -> Node 0
Feb 19 08:09:40 debianWebServer kernel: [    0.000000] SRAT: PXM 0 -> APIC 0x22 -> Node 0
Feb 19 08:09:40 debianWebServer kernel: [    0.000000] SRAT: PXM 0 -> APIC 0x24 -> Node 0
Feb 19 08:09:40 debianWebServer kernel: [    0.000000] SRAT: PXM 0 -> APIC 0x26 -> Node 0
Feb 19 08:09:40 debianWebServer kernel: [    0.000000] SRAT: PXM 0 -> APIC 0x28 -> Node 0
Feb 19 08:09:40 debianWebServer kernel: [    0.000000] SRAT: PXM 0 -> APIC 0x2a -> Node 0
Feb 19 08:09:40 debianWebServer kernel: [    0.000000] SRAT: PXM 0 -> APIC 0x2c -> Node 0
Feb 19 08:09:40 debianWebServer kernel: [    0.000000] SRAT: PXM 0 -> APIC 0x2e -> Node 0
Feb 19 08:09:40 debianWebServer kernel: [    0.000000] SRAT: PXM 0 -> APIC 0x30 -> Node 0
Feb 19 08:09:40 debianWebServer kernel: [    0.000000] SRAT: PXM 0 -> APIC 0x32 -> Node 0
Feb 19 08:09:40 debianWebServer kernel: [    0.000000] SRAT: PXM 0 -> APIC 0x34 -> Node 0
Feb 19 08:09:40 debianWebServer kernel: [    0.000000] SRAT: PXM 0 -> APIC 0x36 -> Node 0
Feb 19 08:09:40 debianWebServer kernel: [    0.000000] SRAT: PXM 0 -> APIC 0x38 -> Node 0
Feb 19 08:09:40 debianWebServer kernel: [    0.000000] SRAT: PXM 0 -> APIC 0x3a -> Node 0
Feb 19 08:09:40 debianWebServer kernel: [    0.000000] SRAT: PXM 0 -> APIC 0x3c -> Node 0
Feb 19 08:09:40 debianWebServer kernel: [    0.000000] SRAT: PXM 0 -> APIC 0x3e -> Node 0
Feb 19 08:09:40 debianWebServer kernel: [    0.000000] SRAT: PXM 0 -> APIC 0x40 -> Node 0
Feb 19 08:09:40 debianWebServer kernel: [    0.000000] SRAT: PXM 0 -> APIC 0x42 -> Node 0
Feb 19 08:09:40 debianWebServer kernel: [    0.000000] SRAT: PXM 0 -> APIC 0x44 -> Node 0
Feb 19 08:09:40 debianWebServer kernel: [    0.000000] SRAT: PXM 0 -> APIC 0x46 -> Node 0
Feb 19 08:09:40 debianWebServer kernel: [    0.000000] SRAT: PXM 0 -> APIC 0x48 -> Node 0
Feb 19 08:09:40 debianWebServer kernel: [    0.000000] SRAT: PXM 0 -> APIC 0x4a -> Node 0
Feb 19 08:09:40 debianWebServer kernel: [    0.000000] SRAT: PXM 0 -> APIC 0x4c -> Node 0
Feb 19 08:09:40 debianWebServer kernel: [    0.000000] SRAT: PXM 0 -> APIC 0x4e -> Node 0
Feb 19 08:09:40 debianWebServer kernel: [    0.000000] SRAT: PXM 0 -> APIC 0x50 -> Node 0
Feb 19 08:09:40 debianWebServer kernel: [    0.000000] SRAT: PXM 0 -> APIC 0x52 -> Node 0
Feb 19 08:09:40 debianWebServer kernel: [    0.000000] SRAT: PXM 0 -> APIC 0x54 -> Node 0
Feb 19 08:09:40 debianWebServer kernel: [    0.000000] SRAT: PXM 0 -> APIC 0x56 -> Node 0
Feb 19 08:09:40 debianWebServer kernel: [    0.000000] SRAT: PXM 0 -> APIC 0x58 -> Node 0
Feb 19 08:09:40 debianWebServer kernel: [    0.000000] SRAT: PXM 0 -> APIC 0x5a -> Node 0
Feb 19 08:09:40 debianWebServer kernel: [    0.000000] SRAT: PXM 0 -> APIC 0x5c -> Node 0
Feb 19 08:09:40 debianWebServer kernel: [    0.000000] SRAT: PXM 0 -> APIC 0x5e -> Node 0
Feb 19 08:09:40 debianWebServer kernel: [    0.000000] SRAT: PXM 0 -> APIC 0x60 -> Node 0
Feb 19 08:09:40 debianWebServer kernel: [    0.000000] SRAT: PXM 0 -> APIC 0x62 -> Node 0
Feb 19 08:09:40 debianWebServer kernel: [    0.000000] SRAT: PXM 0 -> APIC 0x64 -> Node 0
Feb 19 08:09:40 debianWebServer kernel: [    0.000000] SRAT: PXM 0 -> APIC 0x66 -> Node 0
Feb 19 08:09:40 debianWebServer kernel: [    0.000000] SRAT: PXM 0 -> APIC 0x68 -> Node 0
Feb 19 08:09:40 debianWebServer kernel: [    0.000000] SRAT: PXM 0 -> APIC 0x6a -> Node 0
Feb 19 08:09:40 debianWebServer kernel: [    0.000000] SRAT: PXM 0 -> APIC 0x6c -> Node 0
Feb 19 08:09:40 debianWebServer kernel: [    0.000000] SRAT: PXM 0 -> APIC 0x6e -> Node 0
Feb 19 08:09:40 debianWebServer kernel: [    0.000000] SRAT: PXM 0 -> APIC 0x70 -> Node 0
Feb 19 08:09:40 debianWebServer kernel: [    0.000000] SRAT: PXM 0 -> APIC 0x72 -> Node 0
Feb 19 08:09:40 debianWebServer kernel: [    0.000000] SRAT: PXM 0 -> APIC 0x74 -> Node 0
Feb 19 08:09:40 debianWebServer kernel: [    0.000000] SRAT: PXM 0 -> APIC 0x76 -> Node 0
Feb 19 08:09:40 debianWebServer kernel: [    0.000000] SRAT: PXM 0 -> APIC 0x78 -> Node 0
Feb 19 08:09:40 debianWebServer kernel: [    0.000000] SRAT: PXM 0 -> APIC 0x7a -> Node 0
Feb 19 08:09:40 debianWebServer kernel: [    0.000000] SRAT: PXM 0 -> APIC 0x7c -> Node 0
Feb 19 08:09:40 debianWebServer kernel: [    0.000000] SRAT: PXM 0 -> APIC 0x7e -> Node 0
Feb 19 08:09:40 debianWebServer kernel: [    0.000000] SRAT: PXM 0 -> APIC 0x80 -> Node 0
Feb 19 08:09:40 debianWebServer kernel: [    0.000000] SRAT: PXM 0 -> APIC 0x82 -> Node 0
Feb 19 08:09:40 debianWebServer kernel: [    0.000000] SRAT: PXM 0 -> APIC 0x84 -> Node 0
Feb 19 08:09:40 debianWebServer kernel: [    0.000000] SRAT: PXM 0 -> APIC 0x86 -> Node 0
Feb 19 08:09:40 debianWebServer kernel: [    0.000000] SRAT: PXM 0 -> APIC 0x88 -> Node 0
Feb 19 08:09:40 debianWebServer kernel: [    0.000000] SRAT: PXM 0 -> APIC 0x8a -> Node 0
Feb 19 08:09:40 debianWebServer kernel: [    0.000000] SRAT: PXM 0 -> APIC 0x8c -> Node 0
Feb 19 08:09:40 debianWebServer kernel: [    0.000000] SRAT: PXM 0 -> APIC 0x8e -> Node 0
Feb 19 08:09:40 debianWebServer kernel: [    0.000000] SRAT: PXM 0 -> APIC 0x90 -> Node 0
Feb 19 08:09:40 debianWebServer kernel: [    0.000000] SRAT: PXM 0 -> APIC 0x92 -> Node 0
Feb 19 08:09:40 debianWebServer kernel: [    0.000000] SRAT: PXM 0 -> APIC 0x94 -> Node 0
Feb 19 08:09:40 debianWebServer kernel: [    0.000000] SRAT: PXM 0 -> APIC 0x96 -> Node 0
Feb 19 08:09:40 debianWebServer kernel: [    0.000000] SRAT: PXM 0 -> APIC 0x98 -> Node 0
Feb 19 08:09:40 debianWebServer kernel: [    0.000000] SRAT: PXM 0 -> APIC 0x9a -> Node 0
Feb 19 08:09:40 debianWebServer kernel: [    0.000000] SRAT: PXM 0 -> APIC 0x9c -> Node 0
Feb 19 08:09:40 debianWebServer kernel: [    0.000000] SRAT: PXM 0 -> APIC 0x9e -> Node 0
Feb 19 08:09:40 debianWebServer kernel: [    0.000000] SRAT: PXM 0 -> APIC 0xa0 -> Node 0
Feb 19 08:09:40 debianWebServer kernel: [    0.000000] SRAT: PXM 0 -> APIC 0xa2 -> Node 0
Feb 19 08:09:40 debianWebServer kernel: [    0.000000] SRAT: PXM 0 -> APIC 0xa4 -> Node 0
Feb 19 08:09:40 debianWebServer kernel: [    0.000000] SRAT: PXM 0 -> APIC 0xa6 -> Node 0
Feb 19 08:09:40 debianWebServer kernel: [    0.000000] SRAT: PXM 0 -> APIC 0xa8 -> Node 0
Feb 19 08:09:40 debianWebServer kernel: [    0.000000] SRAT: PXM 0 -> APIC 0xaa -> Node 0
Feb 19 08:09:40 debianWebServer kernel: [    0.000000] SRAT: PXM 0 -> APIC 0xac -> Node 0
Feb 19 08:09:40 debianWebServer kernel: [    0.000000] SRAT: PXM 0 -> APIC 0xae -> Node 0
Feb 19 08:09:40 debianWebServer kernel: [    0.000000] SRAT: PXM 0 -> APIC 0xb0 -> Node 0
Feb 19 08:09:40 debianWebServer kernel: [    0.000000] SRAT: PXM 0 -> APIC 0xb2 -> Node 0
Feb 19 08:09:40 debianWebServer kernel: [    0.000000] SRAT: PXM 0 -> APIC 0xb4 -> Node 0
Feb 19 08:09:40 debianWebServer kernel: [    0.000000] SRAT: PXM 0 -> APIC 0xb6 -> Node 0
Feb 19 08:09:40 debianWebServer kernel: [    0.000000] SRAT: PXM 0 -> APIC 0xb8 -> Node 0
Feb 19 08:09:40 debianWebServer kernel: [    0.000000] SRAT: PXM 0 -> APIC 0xba -> Node 0
Feb 19 08:09:40 debianWebServer kernel: [    0.000000] SRAT: PXM 0 -> APIC 0xbc -> Node 0
Feb 19 08:09:40 debianWebServer kernel: [    0.000000] SRAT: PXM 0 -> APIC 0xbe -> Node 0
Feb 19 08:09:40 debianWebServer kernel: [    0.000000] SRAT: PXM 0 -> APIC 0xc0 -> Node 0
Feb 19 08:09:40 debianWebServer kernel: [    0.000000] SRAT: PXM 0 -> APIC 0xc2 -> Node 0
Feb 19 08:09:40 debianWebServer kernel: [    0.000000] SRAT: PXM 0 -> APIC 0xc4 -> Node 0
Feb 19 08:09:40 debianWebServer kernel: [    0.000000] SRAT: PXM 0 -> APIC 0xc6 -> Node 0
Feb 19 08:09:40 debianWebServer kernel: [    0.000000] SRAT: PXM 0 -> APIC 0xc8 -> Node 0
Feb 19 08:09:40 debianWebServer kernel: [    0.000000] SRAT: PXM 0 -> APIC 0xca -> Node 0
Feb 19 08:09:40 debianWebServer kernel: [    0.000000] SRAT: PXM 0 -> APIC 0xcc -> Node 0
Feb 19 08:09:40 debianWebServer kernel: [    0.000000] SRAT: PXM 0 -> APIC 0xce -> Node 0
Feb 19 08:09:40 debianWebServer kernel: [    0.000000] SRAT: PXM 0 -> APIC 0xd0 -> Node 0
Feb 19 08:09:40 debianWebServer kernel: [    0.000000] SRAT: PXM 0 -> APIC 0xd2 -> Node 0
Feb 19 08:09:40 debianWebServer kernel: [    0.000000] SRAT: PXM 0 -> APIC 0xd4 -> Node 0
Feb 19 08:09:40 debianWebServer kernel: [    0.000000] SRAT: PXM 0 -> APIC 0xd6 -> Node 0
Feb 19 08:09:40 debianWebServer kernel: [    0.000000] SRAT: PXM 0 -> APIC 0xd8 -> Node 0
Feb 19 08:09:40 debianWebServer kernel: [    0.000000] SRAT: PXM 0 -> APIC 0xda -> Node 0
Feb 19 08:09:40 debianWebServer kernel: [    0.000000] SRAT: PXM 0 -> APIC 0xdc -> Node 0
Feb 19 08:09:40 debianWebServer kernel: [    0.000000] SRAT: PXM 0 -> APIC 0xde -> Node 0
Feb 19 08:09:40 debianWebServer kernel: [    0.000000] SRAT: PXM 0 -> APIC 0xe0 -> Node 0
Feb 19 08:09:40 debianWebServer kernel: [    0.000000] SRAT: PXM 0 -> APIC 0xe2 -> Node 0
Feb 19 08:09:40 debianWebServer kernel: [    0.000000] SRAT: PXM 0 -> APIC 0xe4 -> Node 0
Feb 19 08:09:40 debianWebServer kernel: [    0.000000] SRAT: PXM 0 -> APIC 0xe6 -> Node 0
Feb 19 08:09:40 debianWebServer kernel: [    0.000000] SRAT: PXM 0 -> APIC 0xe8 -> Node 0
Feb 19 08:09:40 debianWebServer kernel: [    0.000000] SRAT: PXM 0 -> APIC 0xea -> Node 0
Feb 19 08:09:40 debianWebServer kernel: [    0.000000] SRAT: PXM 0 -> APIC 0xec -> Node 0
Feb 19 08:09:40 debianWebServer kernel: [    0.000000] SRAT: PXM 0 -> APIC 0xee -> Node 0
Feb 19 08:09:40 debianWebServer kernel: [    0.000000] SRAT: PXM 0 -> APIC 0xf0 -> Node 0
Feb 19 08:09:40 debianWebServer kernel: [    0.000000] SRAT: PXM 0 -> APIC 0xf2 -> Node 0
Feb 19 08:09:40 debianWebServer kernel: [    0.000000] SRAT: PXM 0 -> APIC 0xf4 -> Node 0
Feb 19 08:09:40 debianWebServer kernel: [    0.000000] SRAT: PXM 0 -> APIC 0xf6 -> Node 0
Feb 19 08:09:40 debianWebServer kernel: [    0.000000] SRAT: PXM 0 -> APIC 0xf8 -> Node 0
Feb 19 08:09:40 debianWebServer kernel: [    0.000000] SRAT: PXM 0 -> APIC 0xfa -> Node 0
Feb 19 08:09:40 debianWebServer kernel: [    0.000000] SRAT: PXM 0 -> APIC 0xfc -> Node 0
Feb 19 08:09:40 debianWebServer kernel: [    0.000000] SRAT: PXM 0 -> APIC 0xfe -> Node 0
Feb 19 08:09:40 debianWebServer kernel: [    0.000000] ACPI: SRAT: Node 0 PXM 0 [mem 0x00000000-0x0009ffff]
Feb 19 08:09:40 debianWebServer kernel: [    0.000000] ACPI: SRAT: Node 0 PXM 0 [mem 0x00100000-0x3fffffff]
Feb 19 08:09:40 debianWebServer kernel: [    0.000000] NUMA: Node 0 [mem 0x00000000-0x0009ffff] + [mem 0x00100000-0x3fffffff] -> [mem 0x00000000-0x3fffffff]
Feb 19 08:09:40 debianWebServer kernel: [    0.000000] NODE_DATA(0) allocated [mem 0x3fffb000-0x3fffffff]
Feb 19 08:09:40 debianWebServer kernel: [    0.000000] Zone ranges:
Feb 19 08:09:40 debianWebServer kernel: [    0.000000]   DMA      [mem 0x0000000000001000-0x0000000000ffffff]
Feb 19 08:09:40 debianWebServer kernel: [    0.000000]   DMA32    [mem 0x0000000001000000-0x000000003fffffff]
Feb 19 08:09:40 debianWebServer kernel: [    0.000000]   Normal   empty
Feb 19 08:09:40 debianWebServer kernel: [    0.000000]   Device   empty
Feb 19 08:09:40 debianWebServer kernel: [    0.000000] Movable zone start for each node
Feb 19 08:09:40 debianWebServer kernel: [    0.000000] Early memory node ranges
Feb 19 08:09:40 debianWebServer kernel: [    0.000000]   node   0: [mem 0x0000000000001000-0x000000000009dfff]
Feb 19 08:09:40 debianWebServer kernel: [    0.000000]   node   0: [mem 0x0000000000100000-0x000000003fedffff]
Feb 19 08:09:40 debianWebServer kernel: [    0.000000]   node   0: [mem 0x000000003ff00000-0x000000003fffffff]
Feb 19 08:09:40 debianWebServer kernel: [    0.000000] Initmem setup node 0 [mem 0x0000000000001000-0x000000003fffffff]
Feb 19 08:09:40 debianWebServer kernel: [    0.000000] On node 0 totalpages: 262013
Feb 19 08:09:40 debianWebServer kernel: [    0.000000]   DMA zone: 64 pages used for memmap
Feb 19 08:09:40 debianWebServer kernel: [    0.000000]   DMA zone: 21 pages reserved
Feb 19 08:09:40 debianWebServer kernel: [    0.000000]   DMA zone: 3997 pages, LIFO batch:0
Feb 19 08:09:40 debianWebServer kernel: [    0.000000]   DMA32 zone: 4032 pages used for memmap
Feb 19 08:09:40 debianWebServer kernel: [    0.000000]   DMA32 zone: 258016 pages, LIFO batch:31
Feb 19 08:09:40 debianWebServer kernel: [    0.000000] ACPI: PM-Timer IO Port: 0x1008
Feb 19 08:09:40 debianWebServer kernel: [    0.000000] ACPI: Local APIC address 0xfee00000
Feb 19 08:09:40 debianWebServer kernel: [    0.000000] system APIC only can use physical flat
Feb 19 08:09:40 debianWebServer kernel: [    0.000000] ACPI: LAPIC_NMI (acpi_id[0x00] high edge lint[0x1])
Feb 19 08:09:40 debianWebServer kernel: [    0.000000] ACPI: LAPIC_NMI (acpi_id[0x01] high edge lint[0x1])
Feb 19 08:09:40 debianWebServer kernel: [    0.000000] ACPI: LAPIC_NMI (acpi_id[0x02] high edge lint[0x1])
Feb 19 08:09:40 debianWebServer kernel: [    0.000000] ACPI: LAPIC_NMI (acpi_id[0x03] high edge lint[0x1])
Feb 19 08:09:40 debianWebServer kernel: [    0.000000] ACPI: LAPIC_NMI (acpi_id[0x04] high edge lint[0x1])
Feb 19 08:09:40 debianWebServer kernel: [    0.000000] ACPI: LAPIC_NMI (acpi_id[0x05] high edge lint[0x1])
Feb 19 08:09:40 debianWebServer kernel: [    0.000000] ACPI: LAPIC_NMI (acpi_id[0x06] high edge lint[0x1])
Feb 19 08:09:40 debianWebServer kernel: [    0.000000] ACPI: LAPIC_NMI (acpi_id[0x07] high edge lint[0x1])
Feb 19 08:09:40 debianWebServer kernel: [    0.000000] ACPI: LAPIC_NMI (acpi_id[0x08] high edge lint[0x1])
Feb 19 08:09:40 debianWebServer kernel: [    0.000000] ACPI: LAPIC_NMI (acpi_id[0x09] high edge lint[0x1])
Feb 19 08:09:40 debianWebServer kernel: [    0.000000] ACPI: LAPIC_NMI (acpi_id[0x0a] high edge lint[0x1])
Feb 19 08:09:40 debianWebServer kernel: [    0.000000] ACPI: LAPIC_NMI (acpi_id[0x0b] high edge lint[0x1])
Feb 19 08:09:40 debianWebServer kernel: [    0.000000] ACPI: LAPIC_NMI (acpi_id[0x0c] high edge lint[0x1])
Feb 19 08:09:40 debianWebServer kernel: [    0.000000] ACPI: LAPIC_NMI (acpi_id[0x0d] high edge lint[0x1])
Feb 19 08:09:40 debianWebServer kernel: [    0.000000] ACPI: LAPIC_NMI (acpi_id[0x0e] high edge lint[0x1])
Feb 19 08:09:40 debianWebServer kernel: [    0.000000] ACPI: LAPIC_NMI (acpi_id[0x0f] high edge lint[0x1])
Feb 19 08:09:40 debianWebServer kernel: [    0.000000] ACPI: LAPIC_NMI (acpi_id[0x10] high edge lint[0x1])
Feb 19 08:09:40 debianWebServer kernel: [    0.000000] ACPI: LAPIC_NMI (acpi_id[0x11] high edge lint[0x1])
Feb 19 08:09:40 debianWebServer kernel: [    0.000000] ACPI: LAPIC_NMI (acpi_id[0x12] high edge lint[0x1])
Feb 19 08:09:40 debianWebServer kernel: [    0.000000] ACPI: LAPIC_NMI (acpi_id[0x13] high edge lint[0x1])
Feb 19 08:09:40 debianWebServer kernel: [    0.000000] ACPI: LAPIC_NMI (acpi_id[0x14] high edge lint[0x1])
Feb 19 08:09:40 debianWebServer kernel: [    0.000000] ACPI: LAPIC_NMI (acpi_id[0x15] high edge lint[0x1])
Feb 19 08:09:40 debianWebServer kernel: [    0.000000] ACPI: LAPIC_NMI (acpi_id[0x16] high edge lint[0x1])
Feb 19 08:09:40 debianWebServer kernel: [    0.000000] ACPI: LAPIC_NMI (acpi_id[0x17] high edge lint[0x1])
Feb 19 08:09:40 debianWebServer kernel: [    0.000000] ACPI: LAPIC_NMI (acpi_id[0x18] high edge lint[0x1])
Feb 19 08:09:40 debianWebServer kernel: [    0.000000] ACPI: LAPIC_NMI (acpi_id[0x19] high edge lint[0x1])
Feb 19 08:09:40 debianWebServer kernel: [    0.000000] ACPI: LAPIC_NMI (acpi_id[0x1a] high edge lint[0x1])
Feb 19 08:09:40 debianWebServer kernel: [    0.000000] ACPI: LAPIC_NMI (acpi_id[0x1b] high edge lint[0x1])
Feb 19 08:09:40 debianWebServer kernel: [    0.000000] ACPI: LAPIC_NMI (acpi_id[0x1c] high edge lint[0x1])
Feb 19 08:09:40 debianWebServer kernel: [    0.000000] ACPI: LAPIC_NMI (acpi_id[0x1d] high edge lint[0x1])
Feb 19 08:09:40 debianWebServer kernel: [    0.000000] ACPI: LAPIC_NMI (acpi_id[0x1e] high edge lint[0x1])
Feb 19 08:09:40 debianWebServer kernel: [    0.000000] ACPI: LAPIC_NMI (acpi_id[0x1f] high edge lint[0x1])
Feb 19 08:09:40 debianWebServer kernel: [    0.000000] ACPI: LAPIC_NMI (acpi_id[0x20] high edge lint[0x1])
Feb 19 08:09:40 debianWebServer kernel: [    0.000000] ACPI: LAPIC_NMI (acpi_id[0x21] high edge lint[0x1])
Feb 19 08:09:40 debianWebServer kernel: [    0.000000] ACPI: LAPIC_NMI (acpi_id[0x22] high edge lint[0x1])
Feb 19 08:09:40 debianWebServer kernel: [    0.000000] ACPI: LAPIC_NMI (acpi_id[0x23] high edge lint[0x1])
Feb 19 08:09:40 debianWebServer kernel: [    0.000000] ACPI: LAPIC_NMI (acpi_id[0x24] high edge lint[0x1])
Feb 19 08:09:40 debianWebServer kernel: [    0.000000] ACPI: LAPIC_NMI (acpi_id[0x25] high edge lint[0x1])
Feb 19 08:09:40 debianWebServer kernel: [    0.000000] ACPI: LAPIC_NMI (acpi_id[0x26] high edge lint[0x1])
Feb 19 08:09:40 debianWebServer kernel: [    0.000000] ACPI: LAPIC_NMI (acpi_id[0x27] high edge lint[0x1])
Feb 19 08:09:40 debianWebServer kernel: [    0.000000] ACPI: LAPIC_NMI (acpi_id[0x28] high edge lint[0x1])
Feb 19 08:09:40 debianWebServer kernel: [    0.000000] ACPI: LAPIC_NMI (acpi_id[0x29] high edge lint[0x1])
Feb 19 08:09:40 debianWebServer kernel: [    0.000000] ACPI: LAPIC_NMI (acpi_id[0x2a] high edge lint[0x1])
Feb 19 08:09:40 debianWebServer kernel: [    0.000000] ACPI: LAPIC_NMI (acpi_id[0x2b] high edge lint[0x1])
Feb 19 08:09:40 debianWebServer kernel: [    0.000000] ACPI: LAPIC_NMI (acpi_id[0x2c] high edge lint[0x1])
Feb 19 08:09:40 debianWebServer kernel: [    0.000000] ACPI: LAPIC_NMI (acpi_id[0x2d] high edge lint[0x1])
Feb 19 08:09:40 debianWebServer kernel: [    0.000000] ACPI: LAPIC_NMI (acpi_id[0x2e] high edge lint[0x1])
Feb 19 08:09:40 debianWebServer kernel: [    0.000000] ACPI: LAPIC_NMI (acpi_id[0x2f] high edge lint[0x1])
Feb 19 08:09:40 debianWebServer kernel: [    0.000000] ACPI: LAPIC_NMI (acpi_id[0x30] high edge lint[0x1])
Feb 19 08:09:40 debianWebServer kernel: [    0.000000] ACPI: LAPIC_NMI (acpi_id[0x31] high edge lint[0x1])
Feb 19 08:09:40 debianWebServer kernel: [    0.000000] ACPI: LAPIC_NMI (acpi_id[0x32] high edge lint[0x1])
Feb 19 08:09:40 debianWebServer kernel: [    0.000000] ACPI: LAPIC_NMI (acpi_id[0x33] high edge lint[0x1])
Feb 19 08:09:40 debianWebServer kernel: [    0.000000] ACPI: LAPIC_NMI (acpi_id[0x34] high edge lint[0x1])
Feb 19 08:09:40 debianWebServer kernel: [    0.000000] ACPI: LAPIC_NMI (acpi_id[0x35] high edge lint[0x1])
Feb 19 08:09:40 debianWebServer kernel: [    0.000000] ACPI: LAPIC_NMI (acpi_id[0x36] high edge lint[0x1])
Feb 19 08:09:40 debianWebServer kernel: [    0.000000] ACPI: LAPIC_NMI (acpi_id[0x37] high edge lint[0x1])
Feb 19 08:09:40 debianWebServer kernel: [    0.000000] ACPI: LAPIC_NMI (acpi_id[0x38] high edge lint[0x1])
Feb 19 08:09:40 debianWebServer kernel: [    0.000000] ACPI: LAPIC_NMI (acpi_id[0x39] high edge lint[0x1])
Feb 19 08:09:40 debianWebServer kernel: [    0.000000] ACPI: LAPIC_NMI (acpi_id[0x3a] high edge lint[0x1])
Feb 19 08:09:40 debianWebServer kernel: [    0.000000] ACPI: LAPIC_NMI (acpi_id[0x3b] high edge lint[0x1])
Feb 19 08:09:40 debianWebServer kernel: [    0.000000] ACPI: LAPIC_NMI (acpi_id[0x3c] high edge lint[0x1])
Feb 19 08:09:40 debianWebServer kernel: [    0.000000] ACPI: LAPIC_NMI (acpi_id[0x3d] high edge lint[0x1])
Feb 19 08:09:40 debianWebServer kernel: [    0.000000] ACPI: LAPIC_NMI (acpi_id[0x3e] high edge lint[0x1])
Feb 19 08:09:40 debianWebServer kernel: [    0.000000] ACPI: LAPIC_NMI (acpi_id[0x3f] high edge lint[0x1])
Feb 19 08:09:40 debianWebServer kernel: [    0.000000] ACPI: LAPIC_NMI (acpi_id[0x40] high edge lint[0x1])
Feb 19 08:09:40 debianWebServer kernel: [    0.000000] ACPI: LAPIC_NMI (acpi_id[0x41] high edge lint[0x1])
Feb 19 08:09:40 debianWebServer kernel: [    0.000000] ACPI: LAPIC_NMI (acpi_id[0x42] high edge lint[0x1])
Feb 19 08:09:40 debianWebServer kernel: [    0.000000] ACPI: LAPIC_NMI (acpi_id[0x43] high edge lint[0x1])
Feb 19 08:09:40 debianWebServer kernel: [    0.000000] ACPI: LAPIC_NMI (acpi_id[0x44] high edge lint[0x1])
Feb 19 08:09:40 debianWebServer kernel: [    0.000000] ACPI: LAPIC_NMI (acpi_id[0x45] high edge lint[0x1])
Feb 19 08:09:40 debianWebServer kernel: [    0.000000] ACPI: LAPIC_NMI (acpi_id[0x46] high edge lint[0x1])
Feb 19 08:09:40 debianWebServer kernel: [    0.000000] ACPI: LAPIC_NMI (acpi_id[0x47] high edge lint[0x1])
Feb 19 08:09:40 debianWebServer kernel: [    0.000000] ACPI: LAPIC_NMI (acpi_id[0x48] high edge lint[0x1])
Feb 19 08:09:40 debianWebServer kernel: [    0.000000] ACPI: LAPIC_NMI (acpi_id[0x49] high edge lint[0x1])
Feb 19 08:09:40 debianWebServer kernel: [    0.000000] ACPI: LAPIC_NMI (acpi_id[0x4a] high edge lint[0x1])
Feb 19 08:09:40 debianWebServer kernel: [    0.000000] ACPI: LAPIC_NMI (acpi_id[0x4b] high edge lint[0x1])
Feb 19 08:09:40 debianWebServer kernel: [    0.000000] ACPI: LAPIC_NMI (acpi_id[0x4c] high edge lint[0x1])
Feb 19 08:09:40 debianWebServer kernel: [    0.000000] ACPI: LAPIC_NMI (acpi_id[0x4d] high edge lint[0x1])
Feb 19 08:09:40 debianWebServer kernel: [    0.000000] ACPI: LAPIC_NMI (acpi_id[0x4e] high edge lint[0x1])
Feb 19 08:09:40 debianWebServer kernel: [    0.000000] ACPI: LAPIC_NMI (acpi_id[0x4f] high edge lint[0x1])
Feb 19 08:09:40 debianWebServer kernel: [    0.000000] ACPI: LAPIC_NMI (acpi_id[0x50] high edge lint[0x1])
Feb 19 08:09:40 debianWebServer kernel: [    0.000000] ACPI: LAPIC_NMI (acpi_id[0x51] high edge lint[0x1])
Feb 19 08:09:40 debianWebServer kernel: [    0.000000] ACPI: LAPIC_NMI (acpi_id[0x52] high edge lint[0x1])
Feb 19 08:09:40 debianWebServer kernel: [    0.000000] ACPI: LAPIC_NMI (acpi_id[0x53] high edge lint[0x1])
Feb 19 08:09:40 debianWebServer kernel: [    0.000000] ACPI: LAPIC_NMI (acpi_id[0x54] high edge lint[0x1])
Feb 19 08:09:40 debianWebServer kernel: [    0.000000] ACPI: LAPIC_NMI (acpi_id[0x55] high edge lint[0x1])
Feb 19 08:09:40 debianWebServer kernel: [    0.000000] ACPI: LAPIC_NMI (acpi_id[0x56] high edge lint[0x1])
Feb 19 08:09:40 debianWebServer kernel: [    0.000000] ACPI: LAPIC_NMI (acpi_id[0x57] high edge lint[0x1])
Feb 19 08:09:40 debianWebServer kernel: [    0.000000] ACPI: LAPIC_NMI (acpi_id[0x58] high edge lint[0x1])
Feb 19 08:09:40 debianWebServer kernel: [    0.000000] ACPI: LAPIC_NMI (acpi_id[0x59] high edge lint[0x1])
Feb 19 08:09:40 debianWebServer kernel: [    0.000000] ACPI: LAPIC_NMI (acpi_id[0x5a] high edge lint[0x1])
Feb 19 08:09:40 debianWebServer kernel: [    0.000000] ACPI: LAPIC_NMI (acpi_id[0x5b] high edge lint[0x1])
Feb 19 08:09:40 debianWebServer kernel: [    0.000000] ACPI: LAPIC_NMI (acpi_id[0x5c] high edge lint[0x1])
Feb 19 08:09:40 debianWebServer kernel: [    0.000000] ACPI: LAPIC_NMI (acpi_id[0x5d] high edge lint[0x1])
Feb 19 08:09:40 debianWebServer kernel: [    0.000000] ACPI: LAPIC_NMI (acpi_id[0x5e] high edge lint[0x1])
Feb 19 08:09:40 debianWebServer kernel: [    0.000000] ACPI: LAPIC_NMI (acpi_id[0x5f] high edge lint[0x1])
Feb 19 08:09:40 debianWebServer kernel: [    0.000000] ACPI: LAPIC_NMI (acpi_id[0x60] high edge lint[0x1])
Feb 19 08:09:40 debianWebServer kernel: [    0.000000] ACPI: LAPIC_NMI (acpi_id[0x61] high edge lint[0x1])
Feb 19 08:09:40 debianWebServer kernel: [    0.000000] ACPI: LAPIC_NMI (acpi_id[0x62] high edge lint[0x1])
Feb 19 08:09:40 debianWebServer kernel: [    0.000000] ACPI: LAPIC_NMI (acpi_id[0x63] high edge lint[0x1])
Feb 19 08:09:40 debianWebServer kernel: [    0.000000] ACPI: LAPIC_NMI (acpi_id[0x64] high edge lint[0x1])
Feb 19 08:09:40 debianWebServer kernel: [    0.000000] ACPI: LAPIC_NMI (acpi_id[0x65] high edge lint[0x1])
Feb 19 08:09:40 debianWebServer kernel: [    0.000000] ACPI: LAPIC_NMI (acpi_id[0x66] high edge lint[0x1])
Feb 19 08:09:40 debianWebServer kernel: [    0.000000] ACPI: LAPIC_NMI (acpi_id[0x67] high edge lint[0x1])
Feb 19 08:09:40 debianWebServer kernel: [    0.000000] ACPI: LAPIC_NMI (acpi_id[0x68] high edge lint[0x1])
Feb 19 08:09:40 debianWebServer kernel: [    0.000000] ACPI: LAPIC_NMI (acpi_id[0x69] high edge lint[0x1])
Feb 19 08:09:40 debianWebServer kernel: [    0.000000] ACPI: LAPIC_NMI (acpi_id[0x6a] high edge lint[0x1])
Feb 19 08:09:40 debianWebServer kernel: [    0.000000] ACPI: LAPIC_NMI (acpi_id[0x6b] high edge lint[0x1])
Feb 19 08:09:40 debianWebServer kernel: [    0.000000] ACPI: LAPIC_NMI (acpi_id[0x6c] high edge lint[0x1])
Feb 19 08:09:40 debianWebServer kernel: [    0.000000] ACPI: LAPIC_NMI (acpi_id[0x6d] high edge lint[0x1])
Feb 19 08:09:40 debianWebServer kernel: [    0.000000] ACPI: LAPIC_NMI (acpi_id[0x6e] high edge lint[0x1])
Feb 19 08:09:40 debianWebServer kernel: [    0.000000] ACPI: LAPIC_NMI (acpi_id[0x6f] high edge lint[0x1])
Feb 19 08:09:40 debianWebServer kernel: [    0.000000] ACPI: LAPIC_NMI (acpi_id[0x70] high edge lint[0x1])
Feb 19 08:09:40 debianWebServer kernel: [    0.000000] ACPI: LAPIC_NMI (acpi_id[0x71] high edge lint[0x1])
Feb 19 08:09:40 debianWebServer kernel: [    0.000000] ACPI: LAPIC_NMI (acpi_id[0x72] high edge lint[0x1])
Feb 19 08:09:40 debianWebServer kernel: [    0.000000] ACPI: LAPIC_NMI (acpi_id[0x73] high edge lint[0x1])
Feb 19 08:09:40 debianWebServer kernel: [    0.000000] ACPI: LAPIC_NMI (acpi_id[0x74] high edge lint[0x1])
Feb 19 08:09:40 debianWebServer kernel: [    0.000000] ACPI: LAPIC_NMI (acpi_id[0x75] high edge lint[0x1])
Feb 19 08:09:40 debianWebServer kernel: [    0.000000] ACPI: LAPIC_NMI (acpi_id[0x76] high edge lint[0x1])
Feb 19 08:09:40 debianWebServer kernel: [    0.000000] ACPI: LAPIC_NMI (acpi_id[0x77] high edge lint[0x1])
Feb 19 08:09:40 debianWebServer kernel: [    0.000000] ACPI: LAPIC_NMI (acpi_id[0x78] high edge lint[0x1])
Feb 19 08:09:40 debianWebServer kernel: [    0.000000] ACPI: LAPIC_NMI (acpi_id[0x79] high edge lint[0x1])
Feb 19 08:09:40 debianWebServer kernel: [    0.000000] ACPI: LAPIC_NMI (acpi_id[0x7a] high edge lint[0x1])
Feb 19 08:09:40 debianWebServer kernel: [    0.000000] ACPI: LAPIC_NMI (acpi_id[0x7b] high edge lint[0x1])
Feb 19 08:09:40 debianWebServer kernel: [    0.000000] ACPI: LAPIC_NMI (acpi_id[0x7c] high edge lint[0x1])
Feb 19 08:09:40 debianWebServer kernel: [    0.000000] ACPI: LAPIC_NMI (acpi_id[0x7d] high edge lint[0x1])
Feb 19 08:09:40 debianWebServer kernel: [    0.000000] ACPI: LAPIC_NMI (acpi_id[0x7e] high edge lint[0x1])
Feb 19 08:09:40 debianWebServer kernel: [    0.000000] ACPI: LAPIC_NMI (acpi_id[0x7f] high edge lint[0x1])
Feb 19 08:09:40 debianWebServer kernel: [    0.000000] IOAPIC[0]: apic_id 1, version 32, address 0xfec00000, GSI 0-23
Feb 19 08:09:40 debianWebServer kernel: [    0.000000] ACPI: INT_SRC_OVR (bus 0 bus_irq 0 global_irq 2 high edge)
Feb 19 08:09:40 debianWebServer kernel: [    0.000000] ACPI: IRQ0 used by override.
Feb 19 08:09:40 debianWebServer kernel: [    0.000000] ACPI: IRQ9 used by override.
Feb 19 08:09:40 debianWebServer kernel: [    0.000000] Using ACPI (MADT) for SMP configuration information
Feb 19 08:09:40 debianWebServer kernel: [    0.000000] ACPI: HPET id: 0x8086af01 base: 0xfed00000
Feb 19 08:09:40 debianWebServer kernel: [    0.000000] smpboot: Allowing 128 CPUs, 126 hotplug CPUs
Feb 19 08:09:40 debianWebServer kernel: [    0.000000] PM: Registered nosave memory: [mem 0x00000000-0x00000fff]
Feb 19 08:09:40 debianWebServer kernel: [    0.000000] PM: Registered nosave memory: [mem 0x0009e000-0x0009efff]
Feb 19 08:09:40 debianWebServer kernel: [    0.000000] PM: Registered nosave memory: [mem 0x0009f000-0x0009ffff]
Feb 19 08:09:40 debianWebServer kernel: [    0.000000] PM: Registered nosave memory: [mem 0x000a0000-0x000dbfff]
Feb 19 08:09:40 debianWebServer kernel: [    0.000000] PM: Registered nosave memory: [mem 0x000dc000-0x000fffff]
Feb 19 08:09:40 debianWebServer kernel: [    0.000000] PM: Registered nosave memory: [mem 0x3fee0000-0x3fefefff]
Feb 19 08:09:40 debianWebServer kernel: [    0.000000] PM: Registered nosave memory: [mem 0x3feff000-0x3fefffff]
Feb 19 08:09:40 debianWebServer kernel: [    0.000000] e820: [mem 0x40000000-0xefffffff] available for PCI devices
Feb 19 08:09:40 debianWebServer kernel: [    0.000000] Booting paravirtualized kernel on bare hardware
Feb 19 08:09:40 debianWebServer kernel: [    0.000000] clocksource: refined-jiffies: mask: 0xffffffff max_cycles: 0xffffffff, max_idle_ns: 7645519600211568 ns
Feb 19 08:09:40 debianWebServer kernel: [    0.000000] setup_percpu: NR_CPUS:512 nr_cpumask_bits:512 nr_cpu_ids:128 nr_node_ids:1
Feb 19 08:09:40 debianWebServer kernel: [    0.000000] percpu: Embedded 35 pages/cpu @ffff8b65bc600000 s105304 r8192 d29864 u262144
Feb 19 08:09:40 debianWebServer kernel: [    0.000000] pcpu-alloc: s105304 r8192 d29864 u262144 alloc=1*2097152
Feb 19 08:09:40 debianWebServer kernel: [    0.000000] pcpu-alloc: [0] 000 001 002 003 004 005 006 007 
Feb 19 08:09:40 debianWebServer kernel: [    0.000000] pcpu-alloc: [0] 008 009 010 011 012 013 014 015 
Feb 19 08:09:40 debianWebServer kernel: [    0.000000] pcpu-alloc: [0] 016 017 018 019 020 021 022 023 
Feb 19 08:09:40 debianWebServer kernel: [    0.000000] pcpu-alloc: [0] 024 025 026 027 028 029 030 031 
Feb 19 08:09:40 debianWebServer kernel: [    0.000000] pcpu-alloc: [0] 032 033 034 035 036 037 038 039 
Feb 19 08:09:40 debianWebServer kernel: [    0.000000] pcpu-alloc: [0] 040 041 042 043 044 045 046 047 
Feb 19 08:09:40 debianWebServer kernel: [    0.000000] pcpu-alloc: [0] 048 049 050 051 052 053 054 055 
Feb 19 08:09:40 debianWebServer kernel: [    0.000000] pcpu-alloc: [0] 056 057 058 059 060 061 062 063 
Feb 19 08:09:40 debianWebServer kernel: [    0.000000] pcpu-alloc: [0] 064 065 066 067 068 069 070 071 
Feb 19 08:09:40 debianWebServer kernel: [    0.000000] pcpu-alloc: [0] 072 073 074 075 076 077 078 079 
Feb 19 08:09:40 debianWebServer kernel: [    0.000000] pcpu-alloc: [0] 080 081 082 083 084 085 086 087 
Feb 19 08:09:40 debianWebServer kernel: [    0.000000] pcpu-alloc: [0] 088 089 090 091 092 093 094 095 
Feb 19 08:09:40 debianWebServer kernel: [    0.000000] pcpu-alloc: [0] 096 097 098 099 100 101 102 103 
Feb 19 08:09:40 debianWebServer kernel: [    0.000000] pcpu-alloc: [0] 104 105 106 107 108 109 110 111 
Feb 19 08:09:40 debianWebServer kernel: [    0.000000] pcpu-alloc: [0] 112 113 114 115 116 117 118 119 
Feb 19 08:09:40 debianWebServer kernel: [    0.000000] pcpu-alloc: [0] 120 121 122 123 124 125 126 127 
Feb 19 08:09:40 debianWebServer kernel: [    0.000000] Built 1 zonelists in Node order, mobility grouping on.  Total pages: 257896
Feb 19 08:09:40 debianWebServer kernel: [    0.000000] Policy zone: DMA32
Feb 19 08:09:40 debianWebServer kernel: [    0.000000] Kernel command line: BOOT_IMAGE=/boot/vmlinuz-4.9.0-8-amd64 root=UUID=3146a4a1-b5ec-46c3-bc76-db412f6e809f ro quiet
Feb 19 08:09:40 debianWebServer kernel: [    0.000000] log_buf_len individual max cpu contribution: 4096 bytes
Feb 19 08:09:40 debianWebServer kernel: [    0.000000] log_buf_len total cpu_extra contributions: 520192 bytes
Feb 19 08:09:40 debianWebServer kernel: [    0.000000] log_buf_len min size: 131072 bytes
Feb 19 08:09:40 debianWebServer kernel: [    0.000000] log_buf_len: 1048576 bytes
Feb 19 08:09:40 debianWebServer kernel: [    0.000000] early log buf free: 106296(81%)
Feb 19 08:09:40 debianWebServer kernel: [    0.000000] PID hash table entries: 4096 (order: 3, 32768 bytes)
Feb 19 08:09:40 debianWebServer kernel: [    0.000000] Calgary: detecting Calgary via BIOS EBDA area
Feb 19 08:09:40 debianWebServer kernel: [    0.000000] Calgary: Unable to locate Rio Grande table in EBDA - bailing!
Feb 19 08:09:40 debianWebServer kernel: [    0.000000] Memory: 979148K/1048052K available (6254K kernel code, 1159K rwdata, 2872K rodata, 1420K init, 688K bss, 68904K reserved, 0K cma-reserved)
Feb 19 08:09:40 debianWebServer kernel: [    0.000000] Kernel/User page tables isolation: enabled
Feb 19 08:09:40 debianWebServer kernel: [    0.000000] Hierarchical RCU implementation.
Feb 19 08:09:40 debianWebServer kernel: [    0.000000] 	Build-time adjustment of leaf fanout to 64.
Feb 19 08:09:40 debianWebServer kernel: [    0.000000] 	RCU restricting CPUs from NR_CPUS=512 to nr_cpu_ids=128.
Feb 19 08:09:40 debianWebServer kernel: [    0.000000] RCU: Adjusting geometry for rcu_fanout_leaf=64, nr_cpu_ids=128
Feb 19 08:09:40 debianWebServer kernel: [    0.000000] NR_IRQS:33024 nr_irqs:1448 16
Feb 19 08:09:40 debianWebServer kernel: [    0.000000] Console: colour VGA+ 80x25
Feb 19 08:09:40 debianWebServer kernel: [    0.000000] console [tty0] enabled
Feb 19 08:09:40 debianWebServer kernel: [    0.000000] clocksource: hpet: mask: 0xffffffff max_cycles: 0xffffffff, max_idle_ns: 133484882848 ns
Feb 19 08:09:40 debianWebServer kernel: [    0.000000] hpet clockevent registered
Feb 19 08:09:40 debianWebServer kernel: [    0.000000] tsc: Fast TSC calibration using PIT
Feb 19 08:09:40 debianWebServer kernel: [    0.000000] TSC freq read from hypervisor : 2712.002 MHz
Feb 19 08:09:40 debianWebServer kernel: [    0.000000] tsc: Detected 2711.703 MHz processor
Feb 19 08:09:40 debianWebServer kernel: [    0.000211] Calibrating delay loop (skipped) preset value.. 5424.00 BogoMIPS (lpj=10848008)
Feb 19 08:09:40 debianWebServer kernel: [    0.000216] pid_max: default: 131072 minimum: 1024
Feb 19 08:09:40 debianWebServer kernel: [    0.000279] ACPI: Core revision 20160831
Feb 19 08:09:40 debianWebServer kernel: [    0.003947] ACPI: 1 ACPI AML tables successfully acquired and loaded
Feb 19 08:09:40 debianWebServer kernel: [    0.004009] Security Framework initialized
Feb 19 08:09:40 debianWebServer kernel: [    0.004011] Yama: disabled by default; enable with sysctl kernel.yama.*
Feb 19 08:09:40 debianWebServer kernel: [    0.004016] AppArmor: AppArmor disabled by boot time parameter
Feb 19 08:09:40 debianWebServer kernel: [    0.004078] Dentry cache hash table entries: 131072 (order: 8, 1048576 bytes)
Feb 19 08:09:40 debianWebServer kernel: [    0.004141] Inode-cache hash table entries: 65536 (order: 7, 524288 bytes)
Feb 19 08:09:40 debianWebServer kernel: [    0.004203] Mount-cache hash table entries: 2048 (order: 2, 16384 bytes)
Feb 19 08:09:40 debianWebServer kernel: [    0.004205] Mountpoint-cache hash table entries: 2048 (order: 2, 16384 bytes)
Feb 19 08:09:40 debianWebServer kernel: [    0.004268] Disabled fast string operations
Feb 19 08:09:40 debianWebServer kernel: [    0.004305] mce: CPU supports 8 MCE banks
Feb 19 08:09:40 debianWebServer kernel: [    0.004375] Last level iTLB entries: 4KB 64, 2MB 8, 4MB 8
Feb 19 08:09:40 debianWebServer kernel: [    0.004376] Last level dTLB entries: 4KB 64, 2MB 0, 4MB 0, 1GB 4
Feb 19 08:09:40 debianWebServer kernel: [    0.004379] Spectre V2 : Mitigation: Full generic retpoline
Feb 19 08:09:40 debianWebServer kernel: [    0.004381] Spectre V2 : Spectre v2 / SpectreRSB mitigation: Filling RSB on context switch
Feb 19 08:09:40 debianWebServer kernel: [    0.004382] Spectre V2 : Spectre v2 mitigation: Enabling Indirect Branch Prediction Barrier
Feb 19 08:09:40 debianWebServer kernel: [    0.004383] Spectre V2 : Enabling Restricted Speculation for firmware calls
Feb 19 08:09:40 debianWebServer kernel: [    0.004384] Speculative Store Bypass: Vulnerable
Feb 19 08:09:40 debianWebServer kernel: [    0.004447] Freeing SMP alternatives memory: 24K
Feb 19 08:09:40 debianWebServer kernel: [    0.008002] ftrace: allocating 25284 entries in 99 pages
Feb 19 08:09:40 debianWebServer kernel: [    0.032083] smpboot: Max logical packages: 128
Feb 19 08:09:40 debianWebServer kernel: [    0.032146] x2apic enabled
Feb 19 08:09:40 debianWebServer kernel: [    0.032208] Switched APIC routing to physical x2apic.
Feb 19 08:09:40 debianWebServer kernel: [    0.032479] ..TIMER: vector=0x30 apic1=0 pin1=2 apic2=-1 pin2=-1
Feb 19 08:09:40 debianWebServer kernel: [    0.032523] TSC deadline timer enabled
Feb 19 08:09:40 debianWebServer kernel: [    0.032560] smpboot: CPU0: Intel(R) Core(TM) i7-6820HQ CPU @ 2.70GHz (family: 0x6, model: 0x5e, stepping: 0x3)
Feb 19 08:09:40 debianWebServer kernel: [    0.032564] Performance Events: Skylake events, core PMU driver.
Feb 19 08:09:40 debianWebServer kernel: [    0.032601] core: CPUID marked event: 'cpu cycles' unavailable
Feb 19 08:09:40 debianWebServer kernel: [    0.032602] core: CPUID marked event: 'instructions' unavailable
Feb 19 08:09:40 debianWebServer kernel: [    0.032603] core: CPUID marked event: 'bus cycles' unavailable
Feb 19 08:09:40 debianWebServer kernel: [    0.032604] core: CPUID marked event: 'cache references' unavailable
Feb 19 08:09:40 debianWebServer kernel: [    0.032606] core: CPUID marked event: 'cache misses' unavailable
Feb 19 08:09:40 debianWebServer kernel: [    0.032607] core: CPUID marked event: 'branch instructions' unavailable
Feb 19 08:09:40 debianWebServer kernel: [    0.032608] core: CPUID marked event: 'branch misses' unavailable
Feb 19 08:09:40 debianWebServer kernel: [    0.032612] ... version:                1
Feb 19 08:09:40 debianWebServer kernel: [    0.032613] ... bit width:              48
Feb 19 08:09:40 debianWebServer kernel: [    0.032614] ... generic registers:      4
Feb 19 08:09:40 debianWebServer kernel: [    0.032616] ... value mask:             0000ffffffffffff
Feb 19 08:09:40 debianWebServer kernel: [    0.032617] ... max period:             000000007fffffff
Feb 19 08:09:40 debianWebServer kernel: [    0.032618] ... fixed-purpose events:   0
Feb 19 08:09:40 debianWebServer kernel: [    0.032619] ... event mask:             000000000000000f
Feb 19 08:09:40 debianWebServer kernel: [    0.040550] NMI watchdog: disabled (cpu0): hardware events not enabled
Feb 19 08:09:40 debianWebServer kernel: [    0.040551] NMI watchdog: Shutting down hard lockup detector on all cpus
Feb 19 08:09:40 debianWebServer kernel: [    0.042103] x86: Booting SMP configuration:
Feb 19 08:09:40 debianWebServer kernel: [    0.042105] .... node  #0, CPUs:          #1
Feb 19 08:09:40 debianWebServer kernel: [    0.042932] Disabled fast string operations
Feb 19 08:09:40 debianWebServer kernel: [    0.043068] smpboot: CPU 1 Converting physical 2 to logical package 1
Feb 19 08:09:40 debianWebServer kernel: [    0.043253] x86: Booted up 1 node, 2 CPUs
Feb 19 08:09:40 debianWebServer kernel: [    0.043273] smpboot: Total of 2 processors activated (10848.00 BogoMIPS)
Feb 19 08:09:40 debianWebServer kernel: [    0.043972] devtmpfs: initialized
Feb 19 08:09:40 debianWebServer kernel: [    0.044045] x86/mm: Memory block size: 128MB
Feb 19 08:09:40 debianWebServer kernel: [    0.044885] PM: Registering ACPI NVS region [mem 0x3feff000-0x3fefffff] (4096 bytes)
Feb 19 08:09:40 debianWebServer kernel: [    0.044958] clocksource: jiffies: mask: 0xffffffff max_cycles: 0xffffffff, max_idle_ns: 7645041785100000 ns
Feb 19 08:09:40 debianWebServer kernel: [    0.045021] futex hash table entries: 32768 (order: 9, 2097152 bytes)
Feb 19 08:09:40 debianWebServer kernel: [    0.045531] pinctrl core: initialized pinctrl subsystem
Feb 19 08:09:40 debianWebServer kernel: [    0.045677] NET: Registered protocol family 16
Feb 19 08:09:40 debianWebServer kernel: [    0.056738] cpuidle: using governor ladder
Feb 19 08:09:40 debianWebServer kernel: [    0.068935] cpuidle: using governor menu
Feb 19 08:09:40 debianWebServer kernel: [    0.068974] Simple Boot Flag at 0x36 set to 0x80
Feb 19 08:09:40 debianWebServer kernel: [    0.069030] ACPI: bus type PCI registered
Feb 19 08:09:40 debianWebServer kernel: [    0.069033] acpiphp: ACPI Hot Plug PCI Controller Driver version: 0.5
Feb 19 08:09:40 debianWebServer kernel: [    0.069104] PCI: MMCONFIG for domain 0000 [bus 00-7f] at [mem 0xf0000000-0xf7ffffff] (base 0xf0000000)
Feb 19 08:09:40 debianWebServer kernel: [    0.069115] PCI: MMCONFIG at [mem 0xf0000000-0xf7ffffff] reserved in E820
Feb 19 08:09:40 debianWebServer kernel: [    0.069164] PCI: Using configuration type 1 for base access
Feb 19 08:09:40 debianWebServer kernel: [    0.069373] mtrr: your CPUs had inconsistent variable MTRR settings
Feb 19 08:09:40 debianWebServer kernel: [    0.069383] mtrr: probably your BIOS does not setup all CPUs.
Feb 19 08:09:40 debianWebServer kernel: [    0.069384] mtrr: corrected configuration.
Feb 19 08:09:40 debianWebServer kernel: [    0.081967] HugeTLB registered 1 GB page size, pre-allocated 0 pages
Feb 19 08:09:40 debianWebServer kernel: [    0.081969] HugeTLB registered 2 MB page size, pre-allocated 0 pages
Feb 19 08:09:40 debianWebServer kernel: [    0.083805] ACPI: Added _OSI(Module Device)
Feb 19 08:09:40 debianWebServer kernel: [    0.083807] ACPI: Added _OSI(Processor Device)
Feb 19 08:09:40 debianWebServer kernel: [    0.083808] ACPI: Added _OSI(3.0 _SCP Extensions)
Feb 19 08:09:40 debianWebServer kernel: [    0.083810] ACPI: Added _OSI(Processor Aggregator Device)
Feb 19 08:09:40 debianWebServer kernel: [    0.085129] ACPI: [Firmware Bug]: BIOS _OSI(Linux) query ignored
Feb 19 08:09:40 debianWebServer kernel: [    0.098348] ACPI: Interpreter enabled
Feb 19 08:09:40 debianWebServer kernel: [    0.098368] ACPI: (supports S0 S1 S4 S5)
Feb 19 08:09:40 debianWebServer kernel: [    0.098370] ACPI: Using IOAPIC for interrupt routing
Feb 19 08:09:40 debianWebServer kernel: [    0.098399] PCI: Using host bridge windows from ACPI; if necessary, use "pci=nocrs" and report a bug
Feb 19 08:09:40 debianWebServer kernel: [    0.145363] ACPI: PCI Root Bridge [PCI0] (domain 0000 [bus 00-7f])
Feb 19 08:09:40 debianWebServer kernel: [    0.145378] acpi PNP0A03:00: _OSC: OS supports [ExtendedConfig ASPM ClockPM Segments MSI]
Feb 19 08:09:40 debianWebServer kernel: [    0.145449] acpi PNP0A03:00: _OSC: platform does not support [AER]
Feb 19 08:09:40 debianWebServer kernel: [    0.145521] acpi PNP0A03:00: _OSC: OS now controls [PCIeHotplug PME PCIeCapability]
Feb 19 08:09:40 debianWebServer kernel: [    0.145592] PCI host bridge to bus 0000:00
Feb 19 08:09:40 debianWebServer kernel: [    0.145603] pci_bus 0000:00: root bus resource [mem 0x000a0000-0x000bffff window]
Feb 19 08:09:40 debianWebServer kernel: [    0.145605] pci_bus 0000:00: root bus resource [mem 0x000cc000-0x000cffff window]
Feb 19 08:09:40 debianWebServer kernel: [    0.145607] pci_bus 0000:00: root bus resource [mem 0x000d0000-0x000d3fff window]
Feb 19 08:09:40 debianWebServer kernel: [    0.145608] pci_bus 0000:00: root bus resource [mem 0x000d4000-0x000d7fff window]
Feb 19 08:09:40 debianWebServer kernel: [    0.145610] pci_bus 0000:00: root bus resource [mem 0x000d8000-0x000dbfff window]
Feb 19 08:09:40 debianWebServer kernel: [    0.145612] pci_bus 0000:00: root bus resource [mem 0x40000000-0xfebfffff window]
Feb 19 08:09:40 debianWebServer kernel: [    0.145633] pci_bus 0000:00: root bus resource [io  0x0000-0x0cf7 window]
Feb 19 08:09:40 debianWebServer kernel: [    0.145635] pci_bus 0000:00: root bus resource [io  0x0d00-0xfeff window]
Feb 19 08:09:40 debianWebServer kernel: [    0.145637] pci_bus 0000:00: root bus resource [bus 00-7f]
Feb 19 08:09:40 debianWebServer kernel: [    0.145706] pci 0000:00:00.0: [8086:7190] type 00 class 0x060000
Feb 19 08:09:40 debianWebServer kernel: [    0.145778] pci 0000:00:01.0: [8086:7191] type 01 class 0x060400
Feb 19 08:09:40 debianWebServer kernel: [    0.145849] pci 0000:00:07.0: [8086:7110] type 00 class 0x060100
Feb 19 08:09:40 debianWebServer kernel: [    0.145920] pci 0000:00:07.1: [8086:7111] type 00 class 0x01018a
Feb 19 08:09:40 debianWebServer kernel: [    0.145992] pci 0000:00:07.1: reg 0x20: [io  0x1060-0x106f]
Feb 19 08:09:40 debianWebServer kernel: [    0.146063] pci 0000:00:07.1: legacy IDE quirk: reg 0x10: [io  0x01f0-0x01f7]
Feb 19 08:09:40 debianWebServer kernel: [    0.146073] pci 0000:00:07.1: legacy IDE quirk: reg 0x14: [io  0x03f6]
Feb 19 08:09:40 debianWebServer kernel: [    0.146075] pci 0000:00:07.1: legacy IDE quirk: reg 0x18: [io  0x0170-0x0177]
Feb 19 08:09:40 debianWebServer kernel: [    0.146077] pci 0000:00:07.1: legacy IDE quirk: reg 0x1c: [io  0x0376]
Feb 19 08:09:40 debianWebServer kernel: [    0.146148] pci 0000:00:07.3: [8086:7113] type 00 class 0x068000
Feb 19 08:09:40 debianWebServer kernel: [    0.148006] pci 0000:00:07.3: quirk: [io  0x1000-0x103f] claimed by PIIX4 ACPI
Feb 19 08:09:40 debianWebServer kernel: [    0.148020] pci 0000:00:07.3: quirk: [io  0x1040-0x104f] claimed by PIIX4 SMB
Feb 19 08:09:40 debianWebServer kernel: [    0.148091] pci 0000:00:07.7: [15ad:0740] type 00 class 0x088000
Feb 19 08:09:40 debianWebServer kernel: [    0.148163] pci 0000:00:07.7: reg 0x10: [io  0x1080-0x10bf]
Feb 19 08:09:40 debianWebServer kernel: [    0.148234] pci 0000:00:07.7: reg 0x14: [mem 0xfebfe000-0xfebfffff 64bit]
Feb 19 08:09:40 debianWebServer kernel: [    0.149373] pci 0000:00:0f.0: [15ad:0405] type 00 class 0x030000
Feb 19 08:09:40 debianWebServer kernel: [    0.149444] pci 0000:00:0f.0: reg 0x10: [io  0x1070-0x107f]
Feb 19 08:09:40 debianWebServer kernel: [    0.149516] pci 0000:00:0f.0: reg 0x14: [mem 0xe8000000-0xefffffff pref]
Feb 19 08:09:40 debianWebServer kernel: [    0.149587] pci 0000:00:0f.0: reg 0x18: [mem 0xfe000000-0xfe7fffff]
Feb 19 08:09:40 debianWebServer kernel: [    0.156092] pci 0000:00:0f.0: reg 0x30: [mem 0x00000000-0x00007fff pref]
Feb 19 08:09:40 debianWebServer kernel: [    0.156164] pci 0000:00:10.0: [1000:0030] type 00 class 0x010000
Feb 19 08:09:40 debianWebServer kernel: [    0.157388] pci 0000:00:10.0: reg 0x10: [io  0x1400-0x14ff]
Feb 19 08:09:40 debianWebServer kernel: [    0.157460] pci 0000:00:10.0: reg 0x14: [mem 0xfeba0000-0xfebbffff 64bit]
Feb 19 08:09:40 debianWebServer kernel: [    0.157531] pci 0000:00:10.0: reg 0x1c: [mem 0xfebc0000-0xfebdffff 64bit]
Feb 19 08:09:40 debianWebServer kernel: [    0.157603] pci 0000:00:10.0: reg 0x30: [mem 0x00000000-0x00003fff pref]
Feb 19 08:09:40 debianWebServer kernel: [    0.157674] pci 0000:00:11.0: [15ad:0790] type 01 class 0x060401
Feb 19 08:09:40 debianWebServer kernel: [    0.157745] pci 0000:00:11.0: System wakeup disabled by ACPI
Feb 19 08:09:40 debianWebServer kernel: [    0.157817] pci 0000:00:15.0: [15ad:07a0] type 01 class 0x060400
Feb 19 08:09:40 debianWebServer kernel: [    0.157888] pci 0000:00:15.0: PME# supported from D0 D3hot D3cold
Feb 19 08:09:40 debianWebServer kernel: [    0.157959] pci 0000:00:15.0: System wakeup disabled by ACPI
Feb 19 08:09:40 debianWebServer kernel: [    0.158031] pci 0000:00:15.1: [15ad:07a0] type 01 class 0x060400
Feb 19 08:09:40 debianWebServer kernel: [    0.158102] pci 0000:00:15.1: PME# supported from D0 D3hot D3cold
Feb 19 08:09:40 debianWebServer kernel: [    0.158173] pci 0000:00:15.1: System wakeup disabled by ACPI
Feb 19 08:09:40 debianWebServer kernel: [    0.158245] pci 0000:00:15.2: [15ad:07a0] type 01 class 0x060400
Feb 19 08:09:40 debianWebServer kernel: [    0.158316] pci 0000:00:15.2: PME# supported from D0 D3hot D3cold
Feb 19 08:09:40 debianWebServer kernel: [    0.158387] pci 0000:00:15.2: System wakeup disabled by ACPI
Feb 19 08:09:40 debianWebServer kernel: [    0.158459] pci 0000:00:15.3: [15ad:07a0] type 01 class 0x060400
Feb 19 08:09:40 debianWebServer kernel: [    0.158530] pci 0000:00:15.3: PME# supported from D0 D3hot D3cold
Feb 19 08:09:40 debianWebServer kernel: [    0.158601] pci 0000:00:15.3: System wakeup disabled by ACPI
Feb 19 08:09:40 debianWebServer kernel: [    0.158673] pci 0000:00:15.4: [15ad:07a0] type 01 class 0x060400
Feb 19 08:09:40 debianWebServer kernel: [    0.158744] pci 0000:00:15.4: PME# supported from D0 D3hot D3cold
Feb 19 08:09:40 debianWebServer kernel: [    0.158815] pci 0000:00:15.4: System wakeup disabled by ACPI
Feb 19 08:09:40 debianWebServer kernel: [    0.158887] pci 0000:00:15.5: [15ad:07a0] type 01 class 0x060400
Feb 19 08:09:40 debianWebServer kernel: [    0.158958] pci 0000:00:15.5: PME# supported from D0 D3hot D3cold
Feb 19 08:09:40 debianWebServer kernel: [    0.159029] pci 0000:00:15.5: System wakeup disabled by ACPI
Feb 19 08:09:40 debianWebServer kernel: [    0.159101] pci 0000:00:15.6: [15ad:07a0] type 01 class 0x060400
Feb 19 08:09:40 debianWebServer kernel: [    0.159172] pci 0000:00:15.6: PME# supported from D0 D3hot D3cold
Feb 19 08:09:40 debianWebServer kernel: [    0.159244] pci 0000:00:15.6: System wakeup disabled by ACPI
Feb 19 08:09:40 debianWebServer kernel: [    0.159315] pci 0000:00:15.7: [15ad:07a0] type 01 class 0x060400
Feb 19 08:09:40 debianWebServer kernel: [    0.159386] pci 0000:00:15.7: PME# supported from D0 D3hot D3cold
Feb 19 08:09:40 debianWebServer kernel: [    0.159458] pci 0000:00:15.7: System wakeup disabled by ACPI
Feb 19 08:09:40 debianWebServer kernel: [    0.159529] pci 0000:00:16.0: [15ad:07a0] type 01 class 0x060400
Feb 19 08:09:40 debianWebServer kernel: [    0.160166] pci 0000:00:16.0: PME# supported from D0 D3hot D3cold
Feb 19 08:09:40 debianWebServer kernel: [    0.160237] pci 0000:00:16.0: System wakeup disabled by ACPI
Feb 19 08:09:40 debianWebServer kernel: [    0.160309] pci 0000:00:16.1: [15ad:07a0] type 01 class 0x060400
Feb 19 08:09:40 debianWebServer kernel: [    0.160380] pci 0000:00:16.1: PME# supported from D0 D3hot D3cold
Feb 19 08:09:40 debianWebServer kernel: [    0.160452] pci 0000:00:16.1: System wakeup disabled by ACPI
Feb 19 08:09:40 debianWebServer kernel: [    0.160523] pci 0000:00:16.2: [15ad:07a0] type 01 class 0x060400
Feb 19 08:09:40 debianWebServer kernel: [    0.160594] pci 0000:00:16.2: PME# supported from D0 D3hot D3cold
Feb 19 08:09:40 debianWebServer kernel: [    0.160666] pci 0000:00:16.2: System wakeup disabled by ACPI
Feb 19 08:09:40 debianWebServer kernel: [    0.160737] pci 0000:00:16.3: [15ad:07a0] type 01 class 0x060400
Feb 19 08:09:40 debianWebServer kernel: [    0.161471] pci 0000:00:16.3: PME# supported from D0 D3hot D3cold
Feb 19 08:09:40 debianWebServer kernel: [    0.161542] pci 0000:00:16.3: System wakeup disabled by ACPI
Feb 19 08:09:40 debianWebServer kernel: [    0.161614] pci 0000:00:16.4: [15ad:07a0] type 01 class 0x060400
Feb 19 08:09:40 debianWebServer kernel: [    0.161685] pci 0000:00:16.4: PME# supported from D0 D3hot D3cold
Feb 19 08:09:40 debianWebServer kernel: [    0.161757] pci 0000:00:16.4: System wakeup disabled by ACPI
Feb 19 08:09:40 debianWebServer kernel: [    0.161828] pci 0000:00:16.5: [15ad:07a0] type 01 class 0x060400
Feb 19 08:09:40 debianWebServer kernel: [    0.161899] pci 0000:00:16.5: PME# supported from D0 D3hot D3cold
Feb 19 08:09:40 debianWebServer kernel: [    0.161971] pci 0000:00:16.5: System wakeup disabled by ACPI
Feb 19 08:09:40 debianWebServer kernel: [    0.162042] pci 0000:00:16.6: [15ad:07a0] type 01 class 0x060400
Feb 19 08:09:40 debianWebServer kernel: [    0.162113] pci 0000:00:16.6: PME# supported from D0 D3hot D3cold
Feb 19 08:09:40 debianWebServer kernel: [    0.162185] pci 0000:00:16.6: System wakeup disabled by ACPI
Feb 19 08:09:40 debianWebServer kernel: [    0.162256] pci 0000:00:16.7: [15ad:07a0] type 01 class 0x060400
Feb 19 08:09:40 debianWebServer kernel: [    0.162327] pci 0000:00:16.7: PME# supported from D0 D3hot D3cold
Feb 19 08:09:40 debianWebServer kernel: [    0.162399] pci 0000:00:16.7: System wakeup disabled by ACPI
Feb 19 08:09:40 debianWebServer kernel: [    0.162470] pci 0000:00:17.0: [15ad:07a0] type 01 class 0x060400
Feb 19 08:09:40 debianWebServer kernel: [    0.162541] pci 0000:00:17.0: PME# supported from D0 D3hot D3cold
Feb 19 08:09:40 debianWebServer kernel: [    0.162613] pci 0000:00:17.0: System wakeup disabled by ACPI
Feb 19 08:09:40 debianWebServer kernel: [    0.162684] pci 0000:00:17.1: [15ad:07a0] type 01 class 0x060400
Feb 19 08:09:40 debianWebServer kernel: [    0.162755] pci 0000:00:17.1: PME# supported from D0 D3hot D3cold
Feb 19 08:09:40 debianWebServer kernel: [    0.162827] pci 0000:00:17.1: System wakeup disabled by ACPI
Feb 19 08:09:40 debianWebServer kernel: [    0.162898] pci 0000:00:17.2: [15ad:07a0] type 01 class 0x060400
Feb 19 08:09:40 debianWebServer kernel: [    0.162969] pci 0000:00:17.2: PME# supported from D0 D3hot D3cold
Feb 19 08:09:40 debianWebServer kernel: [    0.163041] pci 0000:00:17.2: System wakeup disabled by ACPI
Feb 19 08:09:40 debianWebServer kernel: [    0.163112] pci 0000:00:17.3: [15ad:07a0] type 01 class 0x060400
Feb 19 08:09:40 debianWebServer kernel: [    0.163183] pci 0000:00:17.3: PME# supported from D0 D3hot D3cold
Feb 19 08:09:40 debianWebServer kernel: [    0.163255] pci 0000:00:17.3: System wakeup disabled by ACPI
Feb 19 08:09:40 debianWebServer kernel: [    0.163326] pci 0000:00:17.4: [15ad:07a0] type 01 class 0x060400
Feb 19 08:09:40 debianWebServer kernel: [    0.163397] pci 0000:00:17.4: PME# supported from D0 D3hot D3cold
Feb 19 08:09:40 debianWebServer kernel: [    0.163469] pci 0000:00:17.4: System wakeup disabled by ACPI
Feb 19 08:09:40 debianWebServer kernel: [    0.163540] pci 0000:00:17.5: [15ad:07a0] type 01 class 0x060400
Feb 19 08:09:40 debianWebServer kernel: [    0.164181] pci 0000:00:17.5: PME# supported from D0 D3hot D3cold
Feb 19 08:09:40 debianWebServer kernel: [    0.164252] pci 0000:00:17.5: System wakeup disabled by ACPI
Feb 19 08:09:40 debianWebServer kernel: [    0.164324] pci 0000:00:17.6: [15ad:07a0] type 01 class 0x060400
Feb 19 08:09:40 debianWebServer kernel: [    0.164395] pci 0000:00:17.6: PME# supported from D0 D3hot D3cold
Feb 19 08:09:40 debianWebServer kernel: [    0.164466] pci 0000:00:17.6: System wakeup disabled by ACPI
Feb 19 08:09:40 debianWebServer kernel: [    0.164538] pci 0000:00:17.7: [15ad:07a0] type 01 class 0x060400
Feb 19 08:09:40 debianWebServer kernel: [    0.164609] pci 0000:00:17.7: PME# supported from D0 D3hot D3cold
Feb 19 08:09:40 debianWebServer kernel: [    0.164680] pci 0000:00:17.7: System wakeup disabled by ACPI
Feb 19 08:09:40 debianWebServer kernel: [    0.164752] pci 0000:00:18.0: [15ad:07a0] type 01 class 0x060400
Feb 19 08:09:40 debianWebServer kernel: [    0.165486] pci 0000:00:18.0: PME# supported from D0 D3hot D3cold
Feb 19 08:09:40 debianWebServer kernel: [    0.165557] pci 0000:00:18.0: System wakeup disabled by ACPI
Feb 19 08:09:40 debianWebServer kernel: [    0.165629] pci 0000:00:18.1: [15ad:07a0] type 01 class 0x060400
Feb 19 08:09:40 debianWebServer kernel: [    0.165700] pci 0000:00:18.1: PME# supported from D0 D3hot D3cold
Feb 19 08:09:40 debianWebServer kernel: [    0.165772] pci 0000:00:18.1: System wakeup disabled by ACPI
Feb 19 08:09:40 debianWebServer kernel: [    0.165843] pci 0000:00:18.2: [15ad:07a0] type 01 class 0x060400
Feb 19 08:09:40 debianWebServer kernel: [    0.165914] pci 0000:00:18.2: PME# supported from D0 D3hot D3cold
Feb 19 08:09:40 debianWebServer kernel: [    0.165986] pci 0000:00:18.2: System wakeup disabled by ACPI
Feb 19 08:09:40 debianWebServer kernel: [    0.166057] pci 0000:00:18.3: [15ad:07a0] type 01 class 0x060400
Feb 19 08:09:40 debianWebServer kernel: [    0.166128] pci 0000:00:18.3: PME# supported from D0 D3hot D3cold
Feb 19 08:09:40 debianWebServer kernel: [    0.166200] pci 0000:00:18.3: System wakeup disabled by ACPI
Feb 19 08:09:40 debianWebServer kernel: [    0.166271] pci 0000:00:18.4: [15ad:07a0] type 01 class 0x060400
Feb 19 08:09:40 debianWebServer kernel: [    0.166342] pci 0000:00:18.4: PME# supported from D0 D3hot D3cold
Feb 19 08:09:40 debianWebServer kernel: [    0.166414] pci 0000:00:18.4: System wakeup disabled by ACPI
Feb 19 08:09:40 debianWebServer kernel: [    0.166485] pci 0000:00:18.5: [15ad:07a0] type 01 class 0x060400
Feb 19 08:09:40 debianWebServer kernel: [    0.166556] pci 0000:00:18.5: PME# supported from D0 D3hot D3cold
Feb 19 08:09:40 debianWebServer kernel: [    0.166628] pci 0000:00:18.5: System wakeup disabled by ACPI
Feb 19 08:09:40 debianWebServer kernel: [    0.166699] pci 0000:00:18.6: [15ad:07a0] type 01 class 0x060400
Feb 19 08:09:40 debianWebServer kernel: [    0.166770] pci 0000:00:18.6: PME# supported from D0 D3hot D3cold
Feb 19 08:09:40 debianWebServer kernel: [    0.166842] pci 0000:00:18.6: System wakeup disabled by ACPI
Feb 19 08:09:40 debianWebServer kernel: [    0.166913] pci 0000:00:18.7: [15ad:07a0] type 01 class 0x060400
Feb 19 08:09:40 debianWebServer kernel: [    0.166984] pci 0000:00:18.7: PME# supported from D0 D3hot D3cold
Feb 19 08:09:40 debianWebServer kernel: [    0.167056] pci 0000:00:18.7: System wakeup disabled by ACPI
Feb 19 08:09:40 debianWebServer kernel: [    0.167127] pci 0000:00:01.0: PCI bridge to [bus 01]
Feb 19 08:09:40 debianWebServer kernel: [    0.167198] acpiphp: Slot [32] registered
Feb 19 08:09:40 debianWebServer kernel: [    0.167270] acpiphp: Slot [33] registered
Feb 19 08:09:40 debianWebServer kernel: [    0.167341] acpiphp: Slot [34] registered
Feb 19 08:09:40 debianWebServer kernel: [    0.167394] acpiphp: Slot [35] registered
Feb 19 08:09:40 debianWebServer kernel: [    0.167438] acpiphp: Slot [36] registered
Feb 19 08:09:40 debianWebServer kernel: [    0.167493] acpiphp: Slot [37] registered
Feb 19 08:09:40 debianWebServer kernel: [    0.167535] acpiphp: Slot [38] registered
Feb 19 08:09:40 debianWebServer kernel: [    0.167595] acpiphp: Slot [39] registered
Feb 19 08:09:40 debianWebServer kernel: [    0.167654] acpiphp: Slot [40] registered
Feb 19 08:09:40 debianWebServer kernel: [    0.167697] acpiphp: Slot [41] registered
Feb 19 08:09:40 debianWebServer kernel: [    0.167751] acpiphp: Slot [42] registered
Feb 19 08:09:40 debianWebServer kernel: [    0.167791] acpiphp: Slot [43] registered
Feb 19 08:09:40 debianWebServer kernel: [    0.167831] acpiphp: Slot [44] registered
Feb 19 08:09:40 debianWebServer kernel: [    0.167871] acpiphp: Slot [45] registered
Feb 19 08:09:40 debianWebServer kernel: [    0.167911] acpiphp: Slot [46] registered
Feb 19 08:09:40 debianWebServer kernel: [    0.167965] acpiphp: Slot [47] registered
Feb 19 08:09:40 debianWebServer kernel: [    0.168006] acpiphp: Slot [48] registered
Feb 19 08:09:40 debianWebServer kernel: [    0.168046] acpiphp: Slot [49] registered
Feb 19 08:09:40 debianWebServer kernel: [    0.168102] acpiphp: Slot [50] registered
Feb 19 08:09:40 debianWebServer kernel: [    0.168142] acpiphp: Slot [51] registered
Feb 19 08:09:40 debianWebServer kernel: [    0.168198] acpiphp: Slot [52] registered
Feb 19 08:09:40 debianWebServer kernel: [    0.168267] acpiphp: Slot [53] registered
Feb 19 08:09:40 debianWebServer kernel: [    0.168308] acpiphp: Slot [54] registered
Feb 19 08:09:40 debianWebServer kernel: [    0.168348] acpiphp: Slot [55] registered
Feb 19 08:09:40 debianWebServer kernel: [    0.168388] acpiphp: Slot [56] registered
Feb 19 08:09:40 debianWebServer kernel: [    0.168428] acpiphp: Slot [57] registered
Feb 19 08:09:40 debianWebServer kernel: [    0.168468] acpiphp: Slot [58] registered
Feb 19 08:09:40 debianWebServer kernel: [    0.168507] acpiphp: Slot [59] registered
Feb 19 08:09:40 debianWebServer kernel: [    0.168563] acpiphp: Slot [60] registered
Feb 19 08:09:40 debianWebServer kernel: [    0.168604] acpiphp: Slot [61] registered
Feb 19 08:09:40 debianWebServer kernel: [    0.168643] acpiphp: Slot [62] registered
Feb 19 08:09:40 debianWebServer kernel: [    0.168683] acpiphp: Slot [63] registered
Feb 19 08:09:40 debianWebServer kernel: [    0.168755] pci 0000:02:00.0: [15ad:0774] type 00 class 0x0c0300
Feb 19 08:09:40 debianWebServer kernel: [    0.169502] pci 0000:02:00.0: reg 0x20: [io  0x2080-0x209f]
Feb 19 08:09:40 debianWebServer kernel: [    0.169573] pci 0000:02:00.0: System wakeup disabled by ACPI
Feb 19 08:09:40 debianWebServer kernel: [    0.169645] pci 0000:02:01.0: [8086:100f] type 00 class 0x020000
Feb 19 08:09:40 debianWebServer kernel: [    0.169716] pci 0000:02:01.0: reg 0x10: [mem 0xfd5c0000-0xfd5dffff 64bit]
Feb 19 08:09:40 debianWebServer kernel: [    0.169787] pci 0000:02:01.0: reg 0x18: [mem 0xfdff0000-0xfdffffff 64bit]
Feb 19 08:09:40 debianWebServer kernel: [    0.169859] pci 0000:02:01.0: reg 0x20: [io  0x2000-0x203f]
Feb 19 08:09:40 debianWebServer kernel: [    0.169932] pci 0000:02:01.0: reg 0x30: [mem 0x00000000-0x0000ffff pref]
Feb 19 08:09:40 debianWebServer kernel: [    0.170003] pci 0000:02:01.0: PME# supported from D0 D3hot D3cold
Feb 19 08:09:40 debianWebServer kernel: [    0.170074] pci 0000:02:01.0: System wakeup disabled by ACPI
Feb 19 08:09:40 debianWebServer kernel: [    0.170146] pci 0000:02:02.0: [1274:1371] type 00 class 0x040100
Feb 19 08:09:40 debianWebServer kernel: [    0.170217] pci 0000:02:02.0: reg 0x10: [io  0x2040-0x207f]
Feb 19 08:09:40 debianWebServer kernel: [    0.170288] pci 0000:02:02.0: System wakeup disabled by ACPI
Feb 19 08:09:40 debianWebServer kernel: [    0.170360] pci 0000:02:03.0: [15ad:0770] type 00 class 0x0c0320
Feb 19 08:09:40 debianWebServer kernel: [    0.170431] pci 0000:02:03.0: reg 0x10: [mem 0xfd5ef000-0xfd5effff]
Feb 19 08:09:40 debianWebServer kernel: [    0.173505] pci 0000:02:03.0: System wakeup disabled by ACPI
Feb 19 08:09:40 debianWebServer kernel: [    0.173560] pci 0000:00:11.0: PCI bridge to [bus 02] (subtractive decode)
Feb 19 08:09:40 debianWebServer kernel: [    0.173609] pci 0000:00:11.0:   bridge window [io  0x2000-0x3fff]
Feb 19 08:09:40 debianWebServer kernel: [    0.173652] pci 0000:00:11.0:   bridge window [mem 0xfd500000-0xfdffffff]
Feb 19 08:09:40 debianWebServer kernel: [    0.173689] pci 0000:00:11.0:   bridge window [mem 0xe7b00000-0xe7ffffff 64bit pref]
Feb 19 08:09:40 debianWebServer kernel: [    0.173721] pci 0000:00:11.0:   bridge window [mem 0x000a0000-0x000bffff window] (subtractive decode)
Feb 19 08:09:40 debianWebServer kernel: [    0.173750] pci 0000:00:11.0:   bridge window [mem 0x000cc000-0x000cffff window] (subtractive decode)
Feb 19 08:09:40 debianWebServer kernel: [    0.173775] pci 0000:00:11.0:   bridge window [mem 0x000d0000-0x000d3fff window] (subtractive decode)
Feb 19 08:09:40 debianWebServer kernel: [    0.173797] pci 0000:00:11.0:   bridge window [mem 0x000d4000-0x000d7fff window] (subtractive decode)
Feb 19 08:09:40 debianWebServer kernel: [    0.173816] pci 0000:00:11.0:   bridge window [mem 0x000d8000-0x000dbfff window] (subtractive decode)
Feb 19 08:09:40 debianWebServer kernel: [    0.173832] pci 0000:00:11.0:   bridge window [mem 0x40000000-0xfebfffff window] (subtractive decode)
Feb 19 08:09:40 debianWebServer kernel: [    0.173847] pci 0000:00:11.0:   bridge window [io  0x0000-0x0cf7 window] (subtractive decode)
Feb 19 08:09:40 debianWebServer kernel: [    0.173860] pci 0000:00:11.0:   bridge window [io  0x0d00-0xfeff window] (subtractive decode)
Feb 19 08:09:40 debianWebServer kernel: [    0.174021] pci 0000:00:15.0: PCI bridge to [bus 03]
Feb 19 08:09:40 debianWebServer kernel: [    0.174044] pci 0000:00:15.0:   bridge window [io  0x4000-0x4fff]
Feb 19 08:09:40 debianWebServer kernel: [    0.174068] pci 0000:00:15.0:   bridge window [mem 0xfd400000-0xfd4fffff]
Feb 19 08:09:40 debianWebServer kernel: [    0.174114] pci 0000:00:15.0:   bridge window [mem 0xe7a00000-0xe7afffff 64bit pref]
Feb 19 08:09:40 debianWebServer kernel: [    0.174186] pci 0000:00:15.1: PCI bridge to [bus 04]
Feb 19 08:09:40 debianWebServer kernel: [    0.174208] pci 0000:00:15.1:   bridge window [io  0x8000-0x8fff]
Feb 19 08:09:40 debianWebServer kernel: [    0.174232] pci 0000:00:15.1:   bridge window [mem 0xfd000000-0xfd0fffff]
Feb 19 08:09:40 debianWebServer kernel: [    0.174276] pci 0000:00:15.1:   bridge window [mem 0xe7600000-0xe76fffff 64bit pref]
Feb 19 08:09:40 debianWebServer kernel: [    0.174348] pci 0000:00:15.2: PCI bridge to [bus 05]
Feb 19 08:09:40 debianWebServer kernel: [    0.174371] pci 0000:00:15.2:   bridge window [io  0xc000-0xcfff]
Feb 19 08:09:40 debianWebServer kernel: [    0.174394] pci 0000:00:15.2:   bridge window [mem 0xfcc00000-0xfccfffff]
Feb 19 08:09:40 debianWebServer kernel: [    0.174439] pci 0000:00:15.2:   bridge window [mem 0xe7200000-0xe72fffff 64bit pref]
Feb 19 08:09:40 debianWebServer kernel: [    0.174510] pci 0000:00:15.3: PCI bridge to [bus 06]
Feb 19 08:09:40 debianWebServer kernel: [    0.174554] pci 0000:00:15.3:   bridge window [mem 0xfc800000-0xfc8fffff]
Feb 19 08:09:40 debianWebServer kernel: [    0.174599] pci 0000:00:15.3:   bridge window [mem 0xe6e00000-0xe6efffff 64bit pref]
Feb 19 08:09:40 debianWebServer kernel: [    0.174670] pci 0000:00:15.4: PCI bridge to [bus 07]
Feb 19 08:09:40 debianWebServer kernel: [    0.174714] pci 0000:00:15.4:   bridge window [mem 0xfc400000-0xfc4fffff]
Feb 19 08:09:40 debianWebServer kernel: [    0.174759] pci 0000:00:15.4:   bridge window [mem 0xe6a00000-0xe6afffff 64bit pref]
Feb 19 08:09:40 debianWebServer kernel: [    0.174830] pci 0000:00:15.5: PCI bridge to [bus 08]
Feb 19 08:09:40 debianWebServer kernel: [    0.174872] pci 0000:00:15.5:   bridge window [mem 0xfc000000-0xfc0fffff]
Feb 19 08:09:40 debianWebServer kernel: [    0.174914] pci 0000:00:15.5:   bridge window [mem 0xe6600000-0xe66fffff 64bit pref]
Feb 19 08:09:40 debianWebServer kernel: [    0.174985] pci 0000:00:15.6: PCI bridge to [bus 09]
Feb 19 08:09:40 debianWebServer kernel: [    0.175027] pci 0000:00:15.6:   bridge window [mem 0xfbc00000-0xfbcfffff]
Feb 19 08:09:40 debianWebServer kernel: [    0.175069] pci 0000:00:15.6:   bridge window [mem 0xe6200000-0xe62fffff 64bit pref]
Feb 19 08:09:40 debianWebServer kernel: [    0.175141] pci 0000:00:15.7: PCI bridge to [bus 0a]
Feb 19 08:09:40 debianWebServer kernel: [    0.175182] pci 0000:00:15.7:   bridge window [mem 0xfb800000-0xfb8fffff]
Feb 19 08:09:40 debianWebServer kernel: [    0.175224] pci 0000:00:15.7:   bridge window [mem 0xe5e00000-0xe5efffff 64bit pref]
Feb 19 08:09:40 debianWebServer kernel: [    0.175296] pci 0000:00:16.0: PCI bridge to [bus 0b]
Feb 19 08:09:40 debianWebServer kernel: [    0.175318] pci 0000:00:16.0:   bridge window [io  0x5000-0x5fff]
Feb 19 08:09:40 debianWebServer kernel: [    0.175355] pci 0000:00:16.0:   bridge window [mem 0xfd300000-0xfd3fffff]
Feb 19 08:09:40 debianWebServer kernel: [    0.175397] pci 0000:00:16.0:   bridge window [mem 0xe7900000-0xe79fffff 64bit pref]
Feb 19 08:09:40 debianWebServer kernel: [    0.175468] pci 0000:00:16.1: PCI bridge to [bus 0c]
Feb 19 08:09:40 debianWebServer kernel: [    0.175490] pci 0000:00:16.1:   bridge window [io  0x9000-0x9fff]
Feb 19 08:09:40 debianWebServer kernel: [    0.175513] pci 0000:00:16.1:   bridge window [mem 0xfcf00000-0xfcffffff]
Feb 19 08:09:40 debianWebServer kernel: [    0.175555] pci 0000:00:16.1:   bridge window [mem 0xe7500000-0xe75fffff 64bit pref]
Feb 19 08:09:40 debianWebServer kernel: [    0.175626] pci 0000:00:16.2: PCI bridge to [bus 0d]
Feb 19 08:09:40 debianWebServer kernel: [    0.175681] pci 0000:00:16.2:   bridge window [io  0xd000-0xdfff]
Feb 19 08:09:40 debianWebServer kernel: [    0.175722] pci 0000:00:16.2:   bridge window [mem 0xfcb00000-0xfcbfffff]
Feb 19 08:09:40 debianWebServer kernel: [    0.175793] pci 0000:00:16.2:   bridge window [mem 0xe7100000-0xe71fffff 64bit pref]
Feb 19 08:09:40 debianWebServer kernel: [    0.175865] pci 0000:00:16.3: PCI bridge to [bus 0e]
Feb 19 08:09:40 debianWebServer kernel: [    0.175906] pci 0000:00:16.3:   bridge window [mem 0xfc700000-0xfc7fffff]
Feb 19 08:09:40 debianWebServer kernel: [    0.175948] pci 0000:00:16.3:   bridge window [mem 0xe6d00000-0xe6dfffff 64bit pref]
Feb 19 08:09:40 debianWebServer kernel: [    0.176020] pci 0000:00:16.4: PCI bridge to [bus 0f]
Feb 19 08:09:40 debianWebServer kernel: [    0.176091] pci 0000:00:16.4:   bridge window [mem 0xfc300000-0xfc3fffff]
Feb 19 08:09:40 debianWebServer kernel: [    0.176134] pci 0000:00:16.4:   bridge window [mem 0xe6900000-0xe69fffff 64bit pref]
Feb 19 08:09:40 debianWebServer kernel: [    0.176205] pci 0000:00:16.5: PCI bridge to [bus 10]
Feb 19 08:09:40 debianWebServer kernel: [    0.176247] pci 0000:00:16.5:   bridge window [mem 0xfbf00000-0xfbffffff]
Feb 19 08:09:40 debianWebServer kernel: [    0.176289] pci 0000:00:16.5:   bridge window [mem 0xe6500000-0xe65fffff 64bit pref]
Feb 19 08:09:40 debianWebServer kernel: [    0.176361] pci 0000:00:16.6: PCI bridge to [bus 11]
Feb 19 08:09:40 debianWebServer kernel: [    0.176402] pci 0000:00:16.6:   bridge window [mem 0xfbb00000-0xfbbfffff]
Feb 19 08:09:40 debianWebServer kernel: [    0.176444] pci 0000:00:16.6:   bridge window [mem 0xe6100000-0xe61fffff 64bit pref]
Feb 19 08:09:40 debianWebServer kernel: [    0.176516] pci 0000:00:16.7: PCI bridge to [bus 12]
Feb 19 08:09:40 debianWebServer kernel: [    0.176557] pci 0000:00:16.7:   bridge window [mem 0xfb700000-0xfb7fffff]
Feb 19 08:09:40 debianWebServer kernel: [    0.176600] pci 0000:00:16.7:   bridge window [mem 0xe5d00000-0xe5dfffff 64bit pref]
Feb 19 08:09:40 debianWebServer kernel: [    0.176671] pci 0000:00:17.0: PCI bridge to [bus 13]
Feb 19 08:09:40 debianWebServer kernel: [    0.176692] pci 0000:00:17.0:   bridge window [io  0x6000-0x6fff]
Feb 19 08:09:40 debianWebServer kernel: [    0.176715] pci 0000:00:17.0:   bridge window [mem 0xfd200000-0xfd2fffff]
Feb 19 08:09:40 debianWebServer kernel: [    0.176757] pci 0000:00:17.0:   bridge window [mem 0xe7800000-0xe78fffff 64bit pref]
Feb 19 08:09:40 debianWebServer kernel: [    0.176828] pci 0000:00:17.1: PCI bridge to [bus 14]
Feb 19 08:09:40 debianWebServer kernel: [    0.176850] pci 0000:00:17.1:   bridge window [io  0xa000-0xafff]
Feb 19 08:09:40 debianWebServer kernel: [    0.176872] pci 0000:00:17.1:   bridge window [mem 0xfce00000-0xfcefffff]
Feb 19 08:09:40 debianWebServer kernel: [    0.176914] pci 0000:00:17.1:   bridge window [mem 0xe7400000-0xe74fffff 64bit pref]
Feb 19 08:09:40 debianWebServer kernel: [    0.176986] pci 0000:00:17.2: PCI bridge to [bus 15]
Feb 19 08:09:40 debianWebServer kernel: [    0.177007] pci 0000:00:17.2:   bridge window [io  0xe000-0xefff]
Feb 19 08:09:40 debianWebServer kernel: [    0.177029] pci 0000:00:17.2:   bridge window [mem 0xfca00000-0xfcafffff]
Feb 19 08:09:40 debianWebServer kernel: [    0.177072] pci 0000:00:17.2:   bridge window [mem 0xe7000000-0xe70fffff 64bit pref]
Feb 19 08:09:40 debianWebServer kernel: [    0.177517] pci 0000:00:17.3: PCI bridge to [bus 16]
Feb 19 08:09:40 debianWebServer kernel: [    0.177573] pci 0000:00:17.3:   bridge window [mem 0xfc600000-0xfc6fffff]
Feb 19 08:09:40 debianWebServer kernel: [    0.177616] pci 0000:00:17.3:   bridge window [mem 0xe6c00000-0xe6cfffff 64bit pref]
Feb 19 08:09:40 debianWebServer kernel: [    0.177687] pci 0000:00:17.4: PCI bridge to [bus 17]
Feb 19 08:09:40 debianWebServer kernel: [    0.177758] pci 0000:00:17.4:   bridge window [mem 0xfc200000-0xfc2fffff]
Feb 19 08:09:40 debianWebServer kernel: [    0.177811] pci 0000:00:17.4:   bridge window [mem 0xe6800000-0xe68fffff 64bit pref]
Feb 19 08:09:40 debianWebServer kernel: [    0.178052] pci 0000:00:17.5: PCI bridge to [bus 18]
Feb 19 08:09:40 debianWebServer kernel: [    0.178093] pci 0000:00:17.5:   bridge window [mem 0xfbe00000-0xfbefffff]
Feb 19 08:09:40 debianWebServer kernel: [    0.178136] pci 0000:00:17.5:   bridge window [mem 0xe6400000-0xe64fffff 64bit pref]
Feb 19 08:09:40 debianWebServer kernel: [    0.178207] pci 0000:00:17.6: PCI bridge to [bus 19]
Feb 19 08:09:40 debianWebServer kernel: [    0.178248] pci 0000:00:17.6:   bridge window [mem 0xfba00000-0xfbafffff]
Feb 19 08:09:40 debianWebServer kernel: [    0.178291] pci 0000:00:17.6:   bridge window [mem 0xe6000000-0xe60fffff 64bit pref]
Feb 19 08:09:40 debianWebServer kernel: [    0.178362] pci 0000:00:17.7: PCI bridge to [bus 1a]
Feb 19 08:09:40 debianWebServer kernel: [    0.178404] pci 0000:00:17.7:   bridge window [mem 0xfb600000-0xfb6fffff]
Feb 19 08:09:40 debianWebServer kernel: [    0.178446] pci 0000:00:17.7:   bridge window [mem 0xe5c00000-0xe5cfffff 64bit pref]
Feb 19 08:09:40 debianWebServer kernel: [    0.178518] pci 0000:00:18.0: PCI bridge to [bus 1b]
Feb 19 08:09:40 debianWebServer kernel: [    0.178539] pci 0000:00:18.0:   bridge window [io  0x7000-0x7fff]
Feb 19 08:09:40 debianWebServer kernel: [    0.178561] pci 0000:00:18.0:   bridge window [mem 0xfd100000-0xfd1fffff]
Feb 19 08:09:40 debianWebServer kernel: [    0.178604] pci 0000:00:18.0:   bridge window [mem 0xe7700000-0xe77fffff 64bit pref]
Feb 19 08:09:40 debianWebServer kernel: [    0.178675] pci 0000:00:18.1: PCI bridge to [bus 1c]
Feb 19 08:09:40 debianWebServer kernel: [    0.178696] pci 0000:00:18.1:   bridge window [io  0xb000-0xbfff]
Feb 19 08:09:40 debianWebServer kernel: [    0.178746] pci 0000:00:18.1:   bridge window [mem 0xfcd00000-0xfcdfffff]
Feb 19 08:09:40 debianWebServer kernel: [    0.178817] pci 0000:00:18.1:   bridge window [mem 0xe7300000-0xe73fffff 64bit pref]
Feb 19 08:09:40 debianWebServer kernel: [    0.178888] pci 0000:00:18.2: PCI bridge to [bus 1d]
Feb 19 08:09:40 debianWebServer kernel: [    0.178930] pci 0000:00:18.2:   bridge window [mem 0xfc900000-0xfc9fffff]
Feb 19 08:09:40 debianWebServer kernel: [    0.178972] pci 0000:00:18.2:   bridge window [mem 0xe6f00000-0xe6ffffff 64bit pref]
Feb 19 08:09:40 debianWebServer kernel: [    0.179044] pci 0000:00:18.3: PCI bridge to [bus 1e]
Feb 19 08:09:40 debianWebServer kernel: [    0.179085] pci 0000:00:18.3:   bridge window [mem 0xfc500000-0xfc5fffff]
Feb 19 08:09:40 debianWebServer kernel: [    0.179128] pci 0000:00:18.3:   bridge window [mem 0xe6b00000-0xe6bfffff 64bit pref]
Feb 19 08:09:40 debianWebServer kernel: [    0.179199] pci 0000:00:18.4: PCI bridge to [bus 1f]
Feb 19 08:09:40 debianWebServer kernel: [    0.179241] pci 0000:00:18.4:   bridge window [mem 0xfc100000-0xfc1fffff]
Feb 19 08:09:40 debianWebServer kernel: [    0.179283] pci 0000:00:18.4:   bridge window [mem 0xe6700000-0xe67fffff 64bit pref]
Feb 19 08:09:40 debianWebServer kernel: [    0.179354] pci 0000:00:18.5: PCI bridge to [bus 20]
Feb 19 08:09:40 debianWebServer kernel: [    0.179396] pci 0000:00:18.5:   bridge window [mem 0xfbd00000-0xfbdfffff]
Feb 19 08:09:40 debianWebServer kernel: [    0.179467] pci 0000:00:18.5:   bridge window [mem 0xe6300000-0xe63fffff 64bit pref]
Feb 19 08:09:40 debianWebServer kernel: [    0.179539] pci 0000:00:18.6: PCI bridge to [bus 21]
Feb 19 08:09:40 debianWebServer kernel: [    0.179580] pci 0000:00:18.6:   bridge window [mem 0xfb900000-0xfb9fffff]
Feb 19 08:09:40 debianWebServer kernel: [    0.179622] pci 0000:00:18.6:   bridge window [mem 0xe5f00000-0xe5ffffff 64bit pref]
Feb 19 08:09:40 debianWebServer kernel: [    0.179694] pci 0000:00:18.7: PCI bridge to [bus 22]
Feb 19 08:09:40 debianWebServer kernel: [    0.179735] pci 0000:00:18.7:   bridge window [mem 0xfb500000-0xfb5fffff]
Feb 19 08:09:40 debianWebServer kernel: [    0.179778] pci 0000:00:18.7:   bridge window [mem 0xe5b00000-0xe5bfffff 64bit pref]
Feb 19 08:09:40 debianWebServer kernel: [    0.181539] ACPI: PCI Interrupt Link [LNKA] (IRQs 3 4 5 6 7 *9 10 11 14 15)
Feb 19 08:09:40 debianWebServer kernel: [    0.181597] ACPI: PCI Interrupt Link [LNKB] (IRQs 3 4 5 6 7 9 10 *11 14 15)
Feb 19 08:09:40 debianWebServer kernel: [    0.181648] ACPI: PCI Interrupt Link [LNKC] (IRQs 3 4 5 6 7 9 *10 11 14 15)
Feb 19 08:09:40 debianWebServer kernel: [    0.181692] ACPI: PCI Interrupt Link [LNKD] (IRQs 3 4 5 6 *7 9 10 11 14 15)
Feb 19 08:09:40 debianWebServer kernel: [    0.190173] ACPI: Enabled 2 GPEs in block 00 to 0F
Feb 19 08:09:40 debianWebServer kernel: [    0.190449] vgaarb: setting as boot device: PCI:0000:00:0f.0
Feb 19 08:09:40 debianWebServer kernel: [    0.190452] vgaarb: device added: PCI:0000:00:0f.0,decodes=io+mem,owns=io+mem,locks=none
Feb 19 08:09:40 debianWebServer kernel: [    0.190458] vgaarb: loaded
Feb 19 08:09:40 debianWebServer kernel: [    0.190460] vgaarb: bridge control possible 0000:00:0f.0
Feb 19 08:09:40 debianWebServer kernel: [    0.190667] PCI: Using ACPI for IRQ routing
Feb 19 08:09:40 debianWebServer kernel: [    0.217669] PCI: pci_cache_line_size set to 64 bytes
Feb 19 08:09:40 debianWebServer kernel: [    0.218234] e820: reserve RAM buffer [mem 0x0009ec00-0x0009ffff]
Feb 19 08:09:40 debianWebServer kernel: [    0.218237] e820: reserve RAM buffer [mem 0x3fee0000-0x3fffffff]
Feb 19 08:09:40 debianWebServer kernel: [    0.218551] hpet0: at MMIO 0xfed00000, IRQs 2, 8, 0, 0, 0, 0, 0, 0, 0, 0, 0, 0, 0, 0, 0, 0
Feb 19 08:09:40 debianWebServer kernel: [    0.218558] hpet0: 16 comparators, 64-bit 14.318180 MHz counter
Feb 19 08:09:40 debianWebServer kernel: [    0.220627] clocksource: Switched to clocksource hpet
Feb 19 08:09:40 debianWebServer kernel: [    0.240835] VFS: Disk quotas dquot_6.6.0
Feb 19 08:09:40 debianWebServer kernel: [    0.240975] VFS: Dquot-cache hash table entries: 512 (order 0, 4096 bytes)
Feb 19 08:09:40 debianWebServer kernel: [    0.241072] pnp: PnP ACPI init
Feb 19 08:09:40 debianWebServer kernel: [    0.241143] system 00:00: [io  0x1000-0x103f] has been reserved
Feb 19 08:09:40 debianWebServer kernel: [    0.241146] system 00:00: [io  0x1040-0x104f] has been reserved
Feb 19 08:09:40 debianWebServer kernel: [    0.241149] system 00:00: [io  0x0cf0-0x0cf1] has been reserved
Feb 19 08:09:40 debianWebServer kernel: [    0.241153] system 00:00: Plug and Play ACPI device, IDs PNP0c02 (active)
Feb 19 08:09:40 debianWebServer kernel: [    0.241193] pnp 00:01: Plug and Play ACPI device, IDs PNP0b00 (active)
Feb 19 08:09:40 debianWebServer kernel: [    0.241230] pnp 00:02: Plug and Play ACPI device, IDs PNP0303 (active)
Feb 19 08:09:40 debianWebServer kernel: [    0.241247] pnp 00:03: Plug and Play ACPI device, IDs VMW0003 PNP0f13 (active)
Feb 19 08:09:40 debianWebServer kernel: [    0.241319] system 00:04: [mem 0xfed00000-0xfed003ff] has been reserved
Feb 19 08:09:40 debianWebServer kernel: [    0.241322] system 00:04: Plug and Play ACPI device, IDs PNP0103 PNP0c01 (active)
Feb 19 08:09:40 debianWebServer kernel: [    0.241393] pnp 00:05: Plug and Play ACPI device, IDs PNP0501 (active)
Feb 19 08:09:40 debianWebServer kernel: [    0.241464] system 00:06: [io  0xfce0-0xfcff] has been reserved
Feb 19 08:09:40 debianWebServer kernel: [    0.241467] system 00:06: [mem 0xf0000000-0xf7ffffff] has been reserved
Feb 19 08:09:40 debianWebServer kernel: [    0.241470] system 00:06: [mem 0xfe800000-0xfe9fffff] has been reserved
Feb 19 08:09:40 debianWebServer kernel: [    0.241473] system 00:06: Plug and Play ACPI device, IDs PNP0c02 (active)
Feb 19 08:09:40 debianWebServer kernel: [    0.244691] pnp: PnP ACPI: found 7 devices
Feb 19 08:09:40 debianWebServer kernel: [    0.259033] clocksource: acpi_pm: mask: 0xffffff max_cycles: 0xffffff, max_idle_ns: 2085701024 ns
Feb 19 08:09:40 debianWebServer kernel: [    0.259104] pci 0000:00:15.3: bridge window [io  0x1000-0x0fff] to [bus 06] add_size 1000
Feb 19 08:09:40 debianWebServer kernel: [    0.259167] pci 0000:00:15.4: bridge window [io  0x1000-0x0fff] to [bus 07] add_size 1000
Feb 19 08:09:40 debianWebServer kernel: [    0.259231] pci 0000:00:15.5: bridge window [io  0x1000-0x0fff] to [bus 08] add_size 1000
Feb 19 08:09:40 debianWebServer kernel: [    0.259293] pci 0000:00:15.6: bridge window [io  0x1000-0x0fff] to [bus 09] add_size 1000
Feb 19 08:09:40 debianWebServer kernel: [    0.259365] pci 0000:00:15.7: bridge window [io  0x1000-0x0fff] to [bus 0a] add_size 1000
Feb 19 08:09:40 debianWebServer kernel: [    0.259436] pci 0000:00:16.3: bridge window [io  0x1000-0x0fff] to [bus 0e] add_size 1000
Feb 19 08:09:40 debianWebServer kernel: [    0.259499] pci 0000:00:16.4: bridge window [io  0x1000-0x0fff] to [bus 0f] add_size 1000
Feb 19 08:09:40 debianWebServer kernel: [    0.259562] pci 0000:00:16.5: bridge window [io  0x1000-0x0fff] to [bus 10] add_size 1000
Feb 19 08:09:40 debianWebServer kernel: [    0.259625] pci 0000:00:16.6: bridge window [io  0x1000-0x0fff] to [bus 11] add_size 1000
Feb 19 08:09:40 debianWebServer kernel: [    0.259688] pci 0000:00:16.7: bridge window [io  0x1000-0x0fff] to [bus 12] add_size 1000
Feb 19 08:09:40 debianWebServer kernel: [    0.259760] pci 0000:00:17.3: bridge window [io  0x1000-0x0fff] to [bus 16] add_size 1000
Feb 19 08:09:40 debianWebServer kernel: [    0.259823] pci 0000:00:17.4: bridge window [io  0x1000-0x0fff] to [bus 17] add_size 1000
Feb 19 08:09:40 debianWebServer kernel: [    0.259885] pci 0000:00:17.5: bridge window [io  0x1000-0x0fff] to [bus 18] add_size 1000
Feb 19 08:09:40 debianWebServer kernel: [    0.259948] pci 0000:00:17.6: bridge window [io  0x1000-0x0fff] to [bus 19] add_size 1000
Feb 19 08:09:40 debianWebServer kernel: [    0.260020] pci 0000:00:17.7: bridge window [io  0x1000-0x0fff] to [bus 1a] add_size 1000
Feb 19 08:09:40 debianWebServer kernel: [    0.260091] pci 0000:00:18.2: bridge window [io  0x1000-0x0fff] to [bus 1d] add_size 1000
Feb 19 08:09:40 debianWebServer kernel: [    0.260154] pci 0000:00:18.3: bridge window [io  0x1000-0x0fff] to [bus 1e] add_size 1000
Feb 19 08:09:40 debianWebServer kernel: [    0.260217] pci 0000:00:18.4: bridge window [io  0x1000-0x0fff] to [bus 1f] add_size 1000
Feb 19 08:09:40 debianWebServer kernel: [    0.260279] pci 0000:00:18.5: bridge window [io  0x1000-0x0fff] to [bus 20] add_size 1000
Feb 19 08:09:40 debianWebServer kernel: [    0.260342] pci 0000:00:18.6: bridge window [io  0x1000-0x0fff] to [bus 21] add_size 1000
Feb 19 08:09:40 debianWebServer kernel: [    0.260405] pci 0000:00:18.7: bridge window [io  0x1000-0x0fff] to [bus 22] add_size 1000
Feb 19 08:09:40 debianWebServer kernel: [    0.260419] pci 0000:00:15.3: res[13]=[io  0x1000-0x0fff] res_to_dev_res add_size 1000 min_align 1000
Feb 19 08:09:40 debianWebServer kernel: [    0.260421] pci 0000:00:15.3: res[13]=[io  0x1000-0x1fff] res_to_dev_res add_size 1000 min_align 1000
Feb 19 08:09:40 debianWebServer kernel: [    0.260423] pci 0000:00:15.4: res[13]=[io  0x1000-0x0fff] res_to_dev_res add_size 1000 min_align 1000
Feb 19 08:09:40 debianWebServer kernel: [    0.260425] pci 0000:00:15.4: res[13]=[io  0x1000-0x1fff] res_to_dev_res add_size 1000 min_align 1000
Feb 19 08:09:40 debianWebServer kernel: [    0.260426] pci 0000:00:15.5: res[13]=[io  0x1000-0x0fff] res_to_dev_res add_size 1000 min_align 1000
Feb 19 08:09:40 debianWebServer kernel: [    0.260428] pci 0000:00:15.5: res[13]=[io  0x1000-0x1fff] res_to_dev_res add_size 1000 min_align 1000
Feb 19 08:09:40 debianWebServer kernel: [    0.260430] pci 0000:00:15.6: res[13]=[io  0x1000-0x0fff] res_to_dev_res add_size 1000 min_align 1000
Feb 19 08:09:40 debianWebServer kernel: [    0.260432] pci 0000:00:15.6: res[13]=[io  0x1000-0x1fff] res_to_dev_res add_size 1000 min_align 1000
Feb 19 08:09:40 debianWebServer kernel: [    0.260434] pci 0000:00:15.7: res[13]=[io  0x1000-0x0fff] res_to_dev_res add_size 1000 min_align 1000
Feb 19 08:09:40 debianWebServer kernel: [    0.260436] pci 0000:00:15.7: res[13]=[io  0x1000-0x1fff] res_to_dev_res add_size 1000 min_align 1000
Feb 19 08:09:40 debianWebServer kernel: [    0.260438] pci 0000:00:16.3: res[13]=[io  0x1000-0x0fff] res_to_dev_res add_size 1000 min_align 1000
Feb 19 08:09:40 debianWebServer kernel: [    0.260440] pci 0000:00:16.3: res[13]=[io  0x1000-0x1fff] res_to_dev_res add_size 1000 min_align 1000
