Feb 18 06:26:21 debianWebServer liblogging-stdlog:  [origin software="rsyslogd" swVersion="8.24.0" x-pid="425" x-info="http://www.rsyslog.com"] rsyslogd was HUPed
Feb 18 06:26:50 debianWebServer tripwire[127283]: Integrity Check Complete: /var/lib/tripwire/debianWebServer.twd TWReport debianWebServer 20190218062622 V:328 S:100 A:208 R:7 C:113
Feb 18 06:26:50 debianWebServer sendmail[127284]: x1ICQoQH127284: from=root, size=17035, class=0, nrcpts=1, msgid=<201902181226.x1ICQoQH127284@debianWebServer.aud507.local>, bodytype=8BITMIME, relay=root@localhost
Feb 18 06:26:50 debianWebServer sm-mta[127285]: x1ICQoUt127285: from=<root@debianWebServer.aud507.local>, size=17351, class=0, nrcpts=1, msgid=<201902181226.x1ICQoQH127284@debianWebServer.aud507.local>, bodytype=7BIT, proto=ESMTP, daemon=MTA-v4, relay=localhost [127.0.0.1]
Feb 18 06:26:50 debianWebServer sendmail[127284]: x1ICQoQH127284: to=root, ctladdr=root (0/0), delay=00:00:00, xdelay=00:00:00, mailer=relay, pri=47035, relay=[127.0.0.1] [127.0.0.1], dsn=2.0.0, stat=Sent (x1ICQoUt127285 Message accepted for delivery)
Feb 18 06:26:50 debianWebServer sm-mta[127286]: x1ICQoUt127285: to=<root@debianWebServer.aud507.local>, ctladdr=<root@debianWebServer.aud507.local> (0/0), delay=00:00:00, xdelay=00:00:00, mailer=local, pri=47599, dsn=2.0.0, stat=Sent
Feb 18 06:40:01 debianWebServer CRON[127351]: (smmsp) CMD (test -x /etc/init.d/sendmail && test -x /usr/share/sendmail/sendmail && test -x /usr/lib/sm.bin/sendmail && /usr/share/sendmail/sendmail cron-msp)
Feb 18 06:58:05 debianWebServer systemd[1]: Starting Daily apt upgrade and clean activities...
Feb 18 06:58:08 debianWebServer systemd[1]: Started Daily apt upgrade and clean activities.
Feb 18 06:58:08 debianWebServer systemd[1]: apt-daily-upgrade.timer: Adding 44min 41.161590s random time.
Feb 18 06:58:08 debianWebServer systemd[1]: apt-daily-upgrade.timer: Adding 35min 54.773138s random time.
Feb 18 07:00:01 debianWebServer CRON[127438]: (smmsp) CMD (test -x /etc/init.d/sendmail && test -x /usr/share/sendmail/sendmail && test -x /usr/lib/sm.bin/sendmail && /usr/share/sendmail/sendmail cron-msp)
Feb 18 07:00:01 debianWebServer CRON[127441]: (root) CMD (   test -x /usr/sbin/tigercron && { [ -r "$DEFAULT" ] && . "$DEFAULT" ; nice -n$NICETIGER /usr/sbin/tigercron -q ; })
Feb 18 07:17:01 debianWebServer CRON[127578]: (root) CMD (   cd / && run-parts --report /etc/cron.hourly)
Feb 18 07:20:01 debianWebServer CRON[127583]: (smmsp) CMD (test -x /etc/init.d/sendmail && test -x /usr/share/sendmail/sendmail && test -x /usr/lib/sm.bin/sendmail && /usr/share/sendmail/sendmail cron-msp)
Feb 18 07:28:51 debianWebServer systemd[1]: Stopping User Manager for UID 1000...
Feb 18 07:28:51 debianWebServer systemd[76389]: Stopped target Default.
Feb 18 07:28:52 debianWebServer systemd[76389]: Stopped target Basic System.
Feb 18 07:28:52 debianWebServer systemd[76389]: Stopped target Paths.
Feb 18 07:28:52 debianWebServer systemd[76389]: Stopped target Timers.
Feb 18 07:28:52 debianWebServer systemd[76389]: Stopped target Sockets.
Feb 18 07:28:52 debianWebServer systemd[76389]: Closed GnuPG cryptographic agent (access for web browsers).
Feb 18 07:28:52 debianWebServer systemd[76389]: Closed GnuPG cryptographic agent (ssh-agent emulation).
Feb 18 07:28:52 debianWebServer systemd[76389]: Closed GnuPG cryptographic agent and passphrase cache.
Feb 18 07:28:52 debianWebServer systemd[76389]: Closed GnuPG cryptographic agent and passphrase cache (restricted).
Feb 18 07:28:52 debianWebServer systemd[76389]: Reached target Shutdown.
Feb 18 07:28:52 debianWebServer systemd[76389]: Starting Exit the Session...
Feb 18 07:28:52 debianWebServer systemd[76389]: Received SIGRTMIN+24 from PID 127608 (kill).
Feb 18 07:28:52 debianWebServer systemd[1]: Stopped User Manager for UID 1000.
Feb 18 07:28:52 debianWebServer systemd[1]: Removed slice User Slice of auditor.
Feb 18 07:36:52 debianWebServer systemd[1]: Created slice User Slice of auditor.
Feb 18 07:36:52 debianWebServer systemd[1]: Starting User Manager for UID 1000...
Feb 18 07:36:52 debianWebServer systemd[1]: Started Session 189 of user auditor.
Feb 18 07:36:52 debianWebServer systemd[127621]: Listening on GnuPG cryptographic agent (ssh-agent emulation).
Feb 18 07:36:52 debianWebServer systemd[127621]: Reached target Timers.
Feb 18 07:36:52 debianWebServer systemd[127621]: Listening on GnuPG cryptographic agent and passphrase cache (restricted).
Feb 18 07:36:52 debianWebServer systemd[127621]: Listening on GnuPG cryptographic agent (access for web browsers).
Feb 18 07:36:52 debianWebServer systemd[127621]: Listening on GnuPG cryptographic agent and passphrase cache.
Feb 18 07:36:52 debianWebServer systemd[127621]: Reached target Sockets.
Feb 18 07:36:52 debianWebServer systemd[127621]: Reached target Paths.
Feb 18 07:36:52 debianWebServer systemd[127621]: Reached target Basic System.
Feb 18 07:36:52 debianWebServer systemd[127621]: Reached target Default.
Feb 18 07:36:52 debianWebServer systemd[127621]: Startup finished in 20ms.
Feb 18 07:36:52 debianWebServer systemd[1]: Started User Manager for UID 1000.
Feb 18 07:37:03 debianWebServer systemd[1]: Stopping User Manager for UID 1000...
Feb 18 07:37:03 debianWebServer systemd[127621]: Stopped target Default.
Feb 18 07:37:03 debianWebServer systemd[127621]: Stopped target Basic System.
Feb 18 07:37:03 debianWebServer systemd[127621]: Stopped target Timers.
Feb 18 07:37:03 debianWebServer systemd[127621]: Stopped target Sockets.
Feb 18 07:37:03 debianWebServer systemd[127621]: Closed GnuPG cryptographic agent (access for web browsers).
Feb 18 07:37:03 debianWebServer systemd[127621]: Closed GnuPG cryptographic agent and passphrase cache.
Feb 18 07:37:03 debianWebServer systemd[127621]: Stopped target Paths.
Feb 18 07:37:03 debianWebServer systemd[127621]: Closed GnuPG cryptographic agent and passphrase cache (restricted).
Feb 18 07:37:03 debianWebServer systemd[127621]: Closed GnuPG cryptographic agent (ssh-agent emulation).
Feb 18 07:37:03 debianWebServer systemd[127621]: Reached target Shutdown.
Feb 18 07:37:03 debianWebServer systemd[127621]: Starting Exit the Session...
Feb 18 07:37:03 debianWebServer systemd[127621]: Received SIGRTMIN+24 from PID 127641 (kill).
Feb 18 07:37:03 debianWebServer systemd[1]: Stopped User Manager for UID 1000.
Feb 18 07:37:03 debianWebServer systemd[1]: Removed slice User Slice of auditor.
Feb 18 07:39:49 debianWebServer systemd[1]: Created slice User Slice of auditor.
Feb 18 07:39:49 debianWebServer systemd[1]: Starting User Manager for UID 1000...
Feb 18 07:39:49 debianWebServer systemd[1]: Started Session 191 of user auditor.
Feb 18 07:39:49 debianWebServer systemd[127653]: Reached target Timers.
Feb 18 07:39:49 debianWebServer systemd[127653]: Listening on GnuPG cryptographic agent (access for web browsers).
Feb 18 07:39:49 debianWebServer systemd[127653]: Listening on GnuPG cryptographic agent and passphrase cache (restricted).
Feb 18 07:39:49 debianWebServer systemd[127653]: Listening on GnuPG cryptographic agent (ssh-agent emulation).
Feb 18 07:39:49 debianWebServer systemd[127653]: Listening on GnuPG cryptographic agent and passphrase cache.
Feb 18 07:39:49 debianWebServer systemd[127653]: Reached target Sockets.
Feb 18 07:39:49 debianWebServer systemd[127653]: Reached target Paths.
Feb 18 07:39:49 debianWebServer systemd[127653]: Reached target Basic System.
Feb 18 07:39:49 debianWebServer systemd[127653]: Reached target Default.
Feb 18 07:39:49 debianWebServer systemd[127653]: Startup finished in 8ms.
Feb 18 07:39:49 debianWebServer systemd[1]: Started User Manager for UID 1000.
Feb 18 07:40:01 debianWebServer CRON[127671]: (smmsp) CMD (test -x /etc/init.d/sendmail && test -x /usr/share/sendmail/sendmail && test -x /usr/lib/sm.bin/sendmail && /usr/share/sendmail/sendmail cron-msp)
Feb 18 08:00:01 debianWebServer CRON[127710]: (smmsp) CMD (test -x /etc/init.d/sendmail && test -x /usr/share/sendmail/sendmail && test -x /usr/lib/sm.bin/sendmail && /usr/share/sendmail/sendmail cron-msp)
Feb 18 08:00:01 debianWebServer CRON[127712]: (root) CMD (   test -x /usr/sbin/tigercron && { [ -r "$DEFAULT" ] && . "$DEFAULT" ; nice -n$NICETIGER /usr/sbin/tigercron -q ; })
Feb 18 08:00:02 debianWebServer crontab[129240]: (root) LIST (nobody)
Feb 18 08:00:11 debianWebServer sendmail[129993]: x1IE0Brg129993: from=root, size=1430, class=0, nrcpts=1, msgid=<201902181400.x1IE0Brg129993@debianWebServer.aud507.local>, bodytype=8BITMIME, relay=root@localhost
Feb 18 08:00:11 debianWebServer sm-mta[129994]: x1IE0BMs129994: from=<root@debianWebServer.aud507.local>, size=1746, class=0, nrcpts=1, msgid=<201902181400.x1IE0Brg129993@debianWebServer.aud507.local>, bodytype=7BIT, proto=ESMTP, daemon=MTA-v4, relay=localhost [127.0.0.1]
Feb 18 08:00:11 debianWebServer sendmail[129993]: x1IE0Brg129993: to=root, ctladdr=root (0/0), delay=00:00:00, xdelay=00:00:00, mailer=relay, pri=31430, relay=[127.0.0.1] [127.0.0.1], dsn=2.0.0, stat=Sent (x1IE0BMs129994 Message accepted for delivery)
Feb 18 08:00:11 debianWebServer sm-mta[129995]: x1IE0BMs129994: to=<root@debianWebServer.aud507.local>, ctladdr=<root@debianWebServer.aud507.local> (0/0), delay=00:00:00, xdelay=00:00:00, mailer=local, pri=31992, dsn=2.0.0, stat=Sent
Feb 18 08:03:49 debianWebServer docker[840]: 10.50.7.20 - - [18/Feb/2019:14:03:49 +0000] "GET / HTTP/1.0" 302 442 "-" "-"
Feb 18 08:03:55 debianWebServer docker[840]: 10.50.7.20 - - [18/Feb/2019:14:03:55 +0000] "GET /nmaplowercheck1550498635 HTTP/1.1" 404 478 "-" "Mozilla/5.0 (compatible; Nmap Scripting Engine; https://nmap.org/book/nse.html)"
Feb 18 08:03:55 debianWebServer docker[840]: 10.50.7.20 - - [18/Feb/2019:14:03:55 +0000] "POST /sdk HTTP/1.1" 404 457 "-" "Mozilla/5.0 (compatible; Nmap Scripting Engine; https://nmap.org/book/nse.html)"
Feb 18 08:03:55 debianWebServer docker[840]: 10.50.7.20 - - [18/Feb/2019:14:03:55 +0000] "GET / HTTP/1.0" 302 442 "-" "-"
Feb 18 08:03:55 debianWebServer docker[840]: 10.50.7.20 - - [18/Feb/2019:14:03:55 +0000] "GET /HNAP1 HTTP/1.1" 404 459 "-" "Mozilla/5.0 (compatible; Nmap Scripting Engine; https://nmap.org/book/nse.html)"
Feb 18 08:03:55 debianWebServer docker[840]: 10.50.7.20 - - [18/Feb/2019:14:03:55 +0000] "GET / HTTP/1.1" 302 423 "-" "-"
Feb 18 08:03:55 debianWebServer docker[840]: 10.50.7.20 - - [18/Feb/2019:14:03:55 +0000] "GET /evox/about HTTP/1.1" 404 464 "-" "Mozilla/5.0 (compatible; Nmap Scripting Engine; https://nmap.org/book/nse.html)"
Feb 18 08:05:23 debianWebServer docker[840]: 10.50.7.20 - - [18/Feb/2019:14:05:22 +0000] "GET / HTTP/1.0" 302 442 "-" "-"
Feb 18 08:05:23 debianWebServer docker[840]: 10.50.7.20 - - [18/Feb/2019:14:05:23 +0000] "POST /sdk HTTP/1.1" 404 457 "-" "Mozilla/5.0 (compatible; Nmap Scripting Engine; https://nmap.org/book/nse.html)"
Feb 18 08:05:23 debianWebServer docker[840]: 10.50.7.20 - - [18/Feb/2019:14:05:23 +0000] "GET /nmaplowercheck1550498723 HTTP/1.1" 404 478 "-" "Mozilla/5.0 (compatible; Nmap Scripting Engine; https://nmap.org/book/nse.html)"
Feb 18 08:05:23 debianWebServer docker[840]: 10.50.7.20 - - [18/Feb/2019:14:05:23 +0000] "GET / HTTP/1.0" 302 442 "-" "-"
Feb 18 08:05:23 debianWebServer docker[840]: 10.50.7.20 - - [18/Feb/2019:14:05:23 +0000] "GET /evox/about HTTP/1.1" 404 464 "-" "Mozilla/5.0 (compatible; Nmap Scripting Engine; https://nmap.org/book/nse.html)"
Feb 18 08:05:23 debianWebServer docker[840]: 10.50.7.20 - - [18/Feb/2019:14:05:23 +0000] "GET /HNAP1 HTTP/1.1" 404 459 "-" "Mozilla/5.0 (compatible; Nmap Scripting Engine; https://nmap.org/book/nse.html)"
Feb 18 08:05:23 debianWebServer docker[840]: 10.50.7.20 - - [18/Feb/2019:14:05:23 +0000] "GET / HTTP/1.1" 302 423 "-" "-"
Feb 18 08:08:36 debianWebServer docker[840]: 10.50.7.20 - - [18/Feb/2019:14:08:35 +0000] "GET / HTTP/1.0" 302 442 "-" "-"
Feb 18 08:08:42 debianWebServer docker[840]: 10.50.7.20 - - [18/Feb/2019:14:08:42 +0000] "GET /nmaplowercheck1550498922 HTTP/1.1" 404 478 "-" "Mozilla/5.0 (compatible; Nmap Scripting Engine; https://nmap.org/book/nse.html)"
Feb 18 08:08:42 debianWebServer docker[840]: 10.50.7.20 - - [18/Feb/2019:14:08:42 +0000] "POST /sdk HTTP/1.1" 404 457 "-" "Mozilla/5.0 (compatible; Nmap Scripting Engine; https://nmap.org/book/nse.html)"
Feb 18 08:08:42 debianWebServer docker[840]: 10.50.7.20 - - [18/Feb/2019:14:08:42 +0000] "GET / HTTP/1.0" 302 442 "-" "-"
Feb 18 08:08:42 debianWebServer docker[840]: 10.50.7.20 - - [18/Feb/2019:14:08:42 +0000] "GET /HNAP1 HTTP/1.1" 404 459 "-" "Mozilla/5.0 (compatible; Nmap Scripting Engine; https://nmap.org/book/nse.html)"
Feb 18 08:08:42 debianWebServer docker[840]: 10.50.7.20 - - [18/Feb/2019:14:08:42 +0000] "GET / HTTP/1.1" 302 423 "-" "-"
Feb 18 08:08:42 debianWebServer docker[840]: 10.50.7.20 - - [18/Feb/2019:14:08:42 +0000] "GET /evox/about HTTP/1.1" 404 464 "-" "Mozilla/5.0 (compatible; Nmap Scripting Engine; https://nmap.org/book/nse.html)"
Feb 18 08:17:01 debianWebServer CRON[130030]: (root) CMD (   cd / && run-parts --report /etc/cron.hourly)
Feb 18 08:20:01 debianWebServer CRON[130035]: (smmsp) CMD (test -x /etc/init.d/sendmail && test -x /usr/share/sendmail/sendmail && test -x /usr/lib/sm.bin/sendmail && /usr/share/sendmail/sendmail cron-msp)
Feb 18 08:40:01 debianWebServer CRON[130063]: (smmsp) CMD (test -x /etc/init.d/sendmail && test -x /usr/share/sendmail/sendmail && test -x /usr/lib/sm.bin/sendmail && /usr/share/sendmail/sendmail cron-msp)
Feb 18 09:00:01 debianWebServer CRON[130093]: (smmsp) CMD (test -x /etc/init.d/sendmail && test -x /usr/share/sendmail/sendmail && test -x /usr/lib/sm.bin/sendmail && /usr/share/sendmail/sendmail cron-msp)
Feb 18 09:00:01 debianWebServer CRON[130094]: (root) CMD (   test -x /usr/sbin/tigercron && { [ -r "$DEFAULT" ] && . "$DEFAULT" ; nice -n$NICETIGER /usr/sbin/tigercron -q ; })
Feb 18 09:02:13 debianWebServer systemd[1]: Starting Daily apt download activities...
Feb 18 09:06:16 debianWebServer systemd[1]: Started Daily apt download activities.
Feb 18 09:06:16 debianWebServer systemd[1]: apt-daily.timer: Adding 9h 59min 17.552202s random time.
Feb 18 09:06:16 debianWebServer systemd[1]: apt-daily.timer: Adding 4h 14min 14.603153s random time.
Feb 18 09:17:01 debianWebServer CRON[130289]: (root) CMD (   cd / && run-parts --report /etc/cron.hourly)
Feb 18 09:20:01 debianWebServer CRON[130293]: (smmsp) CMD (test -x /etc/init.d/sendmail && test -x /usr/share/sendmail/sendmail && test -x /usr/lib/sm.bin/sendmail && /usr/share/sendmail/sendmail cron-msp)
Feb 18 09:40:01 debianWebServer CRON[130321]: (smmsp) CMD (test -x /etc/init.d/sendmail && test -x /usr/share/sendmail/sendmail && test -x /usr/lib/sm.bin/sendmail && /usr/share/sendmail/sendmail cron-msp)
Feb 18 09:51:20 debianWebServer systemd[1]: Stopping User Manager for UID 1000...
Feb 18 09:51:20 debianWebServer systemd[127653]: Stopped target Default.
Feb 18 09:51:20 debianWebServer systemd[127653]: Stopped target Basic System.
Feb 18 09:51:20 debianWebServer systemd[127653]: Stopped target Paths.
Feb 18 09:51:20 debianWebServer systemd[127653]: Stopped target Sockets.
Feb 18 09:51:20 debianWebServer systemd[127653]: Closed GnuPG cryptographic agent (ssh-agent emulation).
Feb 18 09:51:20 debianWebServer systemd[127653]: Closed GnuPG cryptographic agent and passphrase cache (restricted).
Feb 18 09:51:20 debianWebServer systemd[127653]: Closed GnuPG cryptographic agent and passphrase cache.
Feb 18 09:51:20 debianWebServer systemd[127653]: Closed GnuPG cryptographic agent (access for web browsers).
Feb 18 09:51:20 debianWebServer systemd[127653]: Reached target Shutdown.
Feb 18 09:51:20 debianWebServer systemd[127653]: Starting Exit the Session...
Feb 18 09:51:20 debianWebServer systemd[127653]: Stopped target Timers.
Feb 18 09:51:20 debianWebServer systemd[127653]: Received SIGRTMIN+24 from PID 130347 (kill).
Feb 18 09:51:20 debianWebServer systemd[1]: Stopped User Manager for UID 1000.
Feb 18 09:51:20 debianWebServer systemd[1]: Removed slice User Slice of auditor.
Feb 18 10:00:01 debianWebServer CRON[130361]: (smmsp) CMD (test -x /etc/init.d/sendmail && test -x /usr/share/sendmail/sendmail && test -x /usr/lib/sm.bin/sendmail && /usr/share/sendmail/sendmail cron-msp)
Feb 18 10:00:01 debianWebServer CRON[130363]: (root) CMD (   test -x /usr/sbin/tigercron && { [ -r "$DEFAULT" ] && . "$DEFAULT" ; nice -n$NICETIGER /usr/sbin/tigercron -q ; })
Feb 18 10:15:09 debianWebServer docker[837]: SequelizeDatabaseError: SQLITE_ERROR: near "%": syntax error
Feb 18 10:15:09 debianWebServer docker[837]:     at Query.formatError (/juice-shop/node_modules/sequelize/lib/dialects/sqlite/query.js:423:16)
Feb 18 10:15:09 debianWebServer docker[837]:     at afterExecute (/juice-shop/node_modules/sequelize/lib/dialects/sqlite/query.js:119:32)
Feb 18 10:15:09 debianWebServer docker[837]:     at replacement (/juice-shop/node_modules/sqlite3/lib/trace.js:19:31)
Feb 18 10:15:09 debianWebServer docker[837]:     at Statement.errBack (/juice-shop/node_modules/sqlite3/lib/sqlite3.js:16:21)
Feb 18 10:15:13 debianWebServer docker[837]: SequelizeDatabaseError: SQLITE_ERROR: incomplete input
Feb 18 10:15:13 debianWebServer docker[837]:     at Query.formatError (/juice-shop/node_modules/sequelize/lib/dialects/sqlite/query.js:423:16)
Feb 18 10:15:13 debianWebServer docker[837]:     at afterExecute (/juice-shop/node_modules/sequelize/lib/dialects/sqlite/query.js:119:32)
Feb 18 10:15:13 debianWebServer docker[837]:     at replacement (/juice-shop/node_modules/sqlite3/lib/trace.js:19:31)
Feb 18 10:15:13 debianWebServer docker[837]:     at Statement.errBack (/juice-shop/node_modules/sqlite3/lib/sqlite3.js:16:21)
Feb 18 10:15:31 debianWebServer docker[837]: SequelizeDatabaseError: SQLITE_ERROR: near "0": syntax error
Feb 18 10:15:31 debianWebServer docker[837]:     at Query.formatError (/juice-shop/node_modules/sequelize/lib/dialects/sqlite/query.js:423:16)
Feb 18 10:15:31 debianWebServer docker[837]:     at afterExecute (/juice-shop/node_modules/sequelize/lib/dialects/sqlite/query.js:119:32)
Feb 18 10:15:31 debianWebServer docker[837]:     at replacement (/juice-shop/node_modules/sqlite3/lib/trace.js:19:31)
Feb 18 10:15:31 debianWebServer docker[837]:     at Statement.errBack (/juice-shop/node_modules/sqlite3/lib/sqlite3.js:16:21)
Feb 18 10:15:42 debianWebServer docker[837]: SequelizeDatabaseError: SQLITE_ERROR: near "sleep": syntax error
Feb 18 10:15:42 debianWebServer docker[837]:     at Query.formatError (/juice-shop/node_modules/sequelize/lib/dialects/sqlite/query.js:423:16)
Feb 18 10:15:42 debianWebServer docker[837]:     at afterExecute (/juice-shop/node_modules/sequelize/lib/dialects/sqlite/query.js:119:32)
Feb 18 10:15:42 debianWebServer docker[837]:     at replacement (/juice-shop/node_modules/sqlite3/lib/trace.js:19:31)
Feb 18 10:15:42 debianWebServer docker[837]:     at Statement.errBack (/juice-shop/node_modules/sqlite3/lib/sqlite3.js:16:21)
Feb 18 10:16:20 debianWebServer docker[837]: SequelizeDatabaseError: SQLITE_ERROR: near "'%'": syntax error
Feb 18 10:16:20 debianWebServer docker[837]:     at Query.formatError (/juice-shop/node_modules/sequelize/lib/dialects/sqlite/query.js:423:16)
Feb 18 10:16:20 debianWebServer docker[837]:     at afterExecute (/juice-shop/node_modules/sequelize/lib/dialects/sqlite/query.js:119:32)
Feb 18 10:16:20 debianWebServer docker[837]:     at replacement (/juice-shop/node_modules/sqlite3/lib/trace.js:19:31)
Feb 18 10:16:20 debianWebServer docker[837]:     at Statement.errBack (/juice-shop/node_modules/sqlite3/lib/sqlite3.js:16:21)
Feb 18 10:16:26 debianWebServer docker[837]: SequelizeDatabaseError: SQLITE_ERROR: near ";": syntax error
Feb 18 10:16:26 debianWebServer docker[837]:     at Query.formatError (/juice-shop/node_modules/sequelize/lib/dialects/sqlite/query.js:423:16)
Feb 18 10:16:26 debianWebServer docker[837]:     at afterExecute (/juice-shop/node_modules/sequelize/lib/dialects/sqlite/query.js:119:32)
Feb 18 10:16:26 debianWebServer docker[837]:     at replacement (/juice-shop/node_modules/sqlite3/lib/trace.js:19:31)
Feb 18 10:16:26 debianWebServer docker[837]:     at Statement.errBack (/juice-shop/node_modules/sqlite3/lib/sqlite3.js:16:21)
Feb 18 10:16:29 debianWebServer docker[837]: SequelizeDatabaseError: SQLITE_ERROR: incomplete input
Feb 18 10:16:29 debianWebServer docker[837]:     at Query.formatError (/juice-shop/node_modules/sequelize/lib/dialects/sqlite/query.js:423:16)
Feb 18 10:16:29 debianWebServer docker[837]:     at afterExecute (/juice-shop/node_modules/sequelize/lib/dialects/sqlite/query.js:119:32)
Feb 18 10:16:29 debianWebServer docker[837]:     at replacement (/juice-shop/node_modules/sqlite3/lib/trace.js:19:31)
Feb 18 10:16:29 debianWebServer docker[837]:     at Statement.errBack (/juice-shop/node_modules/sqlite3/lib/sqlite3.js:16:21)
Feb 18 10:16:39 debianWebServer docker[837]: SequelizeDatabaseError: SQLITE_ERROR: incomplete input
Feb 18 10:16:39 debianWebServer docker[837]:     at Query.formatError (/juice-shop/node_modules/sequelize/lib/dialects/sqlite/query.js:423:16)
Feb 18 10:16:39 debianWebServer docker[837]:     at afterExecute (/juice-shop/node_modules/sequelize/lib/dialects/sqlite/query.js:119:32)
Feb 18 10:16:39 debianWebServer docker[837]:     at replacement (/juice-shop/node_modules/sqlite3/lib/trace.js:19:31)
Feb 18 10:16:39 debianWebServer docker[837]:     at Statement.errBack (/juice-shop/node_modules/sqlite3/lib/sqlite3.js:16:21)
Feb 18 10:16:46 debianWebServer docker[837]: SequelizeDatabaseError: SQLITE_ERROR: incomplete input
Feb 18 10:16:46 debianWebServer docker[837]:     at Query.formatError (/juice-shop/node_modules/sequelize/lib/dialects/sqlite/query.js:423:16)
Feb 18 10:16:46 debianWebServer docker[837]:     at afterExecute (/juice-shop/node_modules/sequelize/lib/dialects/sqlite/query.js:119:32)
Feb 18 10:16:46 debianWebServer docker[837]:     at replacement (/juice-shop/node_modules/sqlite3/lib/trace.js:19:31)
Feb 18 10:16:46 debianWebServer docker[837]:     at Statement.errBack (/juice-shop/node_modules/sqlite3/lib/sqlite3.js:16:21)
Feb 18 10:17:01 debianWebServer CRON[130672]: (root) CMD (   cd / && run-parts --report /etc/cron.hourly)
Feb 18 10:20:01 debianWebServer CRON[130677]: (smmsp) CMD (test -x /etc/init.d/sendmail && test -x /usr/share/sendmail/sendmail && test -x /usr/lib/sm.bin/sendmail && /usr/share/sendmail/sendmail cron-msp)
Feb 18 10:23:04 debianWebServer docker[837]: SequelizeDatabaseError: SQLITE_ERROR: near "'%'": syntax error
Feb 18 10:23:04 debianWebServer docker[837]:     at Query.formatError (/juice-shop/node_modules/sequelize/lib/dialects/sqlite/query.js:423:16)
Feb 18 10:23:04 debianWebServer docker[837]:     at afterExecute (/juice-shop/node_modules/sequelize/lib/dialects/sqlite/query.js:119:32)
Feb 18 10:23:04 debianWebServer docker[837]:     at replacement (/juice-shop/node_modules/sqlite3/lib/trace.js:19:31)
Feb 18 10:23:04 debianWebServer docker[837]:     at Statement.errBack (/juice-shop/node_modules/sqlite3/lib/sqlite3.js:16:21)
Feb 18 10:23:38 debianWebServer docker[837]: SequelizeDatabaseError: SQLITE_ERROR: near "'%'": syntax error
Feb 18 10:23:38 debianWebServer docker[837]:     at Query.formatError (/juice-shop/node_modules/sequelize/lib/dialects/sqlite/query.js:423:16)
Feb 18 10:23:38 debianWebServer docker[837]:     at afterExecute (/juice-shop/node_modules/sequelize/lib/dialects/sqlite/query.js:119:32)
Feb 18 10:23:38 debianWebServer docker[837]:     at replacement (/juice-shop/node_modules/sqlite3/lib/trace.js:19:31)
Feb 18 10:23:38 debianWebServer docker[837]:     at Statement.errBack (/juice-shop/node_modules/sqlite3/lib/sqlite3.js:16:21)
Feb 18 10:23:50 debianWebServer docker[837]: SequelizeDatabaseError: SQLITE_ERROR: near "'%'": syntax error
Feb 18 10:23:50 debianWebServer docker[837]:     at Query.formatError (/juice-shop/node_modules/sequelize/lib/dialects/sqlite/query.js:423:16)
Feb 18 10:23:50 debianWebServer docker[837]:     at afterExecute (/juice-shop/node_modules/sequelize/lib/dialects/sqlite/query.js:119:32)
Feb 18 10:23:50 debianWebServer docker[837]:     at replacement (/juice-shop/node_modules/sqlite3/lib/trace.js:19:31)
Feb 18 10:23:50 debianWebServer docker[837]:     at Statement.errBack (/juice-shop/node_modules/sqlite3/lib/sqlite3.js:16:21)
Feb 18 10:28:53 debianWebServer docker[837]: SequelizeDatabaseError: SQLITE_ERROR: near "%": syntax error
Feb 18 10:28:53 debianWebServer docker[837]:     at Query.formatError (/juice-shop/node_modules/sequelize/lib/dialects/sqlite/query.js:423:16)
Feb 18 10:28:53 debianWebServer docker[837]:     at afterExecute (/juice-shop/node_modules/sequelize/lib/dialects/sqlite/query.js:119:32)
Feb 18 10:28:53 debianWebServer docker[837]:     at replacement (/juice-shop/node_modules/sqlite3/lib/trace.js:19:31)
Feb 18 10:28:53 debianWebServer docker[837]:     at Statement.errBack (/juice-shop/node_modules/sqlite3/lib/sqlite3.js:16:21)
Feb 18 10:28:57 debianWebServer docker[837]: SequelizeDatabaseError: SQLITE_ERROR: incomplete input
Feb 18 10:28:57 debianWebServer docker[837]:     at Query.formatError (/juice-shop/node_modules/sequelize/lib/dialects/sqlite/query.js:423:16)
Feb 18 10:28:57 debianWebServer docker[837]:     at afterExecute (/juice-shop/node_modules/sequelize/lib/dialects/sqlite/query.js:119:32)
Feb 18 10:28:57 debianWebServer docker[837]:     at replacement (/juice-shop/node_modules/sqlite3/lib/trace.js:19:31)
Feb 18 10:28:57 debianWebServer docker[837]:     at Statement.errBack (/juice-shop/node_modules/sqlite3/lib/sqlite3.js:16:21)
Feb 18 10:29:14 debianWebServer docker[837]: SequelizeDatabaseError: SQLITE_ERROR: near "0": syntax error
Feb 18 10:29:14 debianWebServer docker[837]:     at Query.formatError (/juice-shop/node_modules/sequelize/lib/dialects/sqlite/query.js:423:16)
Feb 18 10:29:14 debianWebServer docker[837]:     at afterExecute (/juice-shop/node_modules/sequelize/lib/dialects/sqlite/query.js:119:32)
Feb 18 10:29:14 debianWebServer docker[837]:     at replacement (/juice-shop/node_modules/sqlite3/lib/trace.js:19:31)
Feb 18 10:29:14 debianWebServer docker[837]:     at Statement.errBack (/juice-shop/node_modules/sqlite3/lib/sqlite3.js:16:21)
Feb 18 10:29:25 debianWebServer docker[837]: SequelizeDatabaseError: SQLITE_ERROR: near "sleep": syntax error
Feb 18 10:29:25 debianWebServer docker[837]:     at Query.formatError (/juice-shop/node_modules/sequelize/lib/dialects/sqlite/query.js:423:16)
Feb 18 10:29:25 debianWebServer docker[837]:     at afterExecute (/juice-shop/node_modules/sequelize/lib/dialects/sqlite/query.js:119:32)
Feb 18 10:29:25 debianWebServer docker[837]:     at replacement (/juice-shop/node_modules/sqlite3/lib/trace.js:19:31)
Feb 18 10:29:25 debianWebServer docker[837]:     at Statement.errBack (/juice-shop/node_modules/sqlite3/lib/sqlite3.js:16:21)
Feb 18 10:30:03 debianWebServer docker[837]: SequelizeDatabaseError: SQLITE_ERROR: near "'%'": syntax error
Feb 18 10:30:03 debianWebServer docker[837]:     at Query.formatError (/juice-shop/node_modules/sequelize/lib/dialects/sqlite/query.js:423:16)
Feb 18 10:30:03 debianWebServer docker[837]:     at afterExecute (/juice-shop/node_modules/sequelize/lib/dialects/sqlite/query.js:119:32)
Feb 18 10:30:03 debianWebServer docker[837]:     at replacement (/juice-shop/node_modules/sqlite3/lib/trace.js:19:31)
Feb 18 10:30:03 debianWebServer docker[837]:     at Statement.errBack (/juice-shop/node_modules/sqlite3/lib/sqlite3.js:16:21)
Feb 18 10:30:09 debianWebServer docker[837]: SequelizeDatabaseError: SQLITE_ERROR: near ";": syntax error
Feb 18 10:30:09 debianWebServer docker[837]:     at Query.formatError (/juice-shop/node_modules/sequelize/lib/dialects/sqlite/query.js:423:16)
Feb 18 10:30:09 debianWebServer docker[837]:     at afterExecute (/juice-shop/node_modules/sequelize/lib/dialects/sqlite/query.js:119:32)
Feb 18 10:30:09 debianWebServer docker[837]:     at replacement (/juice-shop/node_modules/sqlite3/lib/trace.js:19:31)
Feb 18 10:30:09 debianWebServer docker[837]:     at Statement.errBack (/juice-shop/node_modules/sqlite3/lib/sqlite3.js:16:21)
Feb 18 10:30:12 debianWebServer docker[837]: SequelizeDatabaseError: SQLITE_ERROR: incomplete input
Feb 18 10:30:12 debianWebServer docker[837]:     at Query.formatError (/juice-shop/node_modules/sequelize/lib/dialects/sqlite/query.js:423:16)
Feb 18 10:30:12 debianWebServer docker[837]:     at afterExecute (/juice-shop/node_modules/sequelize/lib/dialects/sqlite/query.js:119:32)
Feb 18 10:30:12 debianWebServer docker[837]:     at replacement (/juice-shop/node_modules/sqlite3/lib/trace.js:19:31)
Feb 18 10:30:12 debianWebServer docker[837]:     at Statement.errBack (/juice-shop/node_modules/sqlite3/lib/sqlite3.js:16:21)
Feb 18 10:30:22 debianWebServer docker[837]: SequelizeDatabaseError: SQLITE_ERROR: incomplete input
Feb 18 10:30:22 debianWebServer docker[837]:     at Query.formatError (/juice-shop/node_modules/sequelize/lib/dialects/sqlite/query.js:423:16)
Feb 18 10:30:22 debianWebServer docker[837]:     at afterExecute (/juice-shop/node_modules/sequelize/lib/dialects/sqlite/query.js:119:32)
Feb 18 10:30:22 debianWebServer docker[837]:     at replacement (/juice-shop/node_modules/sqlite3/lib/trace.js:19:31)
Feb 18 10:30:22 debianWebServer docker[837]:     at Statement.errBack (/juice-shop/node_modules/sqlite3/lib/sqlite3.js:16:21)
Feb 18 10:30:29 debianWebServer docker[837]: SequelizeDatabaseError: SQLITE_ERROR: incomplete input
Feb 18 10:30:29 debianWebServer docker[837]:     at Query.formatError (/juice-shop/node_modules/sequelize/lib/dialects/sqlite/query.js:423:16)
Feb 18 10:30:29 debianWebServer docker[837]:     at afterExecute (/juice-shop/node_modules/sequelize/lib/dialects/sqlite/query.js:119:32)
Feb 18 10:30:29 debianWebServer docker[837]:     at replacement (/juice-shop/node_modules/sqlite3/lib/trace.js:19:31)
Feb 18 10:30:29 debianWebServer docker[837]:     at Statement.errBack (/juice-shop/node_modules/sqlite3/lib/sqlite3.js:16:21)
Feb 18 10:40:01 debianWebServer CRON[130764]: (smmsp) CMD (test -x /etc/init.d/sendmail && test -x /usr/share/sendmail/sendmail && test -x /usr/lib/sm.bin/sendmail && /usr/share/sendmail/sendmail cron-msp)
Feb 18 11:00:01 debianWebServer CRON[130845]: (smmsp) CMD (test -x /etc/init.d/sendmail && test -x /usr/share/sendmail/sendmail && test -x /usr/lib/sm.bin/sendmail && /usr/share/sendmail/sendmail cron-msp)
Feb 18 11:00:01 debianWebServer CRON[130846]: (root) CMD (   test -x /usr/sbin/tigercron && { [ -r "$DEFAULT" ] && . "$DEFAULT" ; nice -n$NICETIGER /usr/sbin/tigercron -q ; })
Feb 18 11:17:01 debianWebServer CRON[130984]: (root) CMD (   cd / && run-parts --report /etc/cron.hourly)
Feb 18 11:20:01 debianWebServer CRON[130989]: (smmsp) CMD (test -x /etc/init.d/sendmail && test -x /usr/share/sendmail/sendmail && test -x /usr/lib/sm.bin/sendmail && /usr/share/sendmail/sendmail cron-msp)
Feb 18 11:40:01 debianWebServer CRON[131016]: (smmsp) CMD (test -x /etc/init.d/sendmail && test -x /usr/share/sendmail/sendmail && test -x /usr/lib/sm.bin/sendmail && /usr/share/sendmail/sendmail cron-msp)
Feb 18 11:42:14 debianWebServer docker[837]: Solved challenge Password Strength (Log in with the administrator's user credentials without previously changing them or applying SQL Injection.)
Feb 18 11:44:24 debianWebServer kernel: [146355.533959] hrtimer: interrupt took 294282 ns
Feb 18 12:00:01 debianWebServer CRON[131046]: (smmsp) CMD (test -x /etc/init.d/sendmail && test -x /usr/share/sendmail/sendmail && test -x /usr/lib/sm.bin/sendmail && /usr/share/sendmail/sendmail cron-msp)
Feb 18 12:00:01 debianWebServer CRON[131047]: (root) CMD (   test -x /usr/sbin/tigercron && { [ -r "$DEFAULT" ] && . "$DEFAULT" ; nice -n$NICETIGER /usr/sbin/tigercron -q ; })
Feb 18 12:17:01 debianWebServer CRON[430]: (root) CMD (   cd / && run-parts --report /etc/cron.hourly)
Feb 18 12:20:01 debianWebServer CRON[434]: (smmsp) CMD (test -x /etc/init.d/sendmail && test -x /usr/share/sendmail/sendmail && test -x /usr/lib/sm.bin/sendmail && /usr/share/sendmail/sendmail cron-msp)
Feb 18 12:36:16 debianWebServer docker[840]: 10.50.7.128 - - [18/Feb/2019:18:36:15 +0000] "GET /login.php HTTP/1.1" 200 1154 "-" "Mozilla/5.0 (Windows NT 10.0; Win64; x64; rv:65.0) Gecko/20100101 Firefox/65.0"
Feb 18 12:36:16 debianWebServer docker[840]: 10.50.7.128 - - [18/Feb/2019:18:36:15 +0000] "GET /dvwa/css/login.css HTTP/1.1" 200 705 "http://dvwa.aud507.local/login.php" "Mozilla/5.0 (Windows NT 10.0; Win64; x64; rv:65.0) Gecko/20100101 Firefox/65.0"
Feb 18 12:36:16 debianWebServer docker[840]: 10.50.7.128 - - [18/Feb/2019:18:36:15 +0000] "GET /dvwa/images/login_logo.png HTTP/1.1" 200 9338 "http://dvwa.aud507.local/login.php" "Mozilla/5.0 (Windows NT 10.0; Win64; x64; rv:65.0) Gecko/20100101 Firefox/65.0"
Feb 18 12:36:16 debianWebServer docker[840]: 10.50.7.128 - - [18/Feb/2019:18:36:16 +0000] "GET /favicon.ico HTTP/1.1" 200 1670 "-" "Mozilla/5.0 (Windows NT 10.0; Win64; x64; rv:65.0) Gecko/20100101 Firefox/65.0"
Feb 18 12:37:16 debianWebServer systemd[1]: Created slice User Slice of root.
Feb 18 12:37:16 debianWebServer systemd[1]: Starting User Manager for UID 0...
Feb 18 12:37:16 debianWebServer systemd[1]: Started Session 218 of user root.
Feb 18 12:37:16 debianWebServer systemd[469]: Reached target Paths.
Feb 18 12:37:16 debianWebServer systemd[469]: Listening on GnuPG cryptographic agent (access for web browsers).
Feb 18 12:37:16 debianWebServer systemd[469]: Listening on GnuPG cryptographic agent and passphrase cache (restricted).
Feb 18 12:37:16 debianWebServer systemd[469]: Listening on GnuPG cryptographic agent and passphrase cache.
Feb 18 12:37:16 debianWebServer systemd[469]: Reached target Timers.
Feb 18 12:37:16 debianWebServer systemd[469]: Listening on GnuPG cryptographic agent (ssh-agent emulation).
Feb 18 12:37:16 debianWebServer systemd[469]: Reached target Sockets.
Feb 18 12:37:16 debianWebServer systemd[469]: Reached target Basic System.
Feb 18 12:37:16 debianWebServer systemd[469]: Reached target Default.
Feb 18 12:37:16 debianWebServer systemd[469]: Startup finished in 14ms.
Feb 18 12:37:16 debianWebServer systemd[1]: Started User Manager for UID 0.
Feb 18 12:40:01 debianWebServer CRON[519]: (smmsp) CMD (test -x /etc/init.d/sendmail && test -x /usr/share/sendmail/sendmail && test -x /usr/lib/sm.bin/sendmail && /usr/share/sendmail/sendmail cron-msp)
Feb 18 12:40:11 debianWebServer systemd[1]: Stopped target Graphical Interface.
Feb 18 12:40:11 debianWebServer systemd[1]: Stopping Authentication service for virtual machines hosted on VMware...
Feb 18 12:40:31 debianWebServer systemd[1]: Starting Flush Journal to Persistent Storage...
Feb 18 12:40:31 debianWebServer systemd[1]: Started udev Kernel Device Manager.
Feb 18 12:40:31 debianWebServer keyboard-setup.sh[219]: cannot open file /tmp/tmpkbd.0MtYBA
Feb 18 12:40:31 debianWebServer systemd[1]: Started udev Coldplug all Devices.
Feb 18 12:40:31 debianWebServer systemd[1]: Started Flush Journal to Persistent Storage.
Feb 18 12:40:31 debianWebServer systemd-udevd[267]: Process '/bin/sh -c 'echo 180 >/sys$DEVPATH/device/timeout'' failed with exit code 2.
Feb 18 12:40:31 debianWebServer systemd[1]: Reached target Bluetooth.
Feb 18 12:40:31 debianWebServer systemd[1]: Listening on Load/Save RF Kill Switch Status /dev/rfkill Watch.
Feb 18 12:40:31 debianWebServer systemd[1]: Starting Load/Save RF Kill Switch Status...
Feb 18 12:40:31 debianWebServer systemd[1]: Started Load/Save RF Kill Switch Status.
Feb 18 12:40:31 debianWebServer systemd-udevd[265]: Process '/bin/sh -c 'echo 180 >/sys$DEVPATH/device/timeout'' failed with exit code 2.
Feb 18 12:40:31 debianWebServer systemd[1]: Found device VMware_Virtual_S 5.
Feb 18 12:40:31 debianWebServer systemd[1]: Activating swap /dev/disk/by-uuid/cfde795e-f43a-4aa2-bcff-6aa5f1d0f794...
Feb 18 12:40:31 debianWebServer systemd[1]: Activated swap /dev/disk/by-uuid/cfde795e-f43a-4aa2-bcff-6aa5f1d0f794.
Feb 18 12:40:31 debianWebServer systemd[1]: Reached target Swap.
Feb 18 12:40:31 debianWebServer systemd-udevd[267]: Process '/bin/sh -c 'echo 180 >/sys$DEVPATH/device/timeout'' failed with exit code 2.
Feb 18 12:40:31 debianWebServer systemd-udevd[260]: Process '/bin/sh -c 'echo 180 >/sys$DEVPATH/device/timeout'' failed with exit code 2.
Feb 18 12:40:31 debianWebServer systemd[1]: Started Set the console keyboard layout.
Feb 18 12:40:31 debianWebServer systemd[1]: Reached target Local File Systems (Pre).
Feb 18 12:40:31 debianWebServer systemd[1]: Reached target Local File Systems.
Feb 18 12:40:31 debianWebServer systemd[1]: Starting Set console font and keymap...
Feb 18 12:40:31 debianWebServer systemd[1]: Starting Create Volatile Files and Directories...
Feb 18 12:40:31 debianWebServer systemd[1]: Starting Raise network interfaces...
Feb 18 12:40:31 debianWebServer systemd[1]: Started Set console font and keymap.
Feb 18 12:40:31 debianWebServer systemd[1]: Started Create Volatile Files and Directories.
Feb 18 12:40:31 debianWebServer systemd[1]: Starting Update UTMP about System Boot/Shutdown...
Feb 18 12:40:31 debianWebServer systemd[1]: Starting Network Time Synchronization...
Feb 18 12:40:31 debianWebServer systemd[1]: Started Update UTMP about System Boot/Shutdown.
Feb 18 12:40:31 debianWebServer systemd[1]: Started Network Time Synchronization.
Feb 18 12:40:31 debianWebServer systemd[1]: Reached target System Time Synchronized.
Feb 18 12:40:31 debianWebServer systemd[1]: Reached target System Initialization.
Feb 18 12:40:31 debianWebServer systemd[1]: Started Daily Cleanup of Temporary Directories.
Feb 18 12:40:31 debianWebServer systemd[1]: apt-daily.timer: Adding 4h 34min 13.208687s random time.
Feb 18 12:40:31 debianWebServer systemd[1]: Started Daily apt download activities.
Feb 18 12:40:31 debianWebServer systemd[1]: apt-daily-upgrade.timer: Adding 31min 59.676723s random time.
Feb 18 12:40:31 debianWebServer systemd[1]: Started Daily apt upgrade and clean activities.
Feb 18 12:40:31 debianWebServer systemd[1]: Reached target Timers.
Feb 18 12:40:31 debianWebServer systemd[1]: Starting Docker Socket for the API.
Feb 18 12:40:31 debianWebServer systemd[1]: Listening on D-Bus System Message Bus Socket.
Feb 18 12:40:31 debianWebServer systemd[1]: Listening on Docker Socket for the API.
Feb 18 12:40:31 debianWebServer systemd[1]: Reached target Sockets.
Feb 18 12:40:31 debianWebServer systemd[1]: Reached target Basic System.
Feb 18 12:40:31 debianWebServer systemd[1]: Started Authentication service for virtual machines hosted on VMware.
Feb 18 12:40:31 debianWebServer systemd[1]: Starting Login Service...
Feb 18 12:40:31 debianWebServer systemd[1]: Started D-Bus System Message Bus.
Feb 18 12:40:31 debianWebServer VGAuthService[412]: Core dump limit set to -1
Feb 18 12:40:31 debianWebServer systemd[1]: Started irqbalance daemon.
Feb 18 12:40:31 debianWebServer systemd[1]: Started Regular background program processing daemon.
Feb 18 12:40:31 debianWebServer systemd[1]: Starting System Logging Service...
Feb 18 12:40:31 debianWebServer kernel: [    0.000000] Linux version 4.9.0-8-amd64 (debian-kernel@lists.debian.org) (gcc version 6.3.0 20170516 (Debian 6.3.0-18+deb9u1) ) #1 SMP Debian 4.9.110-3+deb9u6 (2018-10-08)
Feb 18 12:40:31 debianWebServer kernel: [    0.000000] Command line: BOOT_IMAGE=/boot/vmlinuz-4.9.0-8-amd64 root=UUID=3146a4a1-b5ec-46c3-bc76-db412f6e809f ro quiet
Feb 18 12:40:31 debianWebServer kernel: [    0.000000] Disabled fast string operations
Feb 18 12:40:31 debianWebServer kernel: [    0.000000] x86/fpu: Supporting XSAVE feature 0x001: 'x87 floating point registers'
Feb 18 12:40:31 debianWebServer kernel: [    0.000000] x86/fpu: Supporting XSAVE feature 0x002: 'SSE registers'
Feb 18 12:40:31 debianWebServer kernel: [    0.000000] x86/fpu: Supporting XSAVE feature 0x004: 'AVX registers'
Feb 18 12:40:31 debianWebServer kernel: [    0.000000] x86/fpu: Supporting XSAVE feature 0x008: 'MPX bounds registers'
Feb 18 12:40:31 debianWebServer kernel: [    0.000000] x86/fpu: Supporting XSAVE feature 0x010: 'MPX CSR'
Feb 18 12:40:31 debianWebServer kernel: [    0.000000] x86/fpu: xstate_offset[2]:  576, xstate_sizes[2]:  256
Feb 18 12:40:31 debianWebServer kernel: [    0.000000] x86/fpu: xstate_offset[3]:  832, xstate_sizes[3]:   64
Feb 18 12:40:31 debianWebServer kernel: [    0.000000] x86/fpu: xstate_offset[4]:  896, xstate_sizes[4]:   64
Feb 18 12:40:31 debianWebServer kernel: [    0.000000] x86/fpu: Enabled xstate features 0x1f, context size is 960 bytes, using 'compacted' format.
Feb 18 12:40:31 debianWebServer kernel: [    0.000000] e820: BIOS-provided physical RAM map:
Feb 18 12:40:31 debianWebServer kernel: [    0.000000] BIOS-e820: [mem 0x0000000000000000-0x000000000009ebff] usable
Feb 18 12:40:31 debianWebServer kernel: [    0.000000] BIOS-e820: [mem 0x000000000009ec00-0x000000000009ffff] reserved
Feb 18 12:40:31 debianWebServer kernel: [    0.000000] BIOS-e820: [mem 0x00000000000dc000-0x00000000000fffff] reserved
Feb 18 12:40:31 debianWebServer kernel: [    0.000000] BIOS-e820: [mem 0x0000000000100000-0x000000003fedffff] usable
Feb 18 12:40:31 debianWebServer kernel: [    0.000000] BIOS-e820: [mem 0x000000003fee0000-0x000000003fefefff] ACPI data
Feb 18 12:40:31 debianWebServer kernel: [    0.000000] BIOS-e820: [mem 0x000000003feff000-0x000000003fefffff] ACPI NVS
Feb 18 12:40:31 debianWebServer kernel: [    0.000000] BIOS-e820: [mem 0x000000003ff00000-0x000000003fffffff] usable
Feb 18 12:40:31 debianWebServer kernel: [    0.000000] BIOS-e820: [mem 0x00000000f0000000-0x00000000f7ffffff] reserved
Feb 18 12:40:31 debianWebServer kernel: [    0.000000] BIOS-e820: [mem 0x00000000fec00000-0x00000000fec0ffff] reserved
Feb 18 12:40:31 debianWebServer kernel: [    0.000000] BIOS-e820: [mem 0x00000000fee00000-0x00000000fee00fff] reserved
Feb 18 12:40:31 debianWebServer kernel: [    0.000000] BIOS-e820: [mem 0x00000000fffe0000-0x00000000ffffffff] reserved
Feb 18 12:40:31 debianWebServer kernel: [    0.000000] NX (Execute Disable) protection: active
Feb 18 12:40:31 debianWebServer kernel: [    0.000000] SMBIOS 2.7 present.
Feb 18 12:40:31 debianWebServer kernel: [    0.000000] DMI: VMware, Inc. VMware Virtual Platform/440BX Desktop Reference Platform, BIOS 6.00 05/19/2017
Feb 18 12:40:31 debianWebServer kernel: [    0.000000] Hypervisor detected: VMware
Feb 18 12:40:31 debianWebServer kernel: [    0.000000] Host bus clock speed read from hypervisor : 66000000 Hz
Feb 18 12:40:31 debianWebServer kernel: [    0.000000] e820: update [mem 0x00000000-0x00000fff] usable ==> reserved
Feb 18 12:40:31 debianWebServer kernel: [    0.000000] e820: remove [mem 0x000a0000-0x000fffff] usable
Feb 18 12:40:31 debianWebServer kernel: [    0.000000] e820: last_pfn = 0x40000 max_arch_pfn = 0x400000000
Feb 18 12:40:31 debianWebServer kernel: [    0.000000] MTRR default type: uncachable
Feb 18 12:40:31 debianWebServer kernel: [    0.000000] MTRR fixed ranges enabled:
Feb 18 12:40:31 debianWebServer kernel: [    0.000000]   00000-9FFFF write-back
Feb 18 12:40:31 debianWebServer kernel: [    0.000000]   A0000-BFFFF uncachable
Feb 18 12:40:31 debianWebServer kernel: [    0.000000]   C0000-CBFFF write-protect
Feb 18 12:40:31 debianWebServer kernel: [    0.000000]   CC000-EFFFF uncachable
Feb 18 12:40:31 debianWebServer kernel: [    0.000000]   F0000-FFFFF write-protect
Feb 18 12:40:31 debianWebServer kernel: [    0.000000] MTRR variable ranges enabled:
Feb 18 12:40:31 debianWebServer kernel: [    0.000000]   0 base 00000000000 mask 7FFC0000000 write-back
Feb 18 12:40:31 debianWebServer kernel: [    0.000000]   1 disabled
Feb 18 12:40:31 debianWebServer kernel: [    0.000000]   2 disabled
Feb 18 12:40:31 debianWebServer kernel: [    0.000000]   3 disabled
Feb 18 12:40:31 debianWebServer kernel: [    0.000000]   4 disabled
Feb 18 12:40:31 debianWebServer kernel: [    0.000000]   5 disabled
Feb 18 12:40:31 debianWebServer kernel: [    0.000000]   6 disabled
Feb 18 12:40:31 debianWebServer kernel: [    0.000000]   7 disabled
Feb 18 12:40:31 debianWebServer kernel: [    0.000000] x86/PAT: Configuration [0-7]: WB  WC  UC- UC  WB  WC  UC- WT  
Feb 18 12:40:31 debianWebServer kernel: [    0.000000] found SMP MP-table at [mem 0x000f6a80-0x000f6a8f] mapped at [ffff9b2bc00f6a80]
Feb 18 12:40:31 debianWebServer kernel: [    0.000000] Base memory trampoline at [ffff9b2bc0098000] 98000 size 24576
Feb 18 12:40:31 debianWebServer kernel: [    0.000000] Using GB pages for direct mapping
Feb 18 12:40:31 debianWebServer kernel: [    0.000000] BRK [0x0bd3b000, 0x0bd3bfff] PGTABLE
Feb 18 12:40:31 debianWebServer kernel: [    0.000000] BRK [0x0bd3c000, 0x0bd3cfff] PGTABLE
Feb 18 12:40:31 debianWebServer kernel: [    0.000000] BRK [0x0bd3d000, 0x0bd3dfff] PGTABLE
Feb 18 12:40:31 debianWebServer kernel: [    0.000000] BRK [0x0bd3e000, 0x0bd3efff] PGTABLE
Feb 18 12:40:31 debianWebServer kernel: [    0.000000] BRK [0x0bd3f000, 0x0bd3ffff] PGTABLE
Feb 18 12:40:31 debianWebServer kernel: [    0.000000] RAMDISK: [mem 0x35d3d000-0x36e95fff]
Feb 18 12:40:31 debianWebServer kernel: [    0.000000] ACPI: Early table checksum verification disabled
Feb 18 12:40:31 debianWebServer kernel: [    0.000000] ACPI: RSDP 0x00000000000F6A10 000024 (v02 PTLTD )
Feb 18 12:40:31 debianWebServer kernel: [    0.000000] ACPI: XSDT 0x000000003FEEB683 00005C (v01 INTEL  440BX    06040000 VMW  01324272)
Feb 18 12:40:31 debianWebServer kernel: [    0.000000] ACPI: FACP 0x000000003FEFEE73 0000F4 (v04 INTEL  440BX    06040000 PTL  000F4240)
Feb 18 12:40:31 debianWebServer kernel: [    0.000000] ACPI: DSDT 0x000000003FEEC923 012550 (v01 PTLTD  Custom   06040000 MSFT 03000001)
Feb 18 12:40:31 debianWebServer kernel: [    0.000000] ACPI: FACS 0x000000003FEFFFC0 000040
Feb 18 12:40:31 debianWebServer kernel: [    0.000000] ACPI: FACS 0x000000003FEFFFC0 000040
Feb 18 12:40:31 debianWebServer kernel: [    0.000000] ACPI: BOOT 0x000000003FEEC8FB 000028 (v01 PTLTD  $SBFTBL$ 06040000  LTP 00000001)
Feb 18 12:40:31 debianWebServer kernel: [    0.000000] ACPI: APIC 0x000000003FEEC1B9 000742 (v01 PTLTD  ? APIC   06040000  LTP 00000000)
Feb 18 12:40:31 debianWebServer kernel: [    0.000000] ACPI: MCFG 0x000000003FEEC17D 00003C (v01 PTLTD  $PCITBL$ 06040000  LTP 00000001)
Feb 18 12:40:31 debianWebServer kernel: [    0.000000] ACPI: SRAT 0x000000003FEEB77F 000880 (v02 VMWARE MEMPLUG  06040000 VMW  00000001)
Feb 18 12:40:31 debianWebServer kernel: [    0.000000] ACPI: HPET 0x000000003FEEB747 000038 (v01 VMWARE VMW HPET 06040000 VMW  00000001)
Feb 18 12:40:31 debianWebServer kernel: [    0.000000] ACPI: WAET 0x000000003FEEB71F 000028 (v01 VMWARE VMW WAET 06040000 VMW  00000001)
Feb 18 12:40:31 debianWebServer kernel: [    0.000000] ACPI: Local APIC address 0xfee00000
Feb 18 12:40:31 debianWebServer kernel: [    0.000000] system APIC only can use physical flat
Feb 18 12:40:31 debianWebServer kernel: [    0.000000] Setting APIC routing to physical flat.
Feb 18 12:40:31 debianWebServer kernel: [    0.000000] SRAT: PXM 0 -> APIC 0x00 -> Node 0
Feb 18 12:40:31 debianWebServer kernel: [    0.000000] SRAT: PXM 0 -> APIC 0x02 -> Node 0
Feb 18 12:40:31 debianWebServer kernel: [    0.000000] SRAT: PXM 0 -> APIC 0x04 -> Node 0
Feb 18 12:40:31 debianWebServer kernel: [    0.000000] SRAT: PXM 0 -> APIC 0x06 -> Node 0
Feb 18 12:40:31 debianWebServer kernel: [    0.000000] SRAT: PXM 0 -> APIC 0x08 -> Node 0
Feb 18 12:40:31 debianWebServer kernel: [    0.000000] SRAT: PXM 0 -> APIC 0x0a -> Node 0
Feb 18 12:40:31 debianWebServer kernel: [    0.000000] SRAT: PXM 0 -> APIC 0x0c -> Node 0
Feb 18 12:40:31 debianWebServer kernel: [    0.000000] SRAT: PXM 0 -> APIC 0x0e -> Node 0
Feb 18 12:40:31 debianWebServer kernel: [    0.000000] SRAT: PXM 0 -> APIC 0x10 -> Node 0
Feb 18 12:40:31 debianWebServer kernel: [    0.000000] SRAT: PXM 0 -> APIC 0x12 -> Node 0
Feb 18 12:40:31 debianWebServer kernel: [    0.000000] SRAT: PXM 0 -> APIC 0x14 -> Node 0
Feb 18 12:40:31 debianWebServer kernel: [    0.000000] SRAT: PXM 0 -> APIC 0x16 -> Node 0
Feb 18 12:40:31 debianWebServer kernel: [    0.000000] SRAT: PXM 0 -> APIC 0x18 -> Node 0
Feb 18 12:40:31 debianWebServer kernel: [    0.000000] SRAT: PXM 0 -> APIC 0x1a -> Node 0
Feb 18 12:40:31 debianWebServer kernel: [    0.000000] SRAT: PXM 0 -> APIC 0x1c -> Node 0
Feb 18 12:40:31 debianWebServer kernel: [    0.000000] SRAT: PXM 0 -> APIC 0x1e -> Node 0
Feb 18 12:40:31 debianWebServer kernel: [    0.000000] SRAT: PXM 0 -> APIC 0x20 -> Node 0
Feb 18 12:40:31 debianWebServer kernel: [    0.000000] SRAT: PXM 0 -> APIC 0x22 -> Node 0
Feb 18 12:40:31 debianWebServer kernel: [    0.000000] SRAT: PXM 0 -> APIC 0x24 -> Node 0
Feb 18 12:40:31 debianWebServer kernel: [    0.000000] SRAT: PXM 0 -> APIC 0x26 -> Node 0
Feb 18 12:40:31 debianWebServer kernel: [    0.000000] SRAT: PXM 0 -> APIC 0x28 -> Node 0
Feb 18 12:40:31 debianWebServer kernel: [    0.000000] SRAT: PXM 0 -> APIC 0x2a -> Node 0
Feb 18 12:40:31 debianWebServer kernel: [    0.000000] SRAT: PXM 0 -> APIC 0x2c -> Node 0
Feb 18 12:40:31 debianWebServer kernel: [    0.000000] SRAT: PXM 0 -> APIC 0x2e -> Node 0
Feb 18 12:40:31 debianWebServer kernel: [    0.000000] SRAT: PXM 0 -> APIC 0x30 -> Node 0
Feb 18 12:40:31 debianWebServer kernel: [    0.000000] SRAT: PXM 0 -> APIC 0x32 -> Node 0
Feb 18 12:40:31 debianWebServer kernel: [    0.000000] SRAT: PXM 0 -> APIC 0x34 -> Node 0
Feb 18 12:40:31 debianWebServer kernel: [    0.000000] SRAT: PXM 0 -> APIC 0x36 -> Node 0
Feb 18 12:40:31 debianWebServer kernel: [    0.000000] SRAT: PXM 0 -> APIC 0x38 -> Node 0
Feb 18 12:40:31 debianWebServer kernel: [    0.000000] SRAT: PXM 0 -> APIC 0x3a -> Node 0
Feb 18 12:40:31 debianWebServer kernel: [    0.000000] SRAT: PXM 0 -> APIC 0x3c -> Node 0
Feb 18 12:40:31 debianWebServer kernel: [    0.000000] SRAT: PXM 0 -> APIC 0x3e -> Node 0
Feb 18 12:40:31 debianWebServer kernel: [    0.000000] SRAT: PXM 0 -> APIC 0x40 -> Node 0
Feb 18 12:40:31 debianWebServer kernel: [    0.000000] SRAT: PXM 0 -> APIC 0x42 -> Node 0
Feb 18 12:40:31 debianWebServer kernel: [    0.000000] SRAT: PXM 0 -> APIC 0x44 -> Node 0
Feb 18 12:40:31 debianWebServer kernel: [    0.000000] SRAT: PXM 0 -> APIC 0x46 -> Node 0
Feb 18 12:40:31 debianWebServer kernel: [    0.000000] SRAT: PXM 0 -> APIC 0x48 -> Node 0
Feb 18 12:40:31 debianWebServer kernel: [    0.000000] SRAT: PXM 0 -> APIC 0x4a -> Node 0
Feb 18 12:40:31 debianWebServer kernel: [    0.000000] SRAT: PXM 0 -> APIC 0x4c -> Node 0
Feb 18 12:40:31 debianWebServer kernel: [    0.000000] SRAT: PXM 0 -> APIC 0x4e -> Node 0
Feb 18 12:40:31 debianWebServer kernel: [    0.000000] SRAT: PXM 0 -> APIC 0x50 -> Node 0
Feb 18 12:40:31 debianWebServer kernel: [    0.000000] SRAT: PXM 0 -> APIC 0x52 -> Node 0
Feb 18 12:40:31 debianWebServer kernel: [    0.000000] SRAT: PXM 0 -> APIC 0x54 -> Node 0
Feb 18 12:40:31 debianWebServer kernel: [    0.000000] SRAT: PXM 0 -> APIC 0x56 -> Node 0
Feb 18 12:40:31 debianWebServer kernel: [    0.000000] SRAT: PXM 0 -> APIC 0x58 -> Node 0
Feb 18 12:40:31 debianWebServer kernel: [    0.000000] SRAT: PXM 0 -> APIC 0x5a -> Node 0
Feb 18 12:40:31 debianWebServer kernel: [    0.000000] SRAT: PXM 0 -> APIC 0x5c -> Node 0
Feb 18 12:40:31 debianWebServer kernel: [    0.000000] SRAT: PXM 0 -> APIC 0x5e -> Node 0
Feb 18 12:40:31 debianWebServer kernel: [    0.000000] SRAT: PXM 0 -> APIC 0x60 -> Node 0
Feb 18 12:40:31 debianWebServer kernel: [    0.000000] SRAT: PXM 0 -> APIC 0x62 -> Node 0
Feb 18 12:40:31 debianWebServer kernel: [    0.000000] SRAT: PXM 0 -> APIC 0x64 -> Node 0
Feb 18 12:40:31 debianWebServer kernel: [    0.000000] SRAT: PXM 0 -> APIC 0x66 -> Node 0
Feb 18 12:40:31 debianWebServer kernel: [    0.000000] SRAT: PXM 0 -> APIC 0x68 -> Node 0
Feb 18 12:40:31 debianWebServer kernel: [    0.000000] SRAT: PXM 0 -> APIC 0x6a -> Node 0
Feb 18 12:40:31 debianWebServer kernel: [    0.000000] SRAT: PXM 0 -> APIC 0x6c -> Node 0
Feb 18 12:40:31 debianWebServer kernel: [    0.000000] SRAT: PXM 0 -> APIC 0x6e -> Node 0
Feb 18 12:40:31 debianWebServer kernel: [    0.000000] SRAT: PXM 0 -> APIC 0x70 -> Node 0
Feb 18 12:40:31 debianWebServer kernel: [    0.000000] SRAT: PXM 0 -> APIC 0x72 -> Node 0
Feb 18 12:40:31 debianWebServer kernel: [    0.000000] SRAT: PXM 0 -> APIC 0x74 -> Node 0
Feb 18 12:40:31 debianWebServer kernel: [    0.000000] SRAT: PXM 0 -> APIC 0x76 -> Node 0
Feb 18 12:40:31 debianWebServer kernel: [    0.000000] SRAT: PXM 0 -> APIC 0x78 -> Node 0
Feb 18 12:40:31 debianWebServer kernel: [    0.000000] SRAT: PXM 0 -> APIC 0x7a -> Node 0
Feb 18 12:40:31 debianWebServer kernel: [    0.000000] SRAT: PXM 0 -> APIC 0x7c -> Node 0
Feb 18 12:40:31 debianWebServer kernel: [    0.000000] SRAT: PXM 0 -> APIC 0x7e -> Node 0
Feb 18 12:40:31 debianWebServer kernel: [    0.000000] SRAT: PXM 0 -> APIC 0x80 -> Node 0
Feb 18 12:40:31 debianWebServer kernel: [    0.000000] SRAT: PXM 0 -> APIC 0x82 -> Node 0
Feb 18 12:40:31 debianWebServer kernel: [    0.000000] SRAT: PXM 0 -> APIC 0x84 -> Node 0
Feb 18 12:40:31 debianWebServer kernel: [    0.000000] SRAT: PXM 0 -> APIC 0x86 -> Node 0
Feb 18 12:40:31 debianWebServer kernel: [    0.000000] SRAT: PXM 0 -> APIC 0x88 -> Node 0
Feb 18 12:40:31 debianWebServer kernel: [    0.000000] SRAT: PXM 0 -> APIC 0x8a -> Node 0
Feb 18 12:40:31 debianWebServer kernel: [    0.000000] SRAT: PXM 0 -> APIC 0x8c -> Node 0
Feb 18 12:40:31 debianWebServer kernel: [    0.000000] SRAT: PXM 0 -> APIC 0x8e -> Node 0
Feb 18 12:40:31 debianWebServer kernel: [    0.000000] SRAT: PXM 0 -> APIC 0x90 -> Node 0
Feb 18 12:40:31 debianWebServer kernel: [    0.000000] SRAT: PXM 0 -> APIC 0x92 -> Node 0
Feb 18 12:40:31 debianWebServer kernel: [    0.000000] SRAT: PXM 0 -> APIC 0x94 -> Node 0
Feb 18 12:40:31 debianWebServer kernel: [    0.000000] SRAT: PXM 0 -> APIC 0x96 -> Node 0
Feb 18 12:40:31 debianWebServer kernel: [    0.000000] SRAT: PXM 0 -> APIC 0x98 -> Node 0
Feb 18 12:40:31 debianWebServer kernel: [    0.000000] SRAT: PXM 0 -> APIC 0x9a -> Node 0
Feb 18 12:40:31 debianWebServer kernel: [    0.000000] SRAT: PXM 0 -> APIC 0x9c -> Node 0
Feb 18 12:40:31 debianWebServer kernel: [    0.000000] SRAT: PXM 0 -> APIC 0x9e -> Node 0
Feb 18 12:40:31 debianWebServer kernel: [    0.000000] SRAT: PXM 0 -> APIC 0xa0 -> Node 0
Feb 18 12:40:31 debianWebServer kernel: [    0.000000] SRAT: PXM 0 -> APIC 0xa2 -> Node 0
Feb 18 12:40:31 debianWebServer kernel: [    0.000000] SRAT: PXM 0 -> APIC 0xa4 -> Node 0
Feb 18 12:40:31 debianWebServer kernel: [    0.000000] SRAT: PXM 0 -> APIC 0xa6 -> Node 0
Feb 18 12:40:31 debianWebServer kernel: [    0.000000] SRAT: PXM 0 -> APIC 0xa8 -> Node 0
Feb 18 12:40:31 debianWebServer kernel: [    0.000000] SRAT: PXM 0 -> APIC 0xaa -> Node 0
Feb 18 12:40:31 debianWebServer kernel: [    0.000000] SRAT: PXM 0 -> APIC 0xac -> Node 0
Feb 18 12:40:31 debianWebServer kernel: [    0.000000] SRAT: PXM 0 -> APIC 0xae -> Node 0
Feb 18 12:40:31 debianWebServer kernel: [    0.000000] SRAT: PXM 0 -> APIC 0xb0 -> Node 0
Feb 18 12:40:31 debianWebServer kernel: [    0.000000] SRAT: PXM 0 -> APIC 0xb2 -> Node 0
Feb 18 12:40:31 debianWebServer kernel: [    0.000000] SRAT: PXM 0 -> APIC 0xb4 -> Node 0
Feb 18 12:40:31 debianWebServer kernel: [    0.000000] SRAT: PXM 0 -> APIC 0xb6 -> Node 0
Feb 18 12:40:31 debianWebServer kernel: [    0.000000] SRAT: PXM 0 -> APIC 0xb8 -> Node 0
Feb 18 12:40:31 debianWebServer kernel: [    0.000000] SRAT: PXM 0 -> APIC 0xba -> Node 0
Feb 18 12:40:31 debianWebServer kernel: [    0.000000] SRAT: PXM 0 -> APIC 0xbc -> Node 0
Feb 18 12:40:31 debianWebServer kernel: [    0.000000] SRAT: PXM 0 -> APIC 0xbe -> Node 0
Feb 18 12:40:31 debianWebServer kernel: [    0.000000] SRAT: PXM 0 -> APIC 0xc0 -> Node 0
Feb 18 12:40:31 debianWebServer kernel: [    0.000000] SRAT: PXM 0 -> APIC 0xc2 -> Node 0
Feb 18 12:40:31 debianWebServer kernel: [    0.000000] SRAT: PXM 0 -> APIC 0xc4 -> Node 0
Feb 18 12:40:31 debianWebServer kernel: [    0.000000] SRAT: PXM 0 -> APIC 0xc6 -> Node 0
Feb 18 12:40:31 debianWebServer kernel: [    0.000000] SRAT: PXM 0 -> APIC 0xc8 -> Node 0
Feb 18 12:40:31 debianWebServer kernel: [    0.000000] SRAT: PXM 0 -> APIC 0xca -> Node 0
Feb 18 12:40:31 debianWebServer kernel: [    0.000000] SRAT: PXM 0 -> APIC 0xcc -> Node 0
Feb 18 12:40:31 debianWebServer kernel: [    0.000000] SRAT: PXM 0 -> APIC 0xce -> Node 0
Feb 18 12:40:31 debianWebServer kernel: [    0.000000] SRAT: PXM 0 -> APIC 0xd0 -> Node 0
Feb 18 12:40:31 debianWebServer kernel: [    0.000000] SRAT: PXM 0 -> APIC 0xd2 -> Node 0
Feb 18 12:40:31 debianWebServer kernel: [    0.000000] SRAT: PXM 0 -> APIC 0xd4 -> Node 0
Feb 18 12:40:31 debianWebServer kernel: [    0.000000] SRAT: PXM 0 -> APIC 0xd6 -> Node 0
Feb 18 12:40:31 debianWebServer kernel: [    0.000000] SRAT: PXM 0 -> APIC 0xd8 -> Node 0
Feb 18 12:40:31 debianWebServer kernel: [    0.000000] SRAT: PXM 0 -> APIC 0xda -> Node 0
Feb 18 12:40:31 debianWebServer kernel: [    0.000000] SRAT: PXM 0 -> APIC 0xdc -> Node 0
Feb 18 12:40:31 debianWebServer kernel: [    0.000000] SRAT: PXM 0 -> APIC 0xde -> Node 0
Feb 18 12:40:31 debianWebServer kernel: [    0.000000] SRAT: PXM 0 -> APIC 0xe0 -> Node 0
Feb 18 12:40:31 debianWebServer kernel: [    0.000000] SRAT: PXM 0 -> APIC 0xe2 -> Node 0
Feb 18 12:40:31 debianWebServer kernel: [    0.000000] SRAT: PXM 0 -> APIC 0xe4 -> Node 0
Feb 18 12:40:31 debianWebServer kernel: [    0.000000] SRAT: PXM 0 -> APIC 0xe6 -> Node 0
Feb 18 12:40:31 debianWebServer kernel: [    0.000000] SRAT: PXM 0 -> APIC 0xe8 -> Node 0
Feb 18 12:40:31 debianWebServer kernel: [    0.000000] SRAT: PXM 0 -> APIC 0xea -> Node 0
Feb 18 12:40:31 debianWebServer kernel: [    0.000000] SRAT: PXM 0 -> APIC 0xec -> Node 0
Feb 18 12:40:31 debianWebServer kernel: [    0.000000] SRAT: PXM 0 -> APIC 0xee -> Node 0
Feb 18 12:40:31 debianWebServer kernel: [    0.000000] SRAT: PXM 0 -> APIC 0xf0 -> Node 0
Feb 18 12:40:31 debianWebServer kernel: [    0.000000] SRAT: PXM 0 -> APIC 0xf2 -> Node 0
Feb 18 12:40:31 debianWebServer kernel: [    0.000000] SRAT: PXM 0 -> APIC 0xf4 -> Node 0
Feb 18 12:40:31 debianWebServer kernel: [    0.000000] SRAT: PXM 0 -> APIC 0xf6 -> Node 0
Feb 18 12:40:31 debianWebServer kernel: [    0.000000] SRAT: PXM 0 -> APIC 0xf8 -> Node 0
Feb 18 12:40:31 debianWebServer kernel: [    0.000000] SRAT: PXM 0 -> APIC 0xfa -> Node 0
Feb 18 12:40:31 debianWebServer kernel: [    0.000000] SRAT: PXM 0 -> APIC 0xfc -> Node 0
Feb 18 12:40:31 debianWebServer kernel: [    0.000000] SRAT: PXM 0 -> APIC 0xfe -> Node 0
Feb 18 12:40:31 debianWebServer kernel: [    0.000000] ACPI: SRAT: Node 0 PXM 0 [mem 0x00000000-0x0009ffff]
Feb 18 12:40:31 debianWebServer kernel: [    0.000000] ACPI: SRAT: Node 0 PXM 0 [mem 0x00100000-0x3fffffff]
Feb 18 12:40:31 debianWebServer kernel: [    0.000000] NUMA: Node 0 [mem 0x00000000-0x0009ffff] + [mem 0x00100000-0x3fffffff] -> [mem 0x00000000-0x3fffffff]
Feb 18 12:40:31 debianWebServer kernel: [    0.000000] NODE_DATA(0) allocated [mem 0x3fffb000-0x3fffffff]
Feb 18 12:40:31 debianWebServer kernel: [    0.000000] Zone ranges:
Feb 18 12:40:31 debianWebServer kernel: [    0.000000]   DMA      [mem 0x0000000000001000-0x0000000000ffffff]
Feb 18 12:40:31 debianWebServer kernel: [    0.000000]   DMA32    [mem 0x0000000001000000-0x000000003fffffff]
Feb 18 12:40:31 debianWebServer kernel: [    0.000000]   Normal   empty
Feb 18 12:40:31 debianWebServer kernel: [    0.000000]   Device   empty
Feb 18 12:40:31 debianWebServer kernel: [    0.000000] Movable zone start for each node
Feb 18 12:40:31 debianWebServer kernel: [    0.000000] Early memory node ranges
Feb 18 12:40:31 debianWebServer kernel: [    0.000000]   node   0: [mem 0x0000000000001000-0x000000000009dfff]
Feb 18 12:40:31 debianWebServer kernel: [    0.000000]   node   0: [mem 0x0000000000100000-0x000000003fedffff]
Feb 18 12:40:31 debianWebServer kernel: [    0.000000]   node   0: [mem 0x000000003ff00000-0x000000003fffffff]
Feb 18 12:40:31 debianWebServer kernel: [    0.000000] Initmem setup node 0 [mem 0x0000000000001000-0x000000003fffffff]
Feb 18 12:40:31 debianWebServer kernel: [    0.000000] On node 0 totalpages: 262013
Feb 18 12:40:31 debianWebServer kernel: [    0.000000]   DMA zone: 64 pages used for memmap
Feb 18 12:40:31 debianWebServer kernel: [    0.000000]   DMA zone: 21 pages reserved
Feb 18 12:40:31 debianWebServer kernel: [    0.000000]   DMA zone: 3997 pages, LIFO batch:0
Feb 18 12:40:31 debianWebServer kernel: [    0.000000]   DMA32 zone: 4032 pages used for memmap
Feb 18 12:40:31 debianWebServer kernel: [    0.000000]   DMA32 zone: 258016 pages, LIFO batch:31
Feb 18 12:40:31 debianWebServer kernel: [    0.000000] ACPI: PM-Timer IO Port: 0x1008
Feb 18 12:40:31 debianWebServer kernel: [    0.000000] ACPI: Local APIC address 0xfee00000
Feb 18 12:40:31 debianWebServer kernel: [    0.000000] system APIC only can use physical flat
Feb 18 12:40:31 debianWebServer kernel: [    0.000000] ACPI: LAPIC_NMI (acpi_id[0x00] high edge lint[0x1])
Feb 18 12:40:31 debianWebServer kernel: [    0.000000] ACPI: LAPIC_NMI (acpi_id[0x01] high edge lint[0x1])
Feb 18 12:40:31 debianWebServer kernel: [    0.000000] ACPI: LAPIC_NMI (acpi_id[0x02] high edge lint[0x1])
Feb 18 12:40:31 debianWebServer kernel: [    0.000000] ACPI: LAPIC_NMI (acpi_id[0x03] high edge lint[0x1])
Feb 18 12:40:31 debianWebServer kernel: [    0.000000] ACPI: LAPIC_NMI (acpi_id[0x04] high edge lint[0x1])
Feb 18 12:40:31 debianWebServer kernel: [    0.000000] ACPI: LAPIC_NMI (acpi_id[0x05] high edge lint[0x1])
Feb 18 12:40:31 debianWebServer kernel: [    0.000000] ACPI: LAPIC_NMI (acpi_id[0x06] high edge lint[0x1])
Feb 18 12:40:31 debianWebServer kernel: [    0.000000] ACPI: LAPIC_NMI (acpi_id[0x07] high edge lint[0x1])
Feb 18 12:40:31 debianWebServer kernel: [    0.000000] ACPI: LAPIC_NMI (acpi_id[0x08] high edge lint[0x1])
Feb 18 12:40:31 debianWebServer kernel: [    0.000000] ACPI: LAPIC_NMI (acpi_id[0x09] high edge lint[0x1])
Feb 18 12:40:31 debianWebServer kernel: [    0.000000] ACPI: LAPIC_NMI (acpi_id[0x0a] high edge lint[0x1])
Feb 18 12:40:31 debianWebServer kernel: [    0.000000] ACPI: LAPIC_NMI (acpi_id[0x0b] high edge lint[0x1])
Feb 18 12:40:31 debianWebServer kernel: [    0.000000] ACPI: LAPIC_NMI (acpi_id[0x0c] high edge lint[0x1])
Feb 18 12:40:31 debianWebServer kernel: [    0.000000] ACPI: LAPIC_NMI (acpi_id[0x0d] high edge lint[0x1])
Feb 18 12:40:31 debianWebServer kernel: [    0.000000] ACPI: LAPIC_NMI (acpi_id[0x0e] high edge lint[0x1])
Feb 18 12:40:31 debianWebServer kernel: [    0.000000] ACPI: LAPIC_NMI (acpi_id[0x0f] high edge lint[0x1])
Feb 18 12:40:31 debianWebServer kernel: [    0.000000] ACPI: LAPIC_NMI (acpi_id[0x10] high edge lint[0x1])
Feb 18 12:40:31 debianWebServer kernel: [    0.000000] ACPI: LAPIC_NMI (acpi_id[0x11] high edge lint[0x1])
Feb 18 12:40:31 debianWebServer kernel: [    0.000000] ACPI: LAPIC_NMI (acpi_id[0x12] high edge lint[0x1])
Feb 18 12:40:31 debianWebServer kernel: [    0.000000] ACPI: LAPIC_NMI (acpi_id[0x13] high edge lint[0x1])
Feb 18 12:40:31 debianWebServer kernel: [    0.000000] ACPI: LAPIC_NMI (acpi_id[0x14] high edge lint[0x1])
Feb 18 12:40:31 debianWebServer kernel: [    0.000000] ACPI: LAPIC_NMI (acpi_id[0x15] high edge lint[0x1])
Feb 18 12:40:31 debianWebServer kernel: [    0.000000] ACPI: LAPIC_NMI (acpi_id[0x16] high edge lint[0x1])
Feb 18 12:40:31 debianWebServer kernel: [    0.000000] ACPI: LAPIC_NMI (acpi_id[0x17] high edge lint[0x1])
Feb 18 12:40:31 debianWebServer kernel: [    0.000000] ACPI: LAPIC_NMI (acpi_id[0x18] high edge lint[0x1])
Feb 18 12:40:31 debianWebServer kernel: [    0.000000] ACPI: LAPIC_NMI (acpi_id[0x19] high edge lint[0x1])
Feb 18 12:40:31 debianWebServer kernel: [    0.000000] ACPI: LAPIC_NMI (acpi_id[0x1a] high edge lint[0x1])
Feb 18 12:40:31 debianWebServer kernel: [    0.000000] ACPI: LAPIC_NMI (acpi_id[0x1b] high edge lint[0x1])
Feb 18 12:40:31 debianWebServer kernel: [    0.000000] ACPI: LAPIC_NMI (acpi_id[0x1c] high edge lint[0x1])
Feb 18 12:40:31 debianWebServer kernel: [    0.000000] ACPI: LAPIC_NMI (acpi_id[0x1d] high edge lint[0x1])
Feb 18 12:40:31 debianWebServer kernel: [    0.000000] ACPI: LAPIC_NMI (acpi_id[0x1e] high edge lint[0x1])
Feb 18 12:40:31 debianWebServer kernel: [    0.000000] ACPI: LAPIC_NMI (acpi_id[0x1f] high edge lint[0x1])
Feb 18 12:40:31 debianWebServer kernel: [    0.000000] ACPI: LAPIC_NMI (acpi_id[0x20] high edge lint[0x1])
Feb 18 12:40:31 debianWebServer kernel: [    0.000000] ACPI: LAPIC_NMI (acpi_id[0x21] high edge lint[0x1])
Feb 18 12:40:31 debianWebServer kernel: [    0.000000] ACPI: LAPIC_NMI (acpi_id[0x22] high edge lint[0x1])
Feb 18 12:40:31 debianWebServer kernel: [    0.000000] ACPI: LAPIC_NMI (acpi_id[0x23] high edge lint[0x1])
Feb 18 12:40:31 debianWebServer kernel: [    0.000000] ACPI: LAPIC_NMI (acpi_id[0x24] high edge lint[0x1])
Feb 18 12:40:31 debianWebServer kernel: [    0.000000] ACPI: LAPIC_NMI (acpi_id[0x25] high edge lint[0x1])
Feb 18 12:40:31 debianWebServer kernel: [    0.000000] ACPI: LAPIC_NMI (acpi_id[0x26] high edge lint[0x1])
Feb 18 12:40:31 debianWebServer kernel: [    0.000000] ACPI: LAPIC_NMI (acpi_id[0x27] high edge lint[0x1])
Feb 18 12:40:31 debianWebServer kernel: [    0.000000] ACPI: LAPIC_NMI (acpi_id[0x28] high edge lint[0x1])
Feb 18 12:40:31 debianWebServer kernel: [    0.000000] ACPI: LAPIC_NMI (acpi_id[0x29] high edge lint[0x1])
Feb 18 12:40:31 debianWebServer kernel: [    0.000000] ACPI: LAPIC_NMI (acpi_id[0x2a] high edge lint[0x1])
Feb 18 12:40:31 debianWebServer kernel: [    0.000000] ACPI: LAPIC_NMI (acpi_id[0x2b] high edge lint[0x1])
Feb 18 12:40:31 debianWebServer kernel: [    0.000000] ACPI: LAPIC_NMI (acpi_id[0x2c] high edge lint[0x1])
Feb 18 12:40:31 debianWebServer kernel: [    0.000000] ACPI: LAPIC_NMI (acpi_id[0x2d] high edge lint[0x1])
Feb 18 12:40:31 debianWebServer kernel: [    0.000000] ACPI: LAPIC_NMI (acpi_id[0x2e] high edge lint[0x1])
Feb 18 12:40:31 debianWebServer kernel: [    0.000000] ACPI: LAPIC_NMI (acpi_id[0x2f] high edge lint[0x1])
Feb 18 12:40:31 debianWebServer kernel: [    0.000000] ACPI: LAPIC_NMI (acpi_id[0x30] high edge lint[0x1])
Feb 18 12:40:31 debianWebServer kernel: [    0.000000] ACPI: LAPIC_NMI (acpi_id[0x31] high edge lint[0x1])
Feb 18 12:40:31 debianWebServer kernel: [    0.000000] ACPI: LAPIC_NMI (acpi_id[0x32] high edge lint[0x1])
Feb 18 12:40:31 debianWebServer kernel: [    0.000000] ACPI: LAPIC_NMI (acpi_id[0x33] high edge lint[0x1])
Feb 18 12:40:31 debianWebServer kernel: [    0.000000] ACPI: LAPIC_NMI (acpi_id[0x34] high edge lint[0x1])
Feb 18 12:40:31 debianWebServer kernel: [    0.000000] ACPI: LAPIC_NMI (acpi_id[0x35] high edge lint[0x1])
Feb 18 12:40:31 debianWebServer kernel: [    0.000000] ACPI: LAPIC_NMI (acpi_id[0x36] high edge lint[0x1])
Feb 18 12:40:31 debianWebServer kernel: [    0.000000] ACPI: LAPIC_NMI (acpi_id[0x37] high edge lint[0x1])
Feb 18 12:40:31 debianWebServer kernel: [    0.000000] ACPI: LAPIC_NMI (acpi_id[0x38] high edge lint[0x1])
Feb 18 12:40:31 debianWebServer kernel: [    0.000000] ACPI: LAPIC_NMI (acpi_id[0x39] high edge lint[0x1])
Feb 18 12:40:31 debianWebServer kernel: [    0.000000] ACPI: LAPIC_NMI (acpi_id[0x3a] high edge lint[0x1])
Feb 18 12:40:31 debianWebServer kernel: [    0.000000] ACPI: LAPIC_NMI (acpi_id[0x3b] high edge lint[0x1])
Feb 18 12:40:31 debianWebServer kernel: [    0.000000] ACPI: LAPIC_NMI (acpi_id[0x3c] high edge lint[0x1])
Feb 18 12:40:31 debianWebServer kernel: [    0.000000] ACPI: LAPIC_NMI (acpi_id[0x3d] high edge lint[0x1])
Feb 18 12:40:31 debianWebServer kernel: [    0.000000] ACPI: LAPIC_NMI (acpi_id[0x3e] high edge lint[0x1])
Feb 18 12:40:31 debianWebServer kernel: [    0.000000] ACPI: LAPIC_NMI (acpi_id[0x3f] high edge lint[0x1])
Feb 18 12:40:31 debianWebServer kernel: [    0.000000] ACPI: LAPIC_NMI (acpi_id[0x40] high edge lint[0x1])
Feb 18 12:40:31 debianWebServer kernel: [    0.000000] ACPI: LAPIC_NMI (acpi_id[0x41] high edge lint[0x1])
Feb 18 12:40:31 debianWebServer kernel: [    0.000000] ACPI: LAPIC_NMI (acpi_id[0x42] high edge lint[0x1])
Feb 18 12:40:31 debianWebServer kernel: [    0.000000] ACPI: LAPIC_NMI (acpi_id[0x43] high edge lint[0x1])
Feb 18 12:40:31 debianWebServer kernel: [    0.000000] ACPI: LAPIC_NMI (acpi_id[0x44] high edge lint[0x1])
Feb 18 12:40:31 debianWebServer kernel: [    0.000000] ACPI: LAPIC_NMI (acpi_id[0x45] high edge lint[0x1])
Feb 18 12:40:31 debianWebServer kernel: [    0.000000] ACPI: LAPIC_NMI (acpi_id[0x46] high edge lint[0x1])
Feb 18 12:40:31 debianWebServer kernel: [    0.000000] ACPI: LAPIC_NMI (acpi_id[0x47] high edge lint[0x1])
Feb 18 12:40:31 debianWebServer kernel: [    0.000000] ACPI: LAPIC_NMI (acpi_id[0x48] high edge lint[0x1])
Feb 18 12:40:31 debianWebServer kernel: [    0.000000] ACPI: LAPIC_NMI (acpi_id[0x49] high edge lint[0x1])
Feb 18 12:40:31 debianWebServer kernel: [    0.000000] ACPI: LAPIC_NMI (acpi_id[0x4a] high edge lint[0x1])
Feb 18 12:40:31 debianWebServer kernel: [    0.000000] ACPI: LAPIC_NMI (acpi_id[0x4b] high edge lint[0x1])
Feb 18 12:40:31 debianWebServer kernel: [    0.000000] ACPI: LAPIC_NMI (acpi_id[0x4c] high edge lint[0x1])
Feb 18 12:40:31 debianWebServer kernel: [    0.000000] ACPI: LAPIC_NMI (acpi_id[0x4d] high edge lint[0x1])
Feb 18 12:40:31 debianWebServer kernel: [    0.000000] ACPI: LAPIC_NMI (acpi_id[0x4e] high edge lint[0x1])
Feb 18 12:40:31 debianWebServer kernel: [    0.000000] ACPI: LAPIC_NMI (acpi_id[0x4f] high edge lint[0x1])
Feb 18 12:40:31 debianWebServer kernel: [    0.000000] ACPI: LAPIC_NMI (acpi_id[0x50] high edge lint[0x1])
Feb 18 12:40:31 debianWebServer kernel: [    0.000000] ACPI: LAPIC_NMI (acpi_id[0x51] high edge lint[0x1])
Feb 18 12:40:31 debianWebServer kernel: [    0.000000] ACPI: LAPIC_NMI (acpi_id[0x52] high edge lint[0x1])
Feb 18 12:40:31 debianWebServer kernel: [    0.000000] ACPI: LAPIC_NMI (acpi_id[0x53] high edge lint[0x1])
Feb 18 12:40:31 debianWebServer kernel: [    0.000000] ACPI: LAPIC_NMI (acpi_id[0x54] high edge lint[0x1])
Feb 18 12:40:31 debianWebServer kernel: [    0.000000] ACPI: LAPIC_NMI (acpi_id[0x55] high edge lint[0x1])
Feb 18 12:40:31 debianWebServer kernel: [    0.000000] ACPI: LAPIC_NMI (acpi_id[0x56] high edge lint[0x1])
Feb 18 12:40:31 debianWebServer kernel: [    0.000000] ACPI: LAPIC_NMI (acpi_id[0x57] high edge lint[0x1])
Feb 18 12:40:31 debianWebServer kernel: [    0.000000] ACPI: LAPIC_NMI (acpi_id[0x58] high edge lint[0x1])
Feb 18 12:40:31 debianWebServer kernel: [    0.000000] ACPI: LAPIC_NMI (acpi_id[0x59] high edge lint[0x1])
Feb 18 12:40:31 debianWebServer kernel: [    0.000000] ACPI: LAPIC_NMI (acpi_id[0x5a] high edge lint[0x1])
Feb 18 12:40:31 debianWebServer kernel: [    0.000000] ACPI: LAPIC_NMI (acpi_id[0x5b] high edge lint[0x1])
Feb 18 12:40:31 debianWebServer kernel: [    0.000000] ACPI: LAPIC_NMI (acpi_id[0x5c] high edge lint[0x1])
Feb 18 12:40:31 debianWebServer kernel: [    0.000000] ACPI: LAPIC_NMI (acpi_id[0x5d] high edge lint[0x1])
Feb 18 12:40:31 debianWebServer kernel: [    0.000000] ACPI: LAPIC_NMI (acpi_id[0x5e] high edge lint[0x1])
Feb 18 12:40:31 debianWebServer kernel: [    0.000000] ACPI: LAPIC_NMI (acpi_id[0x5f] high edge lint[0x1])
Feb 18 12:40:31 debianWebServer kernel: [    0.000000] ACPI: LAPIC_NMI (acpi_id[0x60] high edge lint[0x1])
Feb 18 12:40:31 debianWebServer kernel: [    0.000000] ACPI: LAPIC_NMI (acpi_id[0x61] high edge lint[0x1])
Feb 18 12:40:31 debianWebServer kernel: [    0.000000] ACPI: LAPIC_NMI (acpi_id[0x62] high edge lint[0x1])
Feb 18 12:40:31 debianWebServer kernel: [    0.000000] ACPI: LAPIC_NMI (acpi_id[0x63] high edge lint[0x1])
Feb 18 12:40:31 debianWebServer kernel: [    0.000000] ACPI: LAPIC_NMI (acpi_id[0x64] high edge lint[0x1])
Feb 18 12:40:31 debianWebServer kernel: [    0.000000] ACPI: LAPIC_NMI (acpi_id[0x65] high edge lint[0x1])
Feb 18 12:40:31 debianWebServer kernel: [    0.000000] ACPI: LAPIC_NMI (acpi_id[0x66] high edge lint[0x1])
Feb 18 12:40:31 debianWebServer kernel: [    0.000000] ACPI: LAPIC_NMI (acpi_id[0x67] high edge lint[0x1])
Feb 18 12:40:31 debianWebServer kernel: [    0.000000] ACPI: LAPIC_NMI (acpi_id[0x68] high edge lint[0x1])
Feb 18 12:40:31 debianWebServer kernel: [    0.000000] ACPI: LAPIC_NMI (acpi_id[0x69] high edge lint[0x1])
Feb 18 12:40:31 debianWebServer kernel: [    0.000000] ACPI: LAPIC_NMI (acpi_id[0x6a] high edge lint[0x1])
Feb 18 12:40:31 debianWebServer kernel: [    0.000000] ACPI: LAPIC_NMI (acpi_id[0x6b] high edge lint[0x1])
Feb 18 12:40:31 debianWebServer kernel: [    0.000000] ACPI: LAPIC_NMI (acpi_id[0x6c] high edge lint[0x1])
Feb 18 12:40:31 debianWebServer kernel: [    0.000000] ACPI: LAPIC_NMI (acpi_id[0x6d] high edge lint[0x1])
Feb 18 12:40:31 debianWebServer kernel: [    0.000000] ACPI: LAPIC_NMI (acpi_id[0x6e] high edge lint[0x1])
Feb 18 12:40:31 debianWebServer kernel: [    0.000000] ACPI: LAPIC_NMI (acpi_id[0x6f] high edge lint[0x1])
Feb 18 12:40:31 debianWebServer kernel: [    0.000000] ACPI: LAPIC_NMI (acpi_id[0x70] high edge lint[0x1])
Feb 18 12:40:31 debianWebServer kernel: [    0.000000] ACPI: LAPIC_NMI (acpi_id[0x71] high edge lint[0x1])
Feb 18 12:40:31 debianWebServer kernel: [    0.000000] ACPI: LAPIC_NMI (acpi_id[0x72] high edge lint[0x1])
Feb 18 12:40:31 debianWebServer kernel: [    0.000000] ACPI: LAPIC_NMI (acpi_id[0x73] high edge lint[0x1])
Feb 18 12:40:31 debianWebServer kernel: [    0.000000] ACPI: LAPIC_NMI (acpi_id[0x74] high edge lint[0x1])
Feb 18 12:40:31 debianWebServer kernel: [    0.000000] ACPI: LAPIC_NMI (acpi_id[0x75] high edge lint[0x1])
Feb 18 12:40:31 debianWebServer kernel: [    0.000000] ACPI: LAPIC_NMI (acpi_id[0x76] high edge lint[0x1])
Feb 18 12:40:31 debianWebServer kernel: [    0.000000] ACPI: LAPIC_NMI (acpi_id[0x77] high edge lint[0x1])
Feb 18 12:40:31 debianWebServer kernel: [    0.000000] ACPI: LAPIC_NMI (acpi_id[0x78] high edge lint[0x1])
Feb 18 12:40:31 debianWebServer kernel: [    0.000000] ACPI: LAPIC_NMI (acpi_id[0x79] high edge lint[0x1])
Feb 18 12:40:31 debianWebServer kernel: [    0.000000] ACPI: LAPIC_NMI (acpi_id[0x7a] high edge lint[0x1])
Feb 18 12:40:31 debianWebServer kernel: [    0.000000] ACPI: LAPIC_NMI (acpi_id[0x7b] high edge lint[0x1])
Feb 18 12:40:31 debianWebServer kernel: [    0.000000] ACPI: LAPIC_NMI (acpi_id[0x7c] high edge lint[0x1])
Feb 18 12:40:31 debianWebServer kernel: [    0.000000] ACPI: LAPIC_NMI (acpi_id[0x7d] high edge lint[0x1])
Feb 18 12:40:31 debianWebServer kernel: [    0.000000] ACPI: LAPIC_NMI (acpi_id[0x7e] high edge lint[0x1])
Feb 18 12:40:31 debianWebServer kernel: [    0.000000] ACPI: LAPIC_NMI (acpi_id[0x7f] high edge lint[0x1])
Feb 18 12:40:31 debianWebServer kernel: [    0.000000] IOAPIC[0]: apic_id 1, version 32, address 0xfec00000, GSI 0-23
Feb 18 12:40:31 debianWebServer kernel: [    0.000000] ACPI: INT_SRC_OVR (bus 0 bus_irq 0 global_irq 2 high edge)
Feb 18 12:40:31 debianWebServer kernel: [    0.000000] ACPI: IRQ0 used by override.
Feb 18 12:40:31 debianWebServer kernel: [    0.000000] ACPI: IRQ9 used by override.
Feb 18 12:40:31 debianWebServer kernel: [    0.000000] Using ACPI (MADT) for SMP configuration information
Feb 18 12:40:31 debianWebServer kernel: [    0.000000] ACPI: HPET id: 0x8086af01 base: 0xfed00000
Feb 18 12:40:31 debianWebServer kernel: [    0.000000] smpboot: Allowing 128 CPUs, 126 hotplug CPUs
Feb 18 12:40:31 debianWebServer kernel: [    0.000000] PM: Registered nosave memory: [mem 0x00000000-0x00000fff]
Feb 18 12:40:31 debianWebServer kernel: [    0.000000] PM: Registered nosave memory: [mem 0x0009e000-0x0009efff]
Feb 18 12:40:31 debianWebServer kernel: [    0.000000] PM: Registered nosave memory: [mem 0x0009f000-0x0009ffff]
Feb 18 12:40:31 debianWebServer kernel: [    0.000000] PM: Registered nosave memory: [mem 0x000a0000-0x000dbfff]
Feb 18 12:40:31 debianWebServer kernel: [    0.000000] PM: Registered nosave memory: [mem 0x000dc000-0x000fffff]
Feb 18 12:40:31 debianWebServer kernel: [    0.000000] PM: Registered nosave memory: [mem 0x3fee0000-0x3fefefff]
Feb 18 12:40:31 debianWebServer kernel: [    0.000000] PM: Registered nosave memory: [mem 0x3feff000-0x3fefffff]
Feb 18 12:40:31 debianWebServer kernel: [    0.000000] e820: [mem 0x40000000-0xefffffff] available for PCI devices
Feb 18 12:40:31 debianWebServer kernel: [    0.000000] Booting paravirtualized kernel on bare hardware
Feb 18 12:40:31 debianWebServer kernel: [    0.000000] clocksource: refined-jiffies: mask: 0xffffffff max_cycles: 0xffffffff, max_idle_ns: 7645519600211568 ns
Feb 18 12:40:31 debianWebServer kernel: [    0.000000] setup_percpu: NR_CPUS:512 nr_cpumask_bits:512 nr_cpu_ids:128 nr_node_ids:1
Feb 18 12:40:31 debianWebServer kernel: [    0.000000] percpu: Embedded 35 pages/cpu @ffff9b2bfc600000 s105304 r8192 d29864 u262144
Feb 18 12:40:31 debianWebServer kernel: [    0.000000] pcpu-alloc: s105304 r8192 d29864 u262144 alloc=1*2097152
Feb 18 12:40:31 debianWebServer kernel: [    0.000000] pcpu-alloc: [0] 000 001 002 003 004 005 006 007 
Feb 18 12:40:31 debianWebServer kernel: [    0.000000] pcpu-alloc: [0] 008 009 010 011 012 013 014 015 
Feb 18 12:40:31 debianWebServer kernel: [    0.000000] pcpu-alloc: [0] 016 017 018 019 020 021 022 023 
Feb 18 12:40:31 debianWebServer kernel: [    0.000000] pcpu-alloc: [0] 024 025 026 027 028 029 030 031 
Feb 18 12:40:31 debianWebServer kernel: [    0.000000] pcpu-alloc: [0] 032 033 034 035 036 037 038 039 
Feb 18 12:40:31 debianWebServer kernel: [    0.000000] pcpu-alloc: [0] 040 041 042 043 044 045 046 047 
Feb 18 12:40:31 debianWebServer kernel: [    0.000000] pcpu-alloc: [0] 048 049 050 051 052 053 054 055 
Feb 18 12:40:31 debianWebServer kernel: [    0.000000] pcpu-alloc: [0] 056 057 058 059 060 061 062 063 
Feb 18 12:40:31 debianWebServer kernel: [    0.000000] pcpu-alloc: [0] 064 065 066 067 068 069 070 071 
Feb 18 12:40:31 debianWebServer kernel: [    0.000000] pcpu-alloc: [0] 072 073 074 075 076 077 078 079 
Feb 18 12:40:31 debianWebServer kernel: [    0.000000] pcpu-alloc: [0] 080 081 082 083 084 085 086 087 
Feb 18 12:40:31 debianWebServer kernel: [    0.000000] pcpu-alloc: [0] 088 089 090 091 092 093 094 095 
Feb 18 12:40:31 debianWebServer kernel: [    0.000000] pcpu-alloc: [0] 096 097 098 099 100 101 102 103 
Feb 18 12:40:31 debianWebServer kernel: [    0.000000] pcpu-alloc: [0] 104 105 106 107 108 109 110 111 
Feb 18 12:40:31 debianWebServer kernel: [    0.000000] pcpu-alloc: [0] 112 113 114 115 116 117 118 119 
Feb 18 12:40:31 debianWebServer kernel: [    0.000000] pcpu-alloc: [0] 120 121 122 123 124 125 126 127 
Feb 18 12:40:31 debianWebServer kernel: [    0.000000] Built 1 zonelists in Node order, mobility grouping on.  Total pages: 257896
Feb 18 12:40:31 debianWebServer kernel: [    0.000000] Policy zone: DMA32
Feb 18 12:40:31 debianWebServer kernel: [    0.000000] Kernel command line: BOOT_IMAGE=/boot/vmlinuz-4.9.0-8-amd64 root=UUID=3146a4a1-b5ec-46c3-bc76-db412f6e809f ro quiet
Feb 18 12:40:31 debianWebServer kernel: [    0.000000] log_buf_len individual max cpu contribution: 4096 bytes
Feb 18 12:40:31 debianWebServer kernel: [    0.000000] log_buf_len total cpu_extra contributions: 520192 bytes
Feb 18 12:40:31 debianWebServer kernel: [    0.000000] log_buf_len min size: 131072 bytes
Feb 18 12:40:31 debianWebServer kernel: [    0.000000] log_buf_len: 1048576 bytes
Feb 18 12:40:31 debianWebServer kernel: [    0.000000] early log buf free: 106296(81%)
Feb 18 12:40:31 debianWebServer kernel: [    0.000000] PID hash table entries: 4096 (order: 3, 32768 bytes)
Feb 18 12:40:31 debianWebServer kernel: [    0.000000] Calgary: detecting Calgary via BIOS EBDA area
Feb 18 12:40:31 debianWebServer kernel: [    0.000000] Calgary: Unable to locate Rio Grande table in EBDA - bailing!
Feb 18 12:40:31 debianWebServer kernel: [    0.000000] Memory: 979148K/1048052K available (6254K kernel code, 1159K rwdata, 2872K rodata, 1420K init, 688K bss, 68904K reserved, 0K cma-reserved)
Feb 18 12:40:31 debianWebServer kernel: [    0.000000] Kernel/User page tables isolation: enabled
Feb 18 12:40:31 debianWebServer kernel: [    0.000000] Hierarchical RCU implementation.
Feb 18 12:40:31 debianWebServer kernel: [    0.000000] 	Build-time adjustment of leaf fanout to 64.
Feb 18 12:40:31 debianWebServer kernel: [    0.000000] 	RCU restricting CPUs from NR_CPUS=512 to nr_cpu_ids=128.
Feb 18 12:40:31 debianWebServer kernel: [    0.000000] RCU: Adjusting geometry for rcu_fanout_leaf=64, nr_cpu_ids=128
Feb 18 12:40:31 debianWebServer kernel: [    0.000000] NR_IRQS:33024 nr_irqs:1448 16
Feb 18 12:40:31 debianWebServer kernel: [    0.000000] Console: colour VGA+ 80x25
Feb 18 12:40:31 debianWebServer kernel: [    0.000000] console [tty0] enabled
Feb 18 12:40:31 debianWebServer kernel: [    0.000000] clocksource: hpet: mask: 0xffffffff max_cycles: 0xffffffff, max_idle_ns: 133484882848 ns
Feb 18 12:40:31 debianWebServer kernel: [    0.000000] hpet clockevent registered
Feb 18 12:40:31 debianWebServer kernel: [    0.000000] tsc: Fast TSC calibration using PIT
Feb 18 12:40:31 debianWebServer kernel: [    0.000000] TSC freq read from hypervisor : 2712.003 MHz
Feb 18 12:40:31 debianWebServer kernel: [    0.000000] tsc: Detected 2711.766 MHz processor
Feb 18 12:40:31 debianWebServer kernel: [    0.000222] Calibrating delay loop (skipped) preset value.. 5424.00 BogoMIPS (lpj=10848012)
Feb 18 12:40:31 debianWebServer kernel: [    0.000227] pid_max: default: 131072 minimum: 1024
Feb 18 12:40:31 debianWebServer kernel: [    0.000289] ACPI: Core revision 20160831
Feb 18 12:40:31 debianWebServer kernel: [    0.005751] ACPI: 1 ACPI AML tables successfully acquired and loaded
Feb 18 12:40:31 debianWebServer kernel: [    0.005813] Security Framework initialized
Feb 18 12:40:31 debianWebServer kernel: [    0.005815] Yama: disabled by default; enable with sysctl kernel.yama.*
Feb 18 12:40:31 debianWebServer kernel: [    0.005821] AppArmor: AppArmor disabled by boot time parameter
Feb 18 12:40:31 debianWebServer kernel: [    0.005883] Dentry cache hash table entries: 131072 (order: 8, 1048576 bytes)
Feb 18 12:40:31 debianWebServer kernel: [    0.005946] Inode-cache hash table entries: 65536 (order: 7, 524288 bytes)
Feb 18 12:40:31 debianWebServer kernel: [    0.006008] Mount-cache hash table entries: 2048 (order: 2, 16384 bytes)
Feb 18 12:40:31 debianWebServer kernel: [    0.006010] Mountpoint-cache hash table entries: 2048 (order: 2, 16384 bytes)
Feb 18 12:40:31 debianWebServer kernel: [    0.006073] Disabled fast string operations
Feb 18 12:40:31 debianWebServer kernel: [    0.006133] mce: CPU supports 8 MCE banks
Feb 18 12:40:31 debianWebServer kernel: [    0.006222] Last level iTLB entries: 4KB 64, 2MB 8, 4MB 8
Feb 18 12:40:31 debianWebServer kernel: [    0.006226] Last level dTLB entries: 4KB 64, 2MB 0, 4MB 0, 1GB 4
Feb 18 12:40:31 debianWebServer kernel: [    0.006230] Spectre V2 : Mitigation: Full generic retpoline
Feb 18 12:40:31 debianWebServer kernel: [    0.006232] Spectre V2 : Spectre v2 / SpectreRSB mitigation: Filling RSB on context switch
Feb 18 12:40:31 debianWebServer kernel: [    0.006234] Spectre V2 : Spectre v2 mitigation: Enabling Indirect Branch Prediction Barrier
Feb 18 12:40:31 debianWebServer kernel: [    0.006236] Spectre V2 : Enabling Restricted Speculation for firmware calls
Feb 18 12:40:31 debianWebServer kernel: [    0.006238] Speculative Store Bypass: Vulnerable
Feb 18 12:40:31 debianWebServer kernel: [    0.006301] Freeing SMP alternatives memory: 24K
Feb 18 12:40:31 debianWebServer kernel: [    0.013766] ftrace: allocating 25284 entries in 99 pages
Feb 18 12:40:31 debianWebServer kernel: [    0.045893] smpboot: Max logical packages: 128
Feb 18 12:40:31 debianWebServer kernel: [    0.045955] x2apic enabled
Feb 18 12:40:31 debianWebServer kernel: [    0.046018] Switched APIC routing to physical x2apic.
Feb 18 12:40:31 debianWebServer kernel: [    0.046293] ..TIMER: vector=0x30 apic1=0 pin1=2 apic2=-1 pin2=-1
Feb 18 12:40:31 debianWebServer kernel: [    0.046341] TSC deadline timer enabled
Feb 18 12:40:31 debianWebServer kernel: [    0.046382] smpboot: CPU0: Intel(R) Core(TM) i7-6820HQ CPU @ 2.70GHz (family: 0x6, model: 0x5e, stepping: 0x3)
Feb 18 12:40:31 debianWebServer kernel: [    0.046386] Performance Events: Skylake events, core PMU driver.
Feb 18 12:40:31 debianWebServer kernel: [    0.046425] core: CPUID marked event: 'cpu cycles' unavailable
Feb 18 12:40:31 debianWebServer kernel: [    0.046426] core: CPUID marked event: 'instructions' unavailable
Feb 18 12:40:31 debianWebServer kernel: [    0.046427] core: CPUID marked event: 'bus cycles' unavailable
Feb 18 12:40:31 debianWebServer kernel: [    0.046429] core: CPUID marked event: 'cache references' unavailable
Feb 18 12:40:31 debianWebServer kernel: [    0.046430] core: CPUID marked event: 'cache misses' unavailable
Feb 18 12:40:31 debianWebServer kernel: [    0.046431] core: CPUID marked event: 'branch instructions' unavailable
Feb 18 12:40:31 debianWebServer kernel: [    0.046433] core: CPUID marked event: 'branch misses' unavailable
Feb 18 12:40:31 debianWebServer kernel: [    0.046436] ... version:                1
Feb 18 12:40:31 debianWebServer kernel: [    0.046437] ... bit width:              48
Feb 18 12:40:31 debianWebServer kernel: [    0.046439] ... generic registers:      4
Feb 18 12:40:31 debianWebServer kernel: [    0.046440] ... value mask:             0000ffffffffffff
Feb 18 12:40:31 debianWebServer kernel: [    0.046442] ... max period:             000000007fffffff
Feb 18 12:40:31 debianWebServer kernel: [    0.046443] ... fixed-purpose events:   0
Feb 18 12:40:31 debianWebServer kernel: [    0.046444] ... event mask:             000000000000000f
Feb 18 12:40:31 debianWebServer kernel: [    0.054371] NMI watchdog: disabled (cpu0): hardware events not enabled
Feb 18 12:40:31 debianWebServer kernel: [    0.054372] NMI watchdog: Shutting down hard lockup detector on all cpus
Feb 18 12:40:31 debianWebServer kernel: [    0.058202] x86: Booting SMP configuration:
Feb 18 12:40:31 debianWebServer kernel: [    0.058204] .... node  #0, CPUs:          #1
Feb 18 12:40:31 debianWebServer kernel: [    0.059215] Disabled fast string operations
Feb 18 12:40:31 debianWebServer kernel: [    0.059428] smpboot: CPU 1 Converting physical 2 to logical package 1
Feb 18 12:40:31 debianWebServer kernel: [    0.059657] x86: Booted up 1 node, 2 CPUs
Feb 18 12:40:31 debianWebServer kernel: [    0.059662] smpboot: Total of 2 processors activated (10848.01 BogoMIPS)
Feb 18 12:40:31 debianWebServer kernel: [    0.060425] devtmpfs: initialized
Feb 18 12:40:31 debianWebServer kernel: [    0.060512] x86/mm: Memory block size: 128MB
Feb 18 12:40:31 debianWebServer kernel: [    0.062787] PM: Registering ACPI NVS region [mem 0x3feff000-0x3fefffff] (4096 bytes)
Feb 18 12:40:31 debianWebServer kernel: [    0.062964] clocksource: jiffies: mask: 0xffffffff max_cycles: 0xffffffff, max_idle_ns: 7645041785100000 ns
Feb 18 12:40:31 debianWebServer kernel: [    0.063059] futex hash table entries: 32768 (order: 9, 2097152 bytes)
Feb 18 12:40:31 debianWebServer kernel: [    0.064081] pinctrl core: initialized pinctrl subsystem
Feb 18 12:40:31 debianWebServer kernel: [    0.064321] NET: Registered protocol family 16
Feb 18 12:40:31 debianWebServer kernel: [    0.074476] cpuidle: using governor ladder
Feb 18 12:40:31 debianWebServer kernel: [    0.086545] cpuidle: using governor menu
Feb 18 12:40:31 debianWebServer kernel: [    0.086589] Simple Boot Flag at 0x36 set to 0x80
Feb 18 12:40:31 debianWebServer kernel: [    0.086642] ACPI: bus type PCI registered
Feb 18 12:40:31 debianWebServer kernel: [    0.086645] acpiphp: ACPI Hot Plug PCI Controller Driver version: 0.5
Feb 18 12:40:31 debianWebServer kernel: [    0.086796] PCI: MMCONFIG for domain 0000 [bus 00-7f] at [mem 0xf0000000-0xf7ffffff] (base 0xf0000000)
Feb 18 12:40:31 debianWebServer kernel: [    0.086821] PCI: MMCONFIG at [mem 0xf0000000-0xf7ffffff] reserved in E820
Feb 18 12:40:31 debianWebServer kernel: [    0.086874] PCI: Using configuration type 1 for base access
Feb 18 12:40:31 debianWebServer kernel: [    0.087236] mtrr: your CPUs had inconsistent variable MTRR settings
Feb 18 12:40:31 debianWebServer kernel: [    0.087238] mtrr: probably your BIOS does not setup all CPUs.
Feb 18 12:40:31 debianWebServer kernel: [    0.087239] mtrr: corrected configuration.
Feb 18 12:40:31 debianWebServer kernel: [    0.099435] HugeTLB registered 1 GB page size, pre-allocated 0 pages
Feb 18 12:40:31 debianWebServer kernel: [    0.099437] HugeTLB registered 2 MB page size, pre-allocated 0 pages
Feb 18 12:40:31 debianWebServer kernel: [    0.102861] ACPI: Added _OSI(Module Device)
Feb 18 12:40:31 debianWebServer kernel: [    0.102863] ACPI: Added _OSI(Processor Device)
Feb 18 12:40:31 debianWebServer kernel: [    0.102864] ACPI: Added _OSI(3.0 _SCP Extensions)
Feb 18 12:40:31 debianWebServer kernel: [    0.102866] ACPI: Added _OSI(Processor Aggregator Device)
Feb 18 12:40:31 debianWebServer kernel: [    0.104032] ACPI: [Firmware Bug]: BIOS _OSI(Linux) query ignored
Feb 18 12:40:31 debianWebServer kernel: [    0.118879] ACPI: Interpreter enabled
Feb 18 12:40:31 debianWebServer kernel: [    0.118918] ACPI: (supports S0 S1 S4 S5)
Feb 18 12:40:31 debianWebServer kernel: [    0.118920] ACPI: Using IOAPIC for interrupt routing
Feb 18 12:40:31 debianWebServer kernel: [    0.118954] PCI: Using host bridge windows from ACPI; if necessary, use "pci=nocrs" and report a bug
Feb 18 12:40:31 debianWebServer kernel: [    0.184289] ACPI: PCI Root Bridge [PCI0] (domain 0000 [bus 00-7f])
Feb 18 12:40:31 debianWebServer kernel: [    0.184298] acpi PNP0A03:00: _OSC: OS supports [ExtendedConfig ASPM ClockPM Segments MSI]
Feb 18 12:40:31 debianWebServer kernel: [    0.184440] acpi PNP0A03:00: _OSC: platform does not support [AER]
Feb 18 12:40:31 debianWebServer kernel: [    0.184583] acpi PNP0A03:00: _OSC: OS now controls [PCIeHotplug PME PCIeCapability]
Feb 18 12:40:31 debianWebServer kernel: [    0.184726] PCI host bridge to bus 0000:00
Feb 18 12:40:31 debianWebServer kernel: [    0.184749] pci_bus 0000:00: root bus resource [mem 0x000a0000-0x000bffff window]
Feb 18 12:40:31 debianWebServer kernel: [    0.184752] pci_bus 0000:00: root bus resource [mem 0x000cc000-0x000cffff window]
Feb 18 12:40:31 debianWebServer kernel: [    0.184754] pci_bus 0000:00: root bus resource [mem 0x000d0000-0x000d3fff window]
Feb 18 12:40:31 debianWebServer kernel: [    0.184757] pci_bus 0000:00: root bus resource [mem 0x000d4000-0x000d7fff window]
Feb 18 12:40:31 debianWebServer kernel: [    0.184760] pci_bus 0000:00: root bus resource [mem 0x000d8000-0x000dbfff window]
Feb 18 12:40:31 debianWebServer kernel: [    0.184762] pci_bus 0000:00: root bus resource [mem 0x40000000-0xfebfffff window]
Feb 18 12:40:31 debianWebServer kernel: [    0.184766] pci_bus 0000:00: root bus resource [io  0x0000-0x0cf7 window]
Feb 18 12:40:31 debianWebServer kernel: [    0.184768] pci_bus 0000:00: root bus resource [io  0x0d00-0xfeff window]
Feb 18 12:40:31 debianWebServer kernel: [    0.184790] pci_bus 0000:00: root bus resource [bus 00-7f]
Feb 18 12:40:31 debianWebServer kernel: [    0.184918] pci 0000:00:00.0: [8086:7190] type 00 class 0x060000
Feb 18 12:40:31 debianWebServer kernel: [    0.185060] pci 0000:00:01.0: [8086:7191] type 01 class 0x060400
Feb 18 12:40:31 debianWebServer kernel: [    0.185203] pci 0000:00:07.0: [8086:7110] type 00 class 0x060100
Feb 18 12:40:31 debianWebServer kernel: [    0.185346] pci 0000:00:07.1: [8086:7111] type 00 class 0x01018a
Feb 18 12:40:31 debianWebServer kernel: [    0.187388] pci 0000:00:07.1: reg 0x20: [io  0x1060-0x106f]
Feb 18 12:40:31 debianWebServer kernel: [    0.187531] pci 0000:00:07.1: legacy IDE quirk: reg 0x10: [io  0x01f0-0x01f7]
Feb 18 12:40:31 debianWebServer kernel: [    0.187541] pci 0000:00:07.1: legacy IDE quirk: reg 0x14: [io  0x03f6]
Feb 18 12:40:31 debianWebServer kernel: [    0.187543] pci 0000:00:07.1: legacy IDE quirk: reg 0x18: [io  0x0170-0x0177]
Feb 18 12:40:31 debianWebServer kernel: [    0.187545] pci 0000:00:07.1: legacy IDE quirk: reg 0x1c: [io  0x0376]
Feb 18 12:40:31 debianWebServer kernel: [    0.187688] pci 0000:00:07.3: [8086:7113] type 00 class 0x068000
Feb 18 12:40:31 debianWebServer kernel: [    0.188321] pci 0000:00:07.3: quirk: [io  0x1000-0x103f] claimed by PIIX4 ACPI
Feb 18 12:40:31 debianWebServer kernel: [    0.188336] pci 0000:00:07.3: quirk: [io  0x1040-0x104f] claimed by PIIX4 SMB
Feb 18 12:40:31 debianWebServer kernel: [    0.188479] pci 0000:00:07.7: [15ad:0740] type 00 class 0x088000
Feb 18 12:40:31 debianWebServer kernel: [    0.188622] pci 0000:00:07.7: reg 0x10: [io  0x1080-0x10bf]
Feb 18 12:40:31 debianWebServer kernel: [    0.188764] pci 0000:00:07.7: reg 0x14: [mem 0xfebfe000-0xfebfffff 64bit]
Feb 18 12:40:31 debianWebServer kernel: [    0.192474] pci 0000:00:0f.0: [15ad:0405] type 00 class 0x030000
Feb 18 12:40:31 debianWebServer kernel: [    0.195282] pci 0000:00:0f.0: reg 0x10: [io  0x1070-0x107f]
Feb 18 12:40:31 debianWebServer kernel: [    0.196476] pci 0000:00:0f.0: reg 0x14: [mem 0xe8000000-0xefffffff pref]
Feb 18 12:40:31 debianWebServer kernel: [    0.196618] pci 0000:00:0f.0: reg 0x18: [mem 0xfe000000-0xfe7fffff]
Feb 18 12:40:31 debianWebServer kernel: [    0.204508] pci 0000:00:0f.0: reg 0x30: [mem 0x00000000-0x00007fff pref]
Feb 18 12:40:31 debianWebServer kernel: [    0.204651] pci 0000:00:10.0: [1000:0030] type 00 class 0x010000
Feb 18 12:40:31 debianWebServer kernel: [    0.204793] pci 0000:00:10.0: reg 0x10: [io  0x1400-0x14ff]
Feb 18 12:40:31 debianWebServer kernel: [    0.204936] pci 0000:00:10.0: reg 0x14: [mem 0xfeba0000-0xfebbffff 64bit]
Feb 18 12:40:31 debianWebServer kernel: [    0.205079] pci 0000:00:10.0: reg 0x1c: [mem 0xfebc0000-0xfebdffff 64bit]
Feb 18 12:40:31 debianWebServer kernel: [    0.207339] pci 0000:00:10.0: reg 0x30: [mem 0x00000000-0x00003fff pref]
Feb 18 12:40:31 debianWebServer kernel: [    0.207481] pci 0000:00:11.0: [15ad:0790] type 01 class 0x060401
Feb 18 12:40:31 debianWebServer kernel: [    0.207624] pci 0000:00:11.0: System wakeup disabled by ACPI
Feb 18 12:40:31 debianWebServer kernel: [    0.207767] pci 0000:00:15.0: [15ad:07a0] type 01 class 0x060400
Feb 18 12:40:31 debianWebServer kernel: [    0.207843] pci 0000:00:15.0: PME# supported from D0 D3hot D3cold
Feb 18 12:40:31 debianWebServer kernel: [    0.207909] pci 0000:00:15.0: System wakeup disabled by ACPI
Feb 18 12:40:31 debianWebServer kernel: [    0.207967] pci 0000:00:15.1: [15ad:07a0] type 01 class 0x060400
Feb 18 12:40:31 debianWebServer kernel: [    0.208517] pci 0000:00:15.1: PME# supported from D0 D3hot D3cold
Feb 18 12:40:31 debianWebServer kernel: [    0.208660] pci 0000:00:15.1: System wakeup disabled by ACPI
Feb 18 12:40:31 debianWebServer kernel: [    0.208803] pci 0000:00:15.2: [15ad:07a0] type 01 class 0x060400
Feb 18 12:40:31 debianWebServer kernel: [    0.208946] pci 0000:00:15.2: PME# supported from D0 D3hot D3cold
Feb 18 12:40:31 debianWebServer kernel: [    0.209088] pci 0000:00:15.2: System wakeup disabled by ACPI
Feb 18 12:40:31 debianWebServer kernel: [    0.209231] pci 0000:00:15.3: [15ad:07a0] type 01 class 0x060400
Feb 18 12:40:31 debianWebServer kernel: [    0.209374] pci 0000:00:15.3: PME# supported from D0 D3hot D3cold
Feb 18 12:40:31 debianWebServer kernel: [    0.209516] pci 0000:00:15.3: System wakeup disabled by ACPI
Feb 18 12:40:31 debianWebServer kernel: [    0.209659] pci 0000:00:15.4: [15ad:07a0] type 01 class 0x060400
Feb 18 12:40:31 debianWebServer kernel: [    0.209802] pci 0000:00:15.4: PME# supported from D0 D3hot D3cold
Feb 18 12:40:31 debianWebServer kernel: [    0.209944] pci 0000:00:15.4: System wakeup disabled by ACPI
Feb 18 12:40:31 debianWebServer kernel: [    0.210087] pci 0000:00:15.5: [15ad:07a0] type 01 class 0x060400
Feb 18 12:40:31 debianWebServer kernel: [    0.210230] pci 0000:00:15.5: PME# supported from D0 D3hot D3cold
Feb 18 12:40:31 debianWebServer kernel: [    0.210372] pci 0000:00:15.5: System wakeup disabled by ACPI
Feb 18 12:40:31 debianWebServer kernel: [    0.210515] pci 0000:00:15.6: [15ad:07a0] type 01 class 0x060400
Feb 18 12:40:31 debianWebServer kernel: [    0.211502] pci 0000:00:15.6: PME# supported from D0 D3hot D3cold
Feb 18 12:40:31 debianWebServer kernel: [    0.211645] pci 0000:00:15.6: System wakeup disabled by ACPI
Feb 18 12:40:31 debianWebServer kernel: [    0.211788] pci 0000:00:15.7: [15ad:07a0] type 01 class 0x060400
Feb 18 12:40:31 debianWebServer kernel: [    0.211864] pci 0000:00:15.7: PME# supported from D0 D3hot D3cold
Feb 18 12:40:31 debianWebServer kernel: [    0.212512] pci 0000:00:15.7: System wakeup disabled by ACPI
Feb 18 12:40:31 debianWebServer kernel: [    0.212655] pci 0000:00:16.0: [15ad:07a0] type 01 class 0x060400
Feb 18 12:40:31 debianWebServer kernel: [    0.212797] pci 0000:00:16.0: PME# supported from D0 D3hot D3cold
Feb 18 12:40:31 debianWebServer kernel: [    0.212940] pci 0000:00:16.0: System wakeup disabled by ACPI
Feb 18 12:40:31 debianWebServer kernel: [    0.213083] pci 0000:00:16.1: [15ad:07a0] type 01 class 0x060400
Feb 18 12:40:31 debianWebServer kernel: [    0.213225] pci 0000:00:16.1: PME# supported from D0 D3hot D3cold
Feb 18 12:40:31 debianWebServer kernel: [    0.213368] pci 0000:00:16.1: System wakeup disabled by ACPI
Feb 18 12:40:31 debianWebServer kernel: [    0.213511] pci 0000:00:16.2: [15ad:07a0] type 01 class 0x060400
Feb 18 12:40:31 debianWebServer kernel: [    0.213653] pci 0000:00:16.2: PME# supported from D0 D3hot D3cold
Feb 18 12:40:31 debianWebServer kernel: [    0.213796] pci 0000:00:16.2: System wakeup disabled by ACPI
Feb 18 12:40:31 debianWebServer kernel: [    0.213939] pci 0000:00:16.3: [15ad:07a0] type 01 class 0x060400
Feb 18 12:40:31 debianWebServer kernel: [    0.214082] pci 0000:00:16.3: PME# supported from D0 D3hot D3cold
Feb 18 12:40:31 debianWebServer kernel: [    0.214224] pci 0000:00:16.3: System wakeup disabled by ACPI
Feb 18 12:40:31 debianWebServer kernel: [    0.214367] pci 0000:00:16.4: [15ad:07a0] type 01 class 0x060400
Feb 18 12:40:31 debianWebServer kernel: [    0.214510] pci 0000:00:16.4: PME# supported from D0 D3hot D3cold
Feb 18 12:40:31 debianWebServer kernel: [    0.214652] pci 0000:00:16.4: System wakeup disabled by ACPI
Feb 18 12:40:31 debianWebServer kernel: [    0.214795] pci 0000:00:16.5: [15ad:07a0] type 01 class 0x060400
Feb 18 12:40:31 debianWebServer kernel: [    0.215528] pci 0000:00:16.5: PME# supported from D0 D3hot D3cold
Feb 18 12:40:31 debianWebServer kernel: [    0.215670] pci 0000:00:16.5: System wakeup disabled by ACPI
Feb 18 12:40:31 debianWebServer kernel: [    0.215813] pci 0000:00:16.6: [15ad:07a0] type 01 class 0x060400
Feb 18 12:40:31 debianWebServer kernel: [    0.215889] pci 0000:00:16.6: PME# supported from D0 D3hot D3cold
Feb 18 12:40:31 debianWebServer kernel: [    0.216530] pci 0000:00:16.6: System wakeup disabled by ACPI
Feb 18 12:40:31 debianWebServer kernel: [    0.216673] pci 0000:00:16.7: [15ad:07a0] type 01 class 0x060400
Feb 18 12:40:31 debianWebServer kernel: [    0.216816] pci 0000:00:16.7: PME# supported from D0 D3hot D3cold
Feb 18 12:40:31 debianWebServer kernel: [    0.216958] pci 0000:00:16.7: System wakeup disabled by ACPI
Feb 18 12:40:31 debianWebServer kernel: [    0.217101] pci 0000:00:17.0: [15ad:07a0] type 01 class 0x060400
Feb 18 12:40:31 debianWebServer kernel: [    0.217244] pci 0000:00:17.0: PME# supported from D0 D3hot D3cold
Feb 18 12:40:31 debianWebServer kernel: [    0.217386] pci 0000:00:17.0: System wakeup disabled by ACPI
Feb 18 12:40:31 debianWebServer kernel: [    0.217529] pci 0000:00:17.1: [15ad:07a0] type 01 class 0x060400
Feb 18 12:40:31 debianWebServer kernel: [    0.217672] pci 0000:00:17.1: PME# supported from D0 D3hot D3cold
Feb 18 12:40:31 debianWebServer kernel: [    0.217814] pci 0000:00:17.1: System wakeup disabled by ACPI
Feb 18 12:40:31 debianWebServer kernel: [    0.217957] pci 0000:00:17.2: [15ad:07a0] type 01 class 0x060400
Feb 18 12:40:31 debianWebServer kernel: [    0.218100] pci 0000:00:17.2: PME# supported from D0 D3hot D3cold
Feb 18 12:40:31 debianWebServer kernel: [    0.218243] pci 0000:00:17.2: System wakeup disabled by ACPI
